Archive member included to satisfy reference by file (symbol)

/usr/local/bin/../lib/gcc/arm-none-eabi/10.2.1/thumb/v7e-m+fp/hard/libgcc.a(_arm_muldf3.o)
                              build/adc_example.o (__aeabi_dmul)
/usr/local/bin/../lib/gcc/arm-none-eabi/10.2.1/thumb/v7e-m+fp/hard/libgcc.a(_arm_addsubdf3.o)
                              build/adc_example.o (__aeabi_ui2d)
/usr/local/bin/../lib/gcc/arm-none-eabi/10.2.1/thumb/v7e-m+fp/hard/libgcc.a(_arm_fixdfsi.o)
                              build/adc_example.o (__aeabi_d2iz)
/usr/local/bin/../lib/gcc/arm-none-eabi/10.2.1/thumb/v7e-m+fp/hard/libgcc.a(_aeabi_ldivmod.o)
                              build/cubemx_stm32f411/Drivers/STM32F4xx_HAL_Driver/Src/stm32f4xx_hal_rcc.o (__aeabi_ldivmod)
/usr/local/bin/../lib/gcc/arm-none-eabi/10.2.1/thumb/v7e-m+fp/hard/libgcc.a(_aeabi_uldivmod.o)
                              build/cubemx_stm32f411/Drivers/STM32F4xx_HAL_Driver/Src/stm32f4xx_hal_rcc.o (__aeabi_uldivmod)
/usr/local/bin/../lib/gcc/arm-none-eabi/10.2.1/thumb/v7e-m+fp/hard/libgcc.a(_udivmoddi4.o)
                              /usr/local/bin/../lib/gcc/arm-none-eabi/10.2.1/thumb/v7e-m+fp/hard/libgcc.a(_aeabi_ldivmod.o) (__udivmoddi4)
/usr/local/bin/../lib/gcc/arm-none-eabi/10.2.1/thumb/v7e-m+fp/hard/libgcc.a(_dvmd_tls.o)
                              /usr/local/bin/../lib/gcc/arm-none-eabi/10.2.1/thumb/v7e-m+fp/hard/libgcc.a(_aeabi_ldivmod.o) (__aeabi_ldiv0)
/usr/local/bin/../lib/gcc/arm-none-eabi/10.2.1/../../../../arm-none-eabi/lib/thumb/v7e-m+fp/hard/libg_nano.a(lib_a-ctype_.o)
                              build/monitor/parser.o (_ctype_)
/usr/local/bin/../lib/gcc/arm-none-eabi/10.2.1/../../../../arm-none-eabi/lib/thumb/v7e-m+fp/hard/libg_nano.a(lib_a-errno.o)
                              build/syscall.o (__errno)
/usr/local/bin/../lib/gcc/arm-none-eabi/10.2.1/../../../../arm-none-eabi/lib/thumb/v7e-m+fp/hard/libg_nano.a(lib_a-exit.o)
                              /usr/local/bin/../lib/gcc/arm-none-eabi/10.2.1/../../../../arm-none-eabi/lib/thumb/v7e-m+fp/hard/crt0.o (exit)
/usr/local/bin/../lib/gcc/arm-none-eabi/10.2.1/../../../../arm-none-eabi/lib/thumb/v7e-m+fp/hard/libg_nano.a(lib_a-fflush.o)
                              build/adc_example.o (fflush)
/usr/local/bin/../lib/gcc/arm-none-eabi/10.2.1/../../../../arm-none-eabi/lib/thumb/v7e-m+fp/hard/libg_nano.a(lib_a-findfp.o)
                              /usr/local/bin/../lib/gcc/arm-none-eabi/10.2.1/../../../../arm-none-eabi/lib/thumb/v7e-m+fp/hard/libg_nano.a(lib_a-fflush.o) (__sinit)
/usr/local/bin/../lib/gcc/arm-none-eabi/10.2.1/../../../../arm-none-eabi/lib/thumb/v7e-m+fp/hard/libg_nano.a(lib_a-fwalk.o)
                              /usr/local/bin/../lib/gcc/arm-none-eabi/10.2.1/../../../../arm-none-eabi/lib/thumb/v7e-m+fp/hard/libg_nano.a(lib_a-findfp.o) (_fwalk)
/usr/local/bin/../lib/gcc/arm-none-eabi/10.2.1/../../../../arm-none-eabi/lib/thumb/v7e-m+fp/hard/libg_nano.a(lib_a-impure.o)
                              /usr/local/bin/../lib/gcc/arm-none-eabi/10.2.1/../../../../arm-none-eabi/lib/thumb/v7e-m+fp/hard/libg_nano.a(lib_a-exit.o) (_global_impure_ptr)
/usr/local/bin/../lib/gcc/arm-none-eabi/10.2.1/../../../../arm-none-eabi/lib/thumb/v7e-m+fp/hard/libg_nano.a(lib_a-init.o)
                              /usr/local/bin/../lib/gcc/arm-none-eabi/10.2.1/../../../../arm-none-eabi/lib/thumb/v7e-m+fp/hard/crt0.o (__libc_init_array)
/usr/local/bin/../lib/gcc/arm-none-eabi/10.2.1/../../../../arm-none-eabi/lib/thumb/v7e-m+fp/hard/libg_nano.a(lib_a-lock.o)
                              /usr/local/bin/../lib/gcc/arm-none-eabi/10.2.1/../../../../arm-none-eabi/lib/thumb/v7e-m+fp/hard/libg_nano.a(lib_a-findfp.o) (__retarget_lock_init_recursive)
/usr/local/bin/../lib/gcc/arm-none-eabi/10.2.1/../../../../arm-none-eabi/lib/thumb/v7e-m+fp/hard/libg_nano.a(lib_a-memset.o)
                              /usr/local/bin/../lib/gcc/arm-none-eabi/10.2.1/../../../../arm-none-eabi/lib/thumb/v7e-m+fp/hard/crt0.o (memset)
/usr/local/bin/../lib/gcc/arm-none-eabi/10.2.1/../../../../arm-none-eabi/lib/thumb/v7e-m+fp/hard/libg_nano.a(lib_a-nano-freer.o)
                              /usr/local/bin/../lib/gcc/arm-none-eabi/10.2.1/../../../../arm-none-eabi/lib/thumb/v7e-m+fp/hard/libg_nano.a(lib_a-fflush.o) (_free_r)
/usr/local/bin/../lib/gcc/arm-none-eabi/10.2.1/../../../../arm-none-eabi/lib/thumb/v7e-m+fp/hard/libg_nano.a(lib_a-nano-mallocr.o)
                              /usr/local/bin/../lib/gcc/arm-none-eabi/10.2.1/../../../../arm-none-eabi/lib/thumb/v7e-m+fp/hard/libg_nano.a(lib_a-findfp.o) (_malloc_r)
/usr/local/bin/../lib/gcc/arm-none-eabi/10.2.1/../../../../arm-none-eabi/lib/thumb/v7e-m+fp/hard/libg_nano.a(lib_a-nano-vfprintf_float.o)
                              (_printf_float)
/usr/local/bin/../lib/gcc/arm-none-eabi/10.2.1/../../../../arm-none-eabi/lib/thumb/v7e-m+fp/hard/libg_nano.a(lib_a-nano-vfprintf_i.o)
[...]
Memory Configuration

Name             Origin             Length             Attributes
RAM              0x0000000020000000 0x0000000000020000 xrw
FLASH            0x0000000008000000 0x0000000000080000 xr
*default*        0x0000000000000000 0xffffffffffffffff

Linker script and memory map

LOAD /usr/local/bin/../lib/gcc/arm-none-eabi/10.2.1/thumb/v7e-m+fp/hard/crti.o
LOAD /usr/local/bin/../lib/gcc/arm-none-eabi/10.2.1/thumb/v7e-m+fp/hard/crtbegin.o
LOAD /usr/local/bin/../lib/gcc/arm-none-eabi/10.2.1/../../../../arm-none-eabi/lib/thumb/v7e-m+fp/hard/crt0.o
LOAD build/my_main.o
LOAD build/mycode.o
LOAD build/mytest.o
LOAD build/adc_example.o
LOAD build/monitor/decoder/STM32F411.o
LOAD build/cubemx_stm32f411/startup_stm32f411xe.o
LOAD build/syscall.o
LOAD build/monitor/monitor.o
LOAD build/monitor/parser.o
LOAD build/monitor/dump.o
LOAD build/monitor/terminal.o
LOAD build/monitor/wdog.o
LOAD build/monitor/tasking.o
LOAD build/monitor/default.o
LOAD build/monitor/decoder/decoder.o
LOAD build/cubemx_stm32f411/Core/Src/main.o
LOAD build/cubemx_stm32f411/Core/Src/stm32f4xx_it.o
LOAD build/cubemx_stm32f411/Core/Src/stm32f4xx_hal_msp.o
LOAD build/cubemx_stm32f411/Core/Src/system_stm32f4xx.o
LOAD build/cubemx_stm32f411/Drivers/STM32F4xx_HAL_Driver/Src/stm32f4xx_hal_rcc.o
LOAD build/cubemx_stm32f411/Drivers/STM32F4xx_HAL_Driver/Src/stm32f4xx_hal_rcc_ex.o
LOAD build/cubemx_stm32f411/Drivers/STM32F4xx_HAL_Driver/Src/stm32f4xx_hal.o
LOAD build/cubemx_stm32f411/Drivers/STM32F4xx_HAL_Driver/Src/stm32f4xx_hal_cortex.o
LOAD build/cubemx_stm32f411/Drivers/STM32F4xx_HAL_Driver/Src/stm32f4xx_hal_uart.o
LOAD build/cubemx_stm32f411/Drivers/STM32F4xx_HAL_Driver/Src/stm32f4xx_hal_gpio.o
LOAD build/cubemx_stm32f411/Drivers/STM32F4xx_HAL_Driver/Src/stm32f4xx_hal_iwdg.o
LOAD build/cubemx_stm32f411/Drivers/STM32F4xx_HAL_Driver/Src/stm32f4xx_hal_rtc.o
LOAD build/cubemx_stm32f411/Drivers/STM32F4xx_HAL_Driver/Src/stm32f4xx_hal_rtc_ex.o
LOAD build/cubemx_stm32f411/Drivers/STM32F4xx_HAL_Driver/Src/stm32f4xx_hal_adc.o
LOAD build/cubemx_stm32f411/Drivers/STM32F4xx_HAL_Driver/Src/stm32f4xx_hal_adc_ex.o
LOAD build/cubemx_stm32f411/Drivers/STM32F4xx_HAL_Driver/Src/stm32f4xx_hal_dac.o
LOAD build/cubemx_stm32f411/Drivers/STM32F4xx_HAL_Driver/Src/stm32f4xx_hal_dac_ex.o
LOAD build/cubemx_stm32f411/Drivers/STM32F4xx_HAL_Driver/Src/stm32f4xx_hal_tim.o
LOAD build/cubemx_stm32f411/Drivers/STM32F4xx_HAL_Driver/Src/stm32f4xx_hal_tim_ex.o
LOAD build/cubemx_stm32f411/Drivers/STM32F4xx_HAL_Driver/Src/stm32f4xx_hal_flash.o
LOAD build/cubemx_stm32f411/Drivers/STM32F4xx_HAL_Driver/Src/stm32f4xx_hal_flash_ex.o
LOAD build/cubemx_stm32f411/Drivers/STM32F4xx_HAL_Driver/Src/stm32f4xx_hal_pwr.o
LOAD build/cubemx_stm32f411/Drivers/STM32F4xx_HAL_Driver/Src/stm32f4xx_hal_pwr_ex.o
LOAD build/version.o
START GROUP
LOAD /usr/local/bin/../lib/gcc/arm-none-eabi/10.2.1/thumb/v7e-m+fp/hard/libgcc.a
LOAD /usr/local/bin/../lib/gcc/arm-none-eabi/10.2.1/../../../../arm-none-eabi/lib/thumb/v7e-m+fp/hard/libg_nano.a
LOAD /usr/local/bin/../lib/gcc/arm-none-eabi/10.2.1/../../../../arm-none-eabi/lib/thumb/v7e-m+fp/hard/libc_nano.a
END GROUP
START GROUP
LOAD /usr/local/bin/../lib/gcc/arm-none-eabi/10.2.1/thumb/v7e-m+fp/hard/libgcc.a
LOAD /usr/local/bin/../lib/gcc/arm-none-eabi/10.2.1/../../../../arm-none-eabi/lib/thumb/v7e-m+fp/hard/libc_nano.a
END GROUP
LOAD /usr/local/bin/../lib/gcc/arm-none-eabi/10.2.1/thumb/v7e-m+fp/hard/crtend.o
LOAD /usr/local/bin/../lib/gcc/arm-none-eabi/10.2.1/thumb/v7e-m+fp/hard/crtn.o
                0x0000000020020000                _estack = 0x20020000
                0x0000000000000200                _Min_Heap_Size = 0x200
                0x0000000000000400                _Min_Stack_Size = 0x400

.isr_vector     0x0000000008000000      0x198
                0x0000000008000000                . = ALIGN (0x4)
 *(.isr_vector)
 .isr_vector    0x0000000008000000      0x198 build/cubemx_stm32f411/startup_stm32f411xe.o
                0x0000000008000000                g_pfnVectors
                0x0000000008000198                . = ALIGN (0x4)

.text           0x00000000080001a0     0x643c
                0x00000000080001a0                . = ALIGN (0x4)
 *(.text)
 .text          0x00000000080001a0       0x40 /usr/local/bin/../lib/gcc/arm-none-eabi/10.2.1/thumb/v7e-m+fp/hard/crtbegin.o
 .text          0x00000000080001e0       0x34 build/mycode.o
                0x00000000080001e0                mytest
                0x00000000080001f4                my_Tick
                0x0000000008000208                my_Loop
                0x000000000800020c                my_Init
 .text          0x0000000008000214      0x378 /usr/local/bin/../lib/gcc/arm-none-eabi/10.2.1/thumb/v7e-m+fp/hard/libgcc.a(_arm_addsubdf3.o)
                0x0000000008000214                __aeabi_drsub
                0x000000000800021c                __aeabi_dsub
                0x000000000800021c                __subdf3
                0x0000000008000220                __adddf3
                0x0000000008000220                __aeabi_dadd
                0x0000000008000498                __aeabi_ui2d
                0x0000000008000498                __floatunsidf
                0x00000000080004b8                __floatsidf
                0x00000000080004b8                __aeabi_i2d
                0x00000000080004dc                __extendsfdf2
                0x00000000080004dc                __aeabi_f2d
                0x0000000008000520                __aeabi_ul2d
                0x0000000008000520                __floatundidf
                0x0000000008000530                __floatdidf
                0x0000000008000530                __aeabi_l2d
 .text          0x000000000800058c       0x50 /usr/local/bin/../lib/gcc/arm-none-eabi/10.2.1/thumb/v7e-m+fp/hard/libgcc.a(_arm_fixdfsi.o)
                0x000000000800058c                __fixdfsi
                0x000000000800058c                __aeabi_d2iz
 .text          0x00000000080005dc       0x30 /usr/local/bin/../lib/gcc/arm-none-eabi/10.2.1/thumb/v7e-m+fp/hard/libgcc.a(_aeabi_uldivmod.o)
                0x00000000080005dc                __aeabi_uldivmod
 .text          0x000000000800060c      0x2d0 /usr/local/bin/../lib/gcc/arm-none-eabi/10.2.1/thumb/v7e-m+fp/hard/libgcc.a(_udivmoddi4.o)
                0x000000000800060c                __udivmoddi4
 .text          0x00000000080008dc        0x4 /usr/local/bin/../lib/gcc/arm-none-eabi/10.2.1/thumb/v7e-m+fp/hard/libgcc.a(_dvmd_tls.o)
                0x00000000080008dc                __aeabi_ldiv0
                0x00000000080008dc                __aeabi_idiv0
 .text          0x00000000080008e0       0x10 /usr/local/bin/../lib/gcc/arm-none-eabi/10.2.1/../../../../arm-none-eabi/lib/thumb/v7e-m+fp/hard/libg_nano.a(lib_a-strlen.o)
                0x00000000080008e0                strlen
 .text          0x00000000080008f0       0xa0 /usr/local/bin/../lib/gcc/arm-none-eabi/10.2.1/../../../../arm-none-eabi/lib/thumb/v7e-m+fp/hard/libg_nano.a(lib_a-memchr.o)
                0x00000000080008f0                memchr
 .text          0x0000000008000990      0x424 /usr/local/bin/../lib/gcc/arm-none-eabi/10.2.1/thumb/v7e-m+fp/hard/libgcc.a(_arm_muldivdf3.o)
                0x0000000008000990                __aeabi_dmul
                0x0000000008000990                __muldf3
                0x0000000008000be4                __aeabi_ddiv
                0x0000000008000be4                __divdf3
 .text          0x0000000008000db4      0x110 /usr/local/bin/../lib/gcc/arm-none-eabi/10.2.1/thumb/v7e-m+fp/hard/libgcc.a(_arm_cmpdf2.o)
                0x0000000008000db4                __gtdf2
                0x0000000008000db4                __gedf2
                0x0000000008000dbc                __ltdf2
                0x0000000008000dbc                __ledf2
                0x0000000008000dc4                __cmpdf2
                0x0000000008000dc4                __eqdf2
                0x0000000008000dc4                __nedf2
                0x0000000008000e40                __aeabi_cdrcmple
                0x0000000008000e50                __aeabi_cdcmple
                0x0000000008000e50                __aeabi_cdcmpeq
                0x0000000008000e60                __aeabi_dcmpeq
                0x0000000008000e74                __aeabi_dcmplt
                0x0000000008000e88                __aeabi_dcmple
                0x0000000008000e9c                __aeabi_dcmpge
                0x0000000008000eb0                __aeabi_dcmpgt
 .text          0x0000000008000ec4       0x2c /usr/local/bin/../lib/gcc/arm-none-eabi/10.2.1/thumb/v7e-m+fp/hard/libgcc.a(_arm_unorddf2.o)
                0x0000000008000ec4                __aeabi_dcmpun
                0x0000000008000ec4                __unorddf2
 *(.text*)
 .text.CmdLed   0x0000000008000ef0       0x50 build/my_main.o
                0x0000000008000ef0                CmdLed
 .text.my_init  0x0000000008000f40       0x16 build/my_main.o
                0x0000000008000f40                my_init
 .text.my_main  0x0000000008000f56       0x12 build/my_main.o
                0x0000000008000f56                my_main
 .text.CmdTest  0x0000000008000f68       0x2c build/mytest.o
                0x0000000008000f68                CmdTest
 .text.USR_LED_Toggle
                0x0000000008000f94       0x14 build/mytest.o
                0x0000000008000f94                USR_LED_Toggle
 .text.printProgress
                0x0000000008000fa8       0x5c build/adc_example.o
                0x0000000008000fa8                printProgress
 .text.ADCInit  0x0000000008001004       0x9c build/adc_example.o
                0x0000000008001004                ADCInit
 .text.getReadingFromAdc
                0x00000000080010a0       0x84 build/adc_example.o
                0x00000000080010a0                getReadingFromAdc
 *fill*         0x0000000008001124        0x4 
 .text.AdcEvent
                0x0000000008001128       0x7c build/adc_example.o
                0x0000000008001128                AdcEvent
 .text.Reset_Handler
                0x00000000080011a4       0x50 build/cubemx_stm32f411/startup_stm32f411xe.o
                0x00000000080011a4                Reset_Handler
 .text.Default_Handler
                0x00000000080011f4        0x6 build/cubemx_stm32f411/startup_stm32f411xe.o
                0x00000000080011f4                RTC_Alarm_IRQHandler
                0x00000000080011f4                EXTI2_IRQHandler
                0x00000000080011f4                SPI4_IRQHandler
                0x00000000080011f4                TIM1_CC_IRQHandler
                0x00000000080011f4                DMA2_Stream5_IRQHandler
                0x00000000080011f4                DMA1_Stream5_IRQHandler
                0x00000000080011f4                PVD_IRQHandler
                0x00000000080011f4                SDIO_IRQHandler
                0x00000000080011f4                TAMP_STAMP_IRQHandler
                0x00000000080011f4                EXTI3_IRQHandler
                0x00000000080011f4                TIM1_UP_TIM10_IRQHandler
                0x00000000080011f4                I2C3_ER_IRQHandler
                0x00000000080011f4                EXTI0_IRQHandler
                0x00000000080011f4                I2C2_EV_IRQHandler
                0x00000000080011f4                DMA1_Stream2_IRQHandler
                0x00000000080011f4                FPU_IRQHandler
                0x00000000080011f4                DMA2_Stream2_IRQHandler
                0x00000000080011f4                SPI1_IRQHandler
                0x00000000080011f4                TIM1_BRK_TIM9_IRQHandler
                0x00000000080011f4                DMA2_Stream3_IRQHandler
                0x00000000080011f4                USART6_IRQHandler
                0x00000000080011f4                DMA2_Stream0_IRQHandler
                0x00000000080011f4                TIM4_IRQHandler
                0x00000000080011f4                I2C1_EV_IRQHandler
                0x00000000080011f4                DMA1_Stream6_IRQHandler
                0x00000000080011f4                DMA1_Stream1_IRQHandler
                0x00000000080011f4                TIM3_IRQHandler
                0x00000000080011f4                RCC_IRQHandler
                0x00000000080011f4                Default_Handler
                0x00000000080011f4                EXTI15_10_IRQHandler
                0x00000000080011f4                ADC_IRQHandler
                0x00000000080011f4                DMA1_Stream7_IRQHandler
                0x00000000080011f4                SPI5_IRQHandler
                0x00000000080011f4                TIM5_IRQHandler
                0x00000000080011f4                DMA2_Stream7_IRQHandler
                0x00000000080011f4                I2C3_EV_IRQHandler
                0x00000000080011f4                EXTI9_5_IRQHandler
                0x00000000080011f4                RTC_WKUP_IRQHandler
                0x00000000080011f4                SPI2_IRQHandler
                0x00000000080011f4                DMA1_Stream0_IRQHandler
                0x00000000080011f4                EXTI4_IRQHandler
                0x00000000080011f4                WWDG_IRQHandler
                0x00000000080011f4                TIM2_IRQHandler
                0x00000000080011f4                OTG_FS_WKUP_IRQHandler
                0x00000000080011f4                TIM1_TRG_COM_TIM11_IRQHandler
                0x00000000080011f4                EXTI1_IRQHandler
                0x00000000080011f4                I2C2_ER_IRQHandler
                0x00000000080011f4                DMA2_Stream1_IRQHandler
                0x00000000080011f4                FLASH_IRQHandler
                0x00000000080011f4                DMA2_Stream4_IRQHandler
                0x00000000080011f4                USART1_IRQHandler
                0x00000000080011f4                OTG_FS_IRQHandler
                0x00000000080011f4                SPI3_IRQHandler
                0x00000000080011f4                DMA1_Stream4_IRQHandler
                0x00000000080011f4                I2C1_ER_IRQHandler
                0x00000000080011f4                DMA2_Stream6_IRQHandler
                0x00000000080011f4                DMA1_Stream3_IRQHandler
 *fill*         0x00000000080011fa        0x2 
 .text._sbrk_r  0x00000000080011fc       0x30 build/syscall.o
                0x00000000080011fc                _sbrk_r
 .text._close_r
                0x000000000800122c        0x4 build/syscall.o
                0x000000000800122c                _close_r
 .text._fstat_r
                0x0000000008001230        0xa build/syscall.o
                0x0000000008001230                _fstat_r
 .text._isatty_r
                0x000000000800123a        0x4 build/syscall.o
                0x000000000800123a                _isatty_r
 .text._lseek_r
                0x000000000800123e        0x4 build/syscall.o
                0x000000000800123e                _lseek_r
 .text._read_r  0x0000000008001242        0xa build/syscall.o
                0x0000000008001242                _read_r
 .text._write_r
                0x000000000800124c       0x40 build/syscall.o
                0x000000000800124c                _write_r
 .text._kill    0x000000000800128c        0x6 build/syscall.o
                0x000000000800128c                _kill
 .text._exit    0x0000000008001292        0x2 build/syscall.o
                0x0000000008001292                _exit
 .text._getpid  0x0000000008001294        0x4 build/syscall.o
                0x0000000008001294                _getpid
 .text.CmdW     0x0000000008001298       0x1e build/monitor/monitor.o
                0x0000000008001298                CmdW
 *fill*         0x00000000080012b6        0x2 
 .text.CmdR     0x00000000080012b8       0x70 build/monitor/monitor.o
                0x00000000080012b8                CmdR
 .text.parse    0x0000000008001328      0x110 build/monitor/parser.o
                0x0000000008001328                parse
 .text.TaskInput
                0x0000000008001438      0x138 build/monitor/parser.o
                0x0000000008001438                TaskInput
 .text.fetch_uint32_arg
                0x0000000008001570       0x3c build/monitor/parser.o
                0x0000000008001570                fetch_uint32_arg
 .text.fetch_string_arg
                0x00000000080015ac       0x30 build/monitor/parser.o
                0x00000000080015ac                fetch_string_arg
 .text.fetch_cmd_args
                0x00000000080015dc       0x10 build/monitor/parser.o
                0x00000000080015dc                fetch_cmd_args
 .text.DumpBuffer
                0x00000000080015ec       0xb0 build/monitor/dump.o
                0x00000000080015ec                DumpBuffer
 .text.CmdDump  0x000000000800169c       0x54 build/monitor/dump.o
                0x000000000800169c                CmdDump
 .text.CmdStats
                0x00000000080016f0       0x68 build/monitor/terminal.o
                0x00000000080016f0                CmdStats
 .text.CmdTransparent
                0x0000000008001758       0x44 build/monitor/terminal.o
                0x0000000008001758                CmdTransparent
 .text.TerminalInit
                0x000000000800179c       0x4c build/monitor/terminal.o
                0x000000000800179c                TerminalInit
 .text.TerminalRead
                0x00000000080017e8       0x4c build/monitor/terminal.o
                0x00000000080017e8                TerminalRead
 .text.CmdReceive
                0x0000000008001834       0x60 build/monitor/terminal.o
                0x0000000008001834                CmdReceive
 .text.TerminalOutputBufferWrite
                0x0000000008001894       0xc8 build/monitor/terminal.o
                0x0000000008001894                TerminalOutputBufferWrite
 .text.CmdSend  0x000000000800195c       0x78 build/monitor/terminal.o
                0x000000000800195c                CmdSend
 .text.TerminalWritePolled
                0x00000000080019d4       0x28 build/monitor/terminal.o
                0x00000000080019d4                TerminalWritePolled
 .text.PolledPrintf
                0x00000000080019fc       0x2a build/monitor/terminal.o
                0x00000000080019fc                PolledPrintf
 *fill*         0x0000000008001a26        0x2 
 .text.TerminalInputBufferWrite
                0x0000000008001a28       0x64 build/monitor/terminal.o
                0x0000000008001a28                TerminalInputBufferWrite
 .text.TerminalISR
                0x0000000008001a8c       0xe0 build/monitor/terminal.o
                0x0000000008001a8c                TerminalISR
 .text.USART2_IRQHandler
                0x0000000008001b6c        0x6 build/monitor/terminal.o
                0x0000000008001b6c                USART2_IRQHandler
 *fill*         0x0000000008001b72        0x2 
 .text.WDTCheckReset
                0x0000000008001b74       0x88 build/monitor/wdog.o
                0x0000000008001b74                WDTCheckReset
 .text.WDTFeed  0x0000000008001bfc        0xc build/monitor/wdog.o
                0x0000000008001bfc                WDTFeed
 .text.CmdTasks
                0x0000000008001c08       0x44 build/monitor/tasking.o
                0x0000000008001c08                CmdTasks
 .text.TaskingInit
                0x0000000008001c4c       0x2c build/monitor/tasking.o
                0x0000000008001c4c                TaskingInit
 .text.TaskingTickHandler
                0x0000000008001c78       0x10 build/monitor/tasking.o
                0x0000000008001c78                TaskingTickHandler
 .text.TaskingRun
                0x0000000008001c88       0x68 build/monitor/tasking.o
                0x0000000008001c88                TaskingRun
 .text.Default_IRQHandler
                0x0000000008001cf0       0x58 build/monitor/default.o
                0x0000000008001cf0                Default_IRQHandler
 .text.Uncompress
                0x0000000008001d48       0x7c build/monitor/decoder/decoder.o
 .text.DecodeReadRegister
                0x0000000008001dc4       0x54 build/monitor/decoder/decoder.o
                0x0000000008001dc4                DecodeReadRegister
 .text.DecodeWriteRegister
                0x0000000008001e18       0x54 build/monitor/decoder/decoder.o
                0x0000000008001e18                DecodeWriteRegister
 .text.DecodeField
                0x0000000008001e6c       0x50 build/monitor/decoder/decoder.o
                0x0000000008001e6c                DecodeField
 .text.DecodeRegister
                0x0000000008001ebc       0x60 build/monitor/decoder/decoder.o
                0x0000000008001ebc                DecodeRegister
 .text.DecodePeripheral
                0x0000000008001f1c       0x54 build/monitor/decoder/decoder.o
                0x0000000008001f1c                DecodePeripheral
 .text.DecodePrintPeripherals
                0x0000000008001f70       0x54 build/monitor/decoder/decoder.o
                0x0000000008001f70                DecodePrintPeripherals
 .text.DecodePrintRegisters
                0x0000000008001fc4       0x64 build/monitor/decoder/decoder.o
                0x0000000008001fc4                DecodePrintRegisters
 .text.CmdDecode
                0x0000000008002028      0x28c build/monitor/decoder/decoder.o
                0x0000000008002028                CmdDecode
 .text.SystemClock_Config
                0x00000000080022b4       0x9c build/cubemx_stm32f411/Core/Src/main.o
                0x00000000080022b4                SystemClock_Config
 .text.startup.main
                0x0000000008002350      0x108 build/cubemx_stm32f411/Core/Src/main.o
                0x0000000008002350                main
 .text.NMI_Handler
                0x0000000008002458        0x2 build/cubemx_stm32f411/Core/Src/stm32f4xx_it.o
                0x0000000008002458                NMI_Handler
 .text.HardFault_Handler
                0x000000000800245a        0x2 build/cubemx_stm32f411/Core/Src/stm32f4xx_it.o
                0x000000000800245a                HardFault_Handler
 .text.MemManage_Handler
                0x000000000800245c        0x2 build/cubemx_stm32f411/Core/Src/stm32f4xx_it.o
                0x000000000800245c                MemManage_Handler
 .text.BusFault_Handler
                0x000000000800245e        0x2 build/cubemx_stm32f411/Core/Src/stm32f4xx_it.o
                0x000000000800245e                BusFault_Handler
 .text.UsageFault_Handler
                0x0000000008002460        0x2 build/cubemx_stm32f411/Core/Src/stm32f4xx_it.o
                0x0000000008002460                UsageFault_Handler
 .text.SVC_Handler
                0x0000000008002462        0x2 build/cubemx_stm32f411/Core/Src/stm32f4xx_it.o
                0x0000000008002462                SVC_Handler
 .text.DebugMon_Handler
                0x0000000008002464        0x2 build/cubemx_stm32f411/Core/Src/stm32f4xx_it.o
                0x0000000008002464                DebugMon_Handler
 .text.PendSV_Handler
                0x0000000008002466        0x2 build/cubemx_stm32f411/Core/Src/stm32f4xx_it.o
                0x0000000008002466                PendSV_Handler
 .text.SysTick_Handler
                0x0000000008002468       0x12 build/cubemx_stm32f411/Core/Src/stm32f4xx_it.o
                0x0000000008002468                SysTick_Handler
 *fill*         0x000000000800247a        0x2 
 .text.HAL_MspInit
                0x000000000800247c       0x3c build/cubemx_stm32f411/Core/Src/stm32f4xx_hal_msp.o
                0x000000000800247c                HAL_MspInit
 .text.HAL_UART_MspInit
                0x00000000080024b8       0x7c build/cubemx_stm32f411/Core/Src/stm32f4xx_hal_msp.o
                0x00000000080024b8                HAL_UART_MspInit
 .text.SystemInit
                0x0000000008002534       0x14 build/cubemx_stm32f411/Core/Src/system_stm32f4xx.o
                0x0000000008002534                SystemInit
 .text.HAL_RCC_OscConfig
                0x0000000008002548      0x360 build/cubemx_stm32f411/Drivers/STM32F4xx_HAL_Driver/Src/stm32f4xx_hal_rcc.o
                0x0000000008002548                HAL_RCC_OscConfig
 .text.HAL_RCC_GetSysClockFreq
                0x00000000080028a8       0x5c build/cubemx_stm32f411/Drivers/STM32F4xx_HAL_Driver/Src/stm32f4xx_hal_rcc.o
                0x00000000080028a8                HAL_RCC_GetSysClockFreq
 .text.HAL_RCC_ClockConfig
                0x0000000008002904      0x138 build/cubemx_stm32f411/Drivers/STM32F4xx_HAL_Driver/Src/stm32f4xx_hal_rcc.o
                0x0000000008002904                HAL_RCC_ClockConfig
 .text.HAL_RCC_GetPCLK1Freq
                0x0000000008002a3c       0x20 build/cubemx_stm32f411/Drivers/STM32F4xx_HAL_Driver/Src/stm32f4xx_hal_rcc.o
                0x0000000008002a3c                HAL_RCC_GetPCLK1Freq
 .text.HAL_RCC_GetPCLK2Freq
                0x0000000008002a5c       0x20 build/cubemx_stm32f411/Drivers/STM32F4xx_HAL_Driver/Src/stm32f4xx_hal_rcc.o
                0x0000000008002a5c                HAL_RCC_GetPCLK2Freq
 .text.HAL_InitTick
                0x0000000008002a7c       0x48 build/cubemx_stm32f411/Drivers/STM32F4xx_HAL_Driver/Src/stm32f4xx_hal.o
                0x0000000008002a7c                HAL_InitTick
 .text.HAL_Init
                0x0000000008002ac4       0x34 build/cubemx_stm32f411/Drivers/STM32F4xx_HAL_Driver/Src/stm32f4xx_hal.o
                0x0000000008002ac4                HAL_Init
 .text.HAL_IncTick
                0x0000000008002af8       0x18 build/cubemx_stm32f411/Drivers/STM32F4xx_HAL_Driver/Src/stm32f4xx_hal.o
                0x0000000008002af8                HAL_IncTick
 .text.HAL_GetTick
                0x0000000008002b10        0xc build/cubemx_stm32f411/Drivers/STM32F4xx_HAL_Driver/Src/stm32f4xx_hal.o
                0x0000000008002b10                HAL_GetTick
 .text.HAL_NVIC_SetPriorityGrouping
                0x0000000008002b1c       0x24 build/cubemx_stm32f411/Drivers/STM32F4xx_HAL_Driver/Src/stm32f4xx_hal_cortex.o
                0x0000000008002b1c                HAL_NVIC_SetPriorityGrouping
 .text.HAL_NVIC_SetPriority
                0x0000000008002b40       0x64 build/cubemx_stm32f411/Drivers/STM32F4xx_HAL_Driver/Src/stm32f4xx_hal_cortex.o
                0x0000000008002b40                HAL_NVIC_SetPriority
 .text.HAL_NVIC_EnableIRQ
                0x0000000008002ba4       0x1c build/cubemx_stm32f411/Drivers/STM32F4xx_HAL_Driver/Src/stm32f4xx_hal_cortex.o
                0x0000000008002ba4                HAL_NVIC_EnableIRQ
 .text.HAL_SYSTICK_Config
                0x0000000008002bc0       0x28 build/cubemx_stm32f411/Drivers/STM32F4xx_HAL_Driver/Src/stm32f4xx_hal_cortex.o
                0x0000000008002bc0                HAL_SYSTICK_Config
 .text.UART_SetConfig
                0x0000000008002be8       0xbc build/cubemx_stm32f411/Drivers/STM32F4xx_HAL_Driver/Src/stm32f4xx_hal_uart.o
 .text.HAL_UART_Init
                0x0000000008002ca4       0x5c build/cubemx_stm32f411/Drivers/STM32F4xx_HAL_Driver/Src/stm32f4xx_hal_uart.o
                0x0000000008002ca4                HAL_UART_Init
 .text.HAL_GPIO_Init
                0x0000000008002d00      0x190 build/cubemx_stm32f411/Drivers/STM32F4xx_HAL_Driver/Src/stm32f4xx_hal_gpio.o
                0x0000000008002d00                HAL_GPIO_Init
 .text.HAL_GPIO_WritePin
                0x0000000008002e90        0xa build/cubemx_stm32f411/Drivers/STM32F4xx_HAL_Driver/Src/stm32f4xx_hal_gpio.o
                0x0000000008002e90                HAL_GPIO_WritePin
 .text.HAL_IWDG_Init
                0x0000000008002e9a       0x50 build/cubemx_stm32f411/Drivers/STM32F4xx_HAL_Driver/Src/stm32f4xx_hal_iwdg.o
                0x0000000008002e9a                HAL_IWDG_Init
 .text.HAL_IWDG_Refresh
                0x0000000008002eea        0xc build/cubemx_stm32f411/Drivers/STM32F4xx_HAL_Driver/Src/stm32f4xx_hal_iwdg.o
                0x0000000008002eea                HAL_IWDG_Refresh
 .text.HAL_ADC_MspInit
                0x0000000008002ef6        0x2 build/cubemx_stm32f411/Drivers/STM32F4xx_HAL_Driver/Src/stm32f4xx_hal_adc.o
                0x0000000008002ef6                HAL_ADC_MspInit
 .text.HAL_ADC_Init
                0x0000000008002ef8      0x14c build/cubemx_stm32f411/Drivers/STM32F4xx_HAL_Driver/Src/stm32f4xx_hal_adc.o
                0x0000000008002ef8                HAL_ADC_Init
 .text.HAL_ADC_Start
                0x0000000008003044       0xec build/cubemx_stm32f411/Drivers/STM32F4xx_HAL_Driver/Src/stm32f4xx_hal_adc.o
                0x0000000008003044                HAL_ADC_Start
 .text.HAL_ADC_Stop
                0x0000000008003130       0x36 build/cubemx_stm32f411/Drivers/STM32F4xx_HAL_Driver/Src/stm32f4xx_hal_adc.o
                0x0000000008003130                HAL_ADC_Stop
 .text.HAL_ADC_PollForConversion
                0x0000000008003166       0xa6 build/cubemx_stm32f411/Drivers/STM32F4xx_HAL_Driver/Src/stm32f4xx_hal_adc.o
                0x0000000008003166                HAL_ADC_PollForConversion
 .text.HAL_ADC_GetValue
                0x000000000800320c        0x6 build/cubemx_stm32f411/Drivers/STM32F4xx_HAL_Driver/Src/stm32f4xx_hal_adc.o
                0x000000000800320c                HAL_ADC_GetValue
 *fill*         0x0000000008003212        0x2 
 .text.HAL_ADC_ConfigChannel
                0x0000000008003214      0x138 build/cubemx_stm32f411/Drivers/STM32F4xx_HAL_Driver/Src/stm32f4xx_hal_adc.o
                0x0000000008003214                HAL_ADC_ConfigChannel
 .text.VersionPrint
                0x000000000800334c       0x18 build/version.o
                0x000000000800334c                VersionPrint
 .text.CmdVersion
                0x0000000008003364        0xc build/version.o
                0x0000000008003364                CmdVersion
 .text.__errno  0x0000000008003370        0xc /usr/local/bin/../lib/gcc/arm-none-eabi/10.2.1/../../../../arm-none-eabi/lib/thumb/v7e-m+fp/hard/libg_nano.a(lib_a-errno.o)
                0x0000000008003370                __errno
 .text.__sflush_r
                0x000000000800337c      0x10c /usr/local/bin/../lib/gcc/arm-none-eabi/10.2.1/../../../../arm-none-eabi/lib/thumb/v7e-m+fp/hard/libg_nano.a(lib_a-fflush.o)
                0x000000000800337c                __sflush_r
 .text._fflush_r
                0x0000000008003488       0x78 /usr/local/bin/../lib/gcc/arm-none-eabi/10.2.1/../../../../arm-none-eabi/lib/thumb/v7e-m+fp/hard/libg_nano.a(lib_a-fflush.o)
                0x0000000008003488                _fflush_r
 .text.fflush   0x0000000008003500       0x24 /usr/local/bin/../lib/gcc/arm-none-eabi/10.2.1/../../../../arm-none-eabi/lib/thumb/v7e-m+fp/hard/libg_nano.a(lib_a-fflush.o)
                0x0000000008003500                fflush
 .text.std      0x0000000008003524       0x48 /usr/local/bin/../lib/gcc/arm-none-eabi/10.2.1/../../../../arm-none-eabi/lib/thumb/v7e-m+fp/hard/libg_nano.a(lib_a-findfp.o)
 .text._cleanup_r
                0x000000000800356c        0xc /usr/local/bin/../lib/gcc/arm-none-eabi/10.2.1/../../../../arm-none-eabi/lib/thumb/v7e-m+fp/hard/libg_nano.a(lib_a-findfp.o)
                0x000000000800356c                _cleanup_r
 .text.__sfmoreglue
                0x0000000008003578       0x2c /usr/local/bin/../lib/gcc/arm-none-eabi/10.2.1/../../../../arm-none-eabi/lib/thumb/v7e-m+fp/hard/libg_nano.a(lib_a-findfp.o)
                0x0000000008003578                __sfmoreglue
 .text.__sfp_lock_acquire
                0x00000000080035a4        0xc /usr/local/bin/../lib/gcc/arm-none-eabi/10.2.1/../../../../arm-none-eabi/lib/thumb/v7e-m+fp/hard/libg_nano.a(lib_a-findfp.o)
                0x00000000080035a4                __sfp_lock_acquire
 .text.__sfp_lock_release
                0x00000000080035b0        0xc /usr/local/bin/../lib/gcc/arm-none-eabi/10.2.1/../../../../arm-none-eabi/lib/thumb/v7e-m+fp/hard/libg_nano.a(lib_a-findfp.o)
                0x00000000080035b0                __sfp_lock_release
 .text.__sinit_lock_acquire
                0x00000000080035bc        0xc /usr/local/bin/../lib/gcc/arm-none-eabi/10.2.1/../../../../arm-none-eabi/lib/thumb/v7e-m+fp/hard/libg_nano.a(lib_a-findfp.o)
                0x00000000080035bc                __sinit_lock_acquire
 .text.__sinit_lock_release
                0x00000000080035c8        0xc /usr/local/bin/../lib/gcc/arm-none-eabi/10.2.1/../../../../arm-none-eabi/lib/thumb/v7e-m+fp/hard/libg_nano.a(lib_a-findfp.o)
                0x00000000080035c8                __sinit_lock_release
 .text.__sinit  0x00000000080035d4       0x70 /usr/local/bin/../lib/gcc/arm-none-eabi/10.2.1/../../../../arm-none-eabi/lib/thumb/v7e-m+fp/hard/libg_nano.a(lib_a-findfp.o)
                0x00000000080035d4                __sinit
 .text.__sfp    0x0000000008003644       0x8c /usr/local/bin/../lib/gcc/arm-none-eabi/10.2.1/../../../../arm-none-eabi/lib/thumb/v7e-m+fp/hard/libg_nano.a(lib_a-findfp.o)
                0x0000000008003644                __sfp
 .text._fwalk_reent
                0x00000000080036d0       0x3e /usr/local/bin/../lib/gcc/arm-none-eabi/10.2.1/../../../../arm-none-eabi/lib/thumb/v7e-m+fp/hard/libg_nano.a(lib_a-fwalk.o)
                0x00000000080036d0                _fwalk_reent
 *fill*         0x000000000800370e        0x2 
 .text.__libc_init_array
                0x0000000008003710       0x48 /usr/local/bin/../lib/gcc/arm-none-eabi/10.2.1/../../../../arm-none-eabi/lib/thumb/v7e-m+fp/hard/libg_nano.a(lib_a-init.o)
                0x0000000008003710                __libc_init_array
 .text.__retarget_lock_init_recursive
                0x0000000008003758        0x2 /usr/local/bin/../lib/gcc/arm-none-eabi/10.2.1/../../../../arm-none-eabi/lib/thumb/v7e-m+fp/hard/libg_nano.a(lib_a-lock.o)
                0x0000000008003758                __retarget_lock_init_recursive
 .text.__retarget_lock_acquire_recursive
                0x000000000800375a        0x2 /usr/local/bin/../lib/gcc/arm-none-eabi/10.2.1/../../../../arm-none-eabi/lib/thumb/v7e-m+fp/hard/libg_nano.a(lib_a-lock.o)
                0x000000000800375a                __retarget_lock_acquire_recursive
 .text.__retarget_lock_release_recursive
                0x000000000800375c        0x2 /usr/local/bin/../lib/gcc/arm-none-eabi/10.2.1/../../../../arm-none-eabi/lib/thumb/v7e-m+fp/hard/libg_nano.a(lib_a-lock.o)
                0x000000000800375c                __retarget_lock_release_recursive
 .text.memset   0x000000000800375e       0x10 /usr/local/bin/../lib/gcc/arm-none-eabi/10.2.1/../../../../arm-none-eabi/lib/thumb/v7e-m+fp/hard/libg_nano.a(lib_a-memset.o)
                0x000000000800375e                memset
 *fill*         0x000000000800376e        0x2 
 .text._free_r  0x0000000008003770       0x98 /usr/local/bin/../lib/gcc/arm-none-eabi/10.2.1/../../../../arm-none-eabi/lib/thumb/v7e-m+fp/hard/libg_nano.a(lib_a-nano-freer.o)
                0x0000000008003770                _free_r
 .text._malloc_r
                0x0000000008003808       0xb4 /usr/local/bin/../lib/gcc/arm-none-eabi/10.2.1/../../../../arm-none-eabi/lib/thumb/v7e-m+fp/hard/libg_nano.a(lib_a-nano-mallocr.o)
                0x0000000008003808                _malloc_r
 .text.__cvt    0x00000000080038bc       0xc4 /usr/local/bin/../lib/gcc/arm-none-eabi/10.2.1/../../../../arm-none-eabi/lib/thumb/v7e-m+fp/hard/libg_nano.a(lib_a-nano-vfprintf_float.o)
                0x00000000080038bc                __cvt
 .text.__exponent
                0x0000000008003980       0x7c /usr/local/bin/../lib/gcc/arm-none-eabi/10.2.1/../../../../arm-none-eabi/lib/thumb/v7e-m+fp/hard/libg_nano.a(lib_a-nano-vfprintf_float.o)
                0x0000000008003980                __exponent
 .text._printf_float
                0x00000000080039fc      0x46c /usr/local/bin/../lib/gcc/arm-none-eabi/10.2.1/../../../../arm-none-eabi/lib/thumb/v7e-m+fp/hard/libg_nano.a(lib_a-nano-vfprintf_float.o)
                0x00000000080039fc                _printf_float
 .text._printf_common
                0x0000000008003e68       0xda /usr/local/bin/../lib/gcc/arm-none-eabi/10.2.1/../../../../arm-none-eabi/lib/thumb/v7e-m+fp/hard/libg_nano.a(lib_a-nano-vfprintf_i.o)
                0x0000000008003e68                _printf_common
 *fill*         0x0000000008003f42        0x2 
 .text._printf_i
                0x0000000008003f44      0x24c /usr/local/bin/../lib/gcc/arm-none-eabi/10.2.1/../../../../arm-none-eabi/lib/thumb/v7e-m+fp/hard/libg_nano.a(lib_a-nano-vfprintf_i.o)
                0x0000000008003f44                _printf_i
 .text.printf   0x0000000008004190       0x30 /usr/local/bin/../lib/gcc/arm-none-eabi/10.2.1/../../../../arm-none-eabi/lib/thumb/v7e-m+fp/hard/libg_nano.a(lib_a-printf.o)
                0x0000000008004190                printf
                0x0000000008004190                iprintf
 .text.putchar  0x00000000080041c0       0x2c /usr/local/bin/../lib/gcc/arm-none-eabi/10.2.1/../../../../arm-none-eabi/lib/thumb/v7e-m+fp/hard/libg_nano.a(lib_a-putchar.o)
                0x00000000080041c0                putchar
 .text._puts_r  0x00000000080041ec       0xdc /usr/local/bin/../lib/gcc/arm-none-eabi/10.2.1/../../../../arm-none-eabi/lib/thumb/v7e-m+fp/hard/libg_nano.a(lib_a-puts.o)
                0x00000000080041ec                _puts_r
 .text.puts     0x00000000080042c8       0x10 /usr/local/bin/../lib/gcc/arm-none-eabi/10.2.1/../../../../arm-none-eabi/lib/thumb/v7e-m+fp/hard/libg_nano.a(lib_a-puts.o)
                0x00000000080042c8                puts
 .text.setvbuf  0x00000000080042d8      0x18c /usr/local/bin/../lib/gcc/arm-none-eabi/10.2.1/../../../../arm-none-eabi/lib/thumb/v7e-m+fp/hard/libg_nano.a(lib_a-setvbuf.o)
                0x00000000080042d8                setvbuf
 .text.__sread  0x0000000008004464       0x22 /usr/local/bin/../lib/gcc/arm-none-eabi/10.2.1/../../../../arm-none-eabi/lib/thumb/v7e-m+fp/hard/libg_nano.a(lib_a-stdio.o)
                0x0000000008004464                __sread
 .text.__swrite
                0x0000000008004486       0x38 /usr/local/bin/../lib/gcc/arm-none-eabi/10.2.1/../../../../arm-none-eabi/lib/thumb/v7e-m+fp/hard/libg_nano.a(lib_a-stdio.o)
                0x0000000008004486                __swrite
 .text.__sseek  0x00000000080044be       0x24 /usr/local/bin/../lib/gcc/arm-none-eabi/10.2.1/../../../../arm-none-eabi/lib/thumb/v7e-m+fp/hard/libg_nano.a(lib_a-stdio.o)
                0x00000000080044be                __sseek
 .text.__sclose
                0x00000000080044e2        0x8 /usr/local/bin/../lib/gcc/arm-none-eabi/10.2.1/../../../../arm-none-eabi/lib/thumb/v7e-m+fp/hard/libg_nano.a(lib_a-stdio.o)
                0x00000000080044e2                __sclose
 *fill*         0x00000000080044ea        0x2 
 .text.strcasecmp
                0x00000000080044ec       0x34 /usr/local/bin/../lib/gcc/arm-none-eabi/10.2.1/../../../../arm-none-eabi/lib/thumb/v7e-m+fp/hard/libg_nano.a(lib_a-strcasecmp.o)
                0x00000000080044ec                strcasecmp
 .text.strcpy   0x0000000008004520       0x10 /usr/local/bin/../lib/gcc/arm-none-eabi/10.2.1/../../../../arm-none-eabi/lib/thumb/v7e-m+fp/hard/libg_nano.a(lib_a-strcpy.o)
                0x0000000008004520                strcpy
 .text.strtok   0x0000000008004530       0x68 /usr/local/bin/../lib/gcc/arm-none-eabi/10.2.1/../../../../arm-none-eabi/lib/thumb/v7e-m+fp/hard/libg_nano.a(lib_a-strtok.o)
                0x0000000008004530                strtok
 .text.__strtok_r
                0x0000000008004598       0x50 /usr/local/bin/../lib/gcc/arm-none-eabi/10.2.1/../../../../arm-none-eabi/lib/thumb/v7e-m+fp/hard/libg_nano.a(lib_a-strtok_r.o)
                0x0000000008004598                __strtok_r
 .text._strtoul_l.constprop.0
                0x00000000080045e8       0xe4 /usr/local/bin/../lib/gcc/arm-none-eabi/10.2.1/../../../../arm-none-eabi/lib/thumb/v7e-m+fp/hard/libg_nano.a(lib_a-strtoul.o)
 .text.strtoul  0x00000000080046cc       0x14 /usr/local/bin/../lib/gcc/arm-none-eabi/10.2.1/../../../../arm-none-eabi/lib/thumb/v7e-m+fp/hard/libg_nano.a(lib_a-strtoul.o)
                0x00000000080046cc                strtoul
 .text._vsnprintf_r
                0x00000000080046e0       0x56 /usr/local/bin/../lib/gcc/arm-none-eabi/10.2.1/../../../../arm-none-eabi/lib/thumb/v7e-m+fp/hard/libg_nano.a(lib_a-vsnprintf.o)
                0x00000000080046e0                _vsnprintf_r
                0x00000000080046e0                _vsniprintf_r
 *fill*         0x0000000008004736        0x2 
 .text.vsnprintf
                0x0000000008004738       0x1c /usr/local/bin/../lib/gcc/arm-none-eabi/10.2.1/../../../../arm-none-eabi/lib/thumb/v7e-m+fp/hard/libg_nano.a(lib_a-vsnprintf.o)
                0x0000000008004738                vsnprintf
                0x0000000008004738                vsniprintf
 .text.__swbuf_r
                0x0000000008004754       0xa4 /usr/local/bin/../lib/gcc/arm-none-eabi/10.2.1/../../../../arm-none-eabi/lib/thumb/v7e-m+fp/hard/libg_nano.a(lib_a-wbuf.o)
                0x0000000008004754                __swbuf_r
 .text.__swsetup_r
                0x00000000080047f8       0xdc /usr/local/bin/../lib/gcc/arm-none-eabi/10.2.1/../../../../arm-none-eabi/lib/thumb/v7e-m+fp/hard/libg_nano.a(lib_a-wsetup.o)
                0x00000000080047f8                __swsetup_r
 .text.__assert_func
                0x00000000080048d4       0x3c /usr/local/bin/../lib/gcc/arm-none-eabi/10.2.1/../../../../arm-none-eabi/lib/thumb/v7e-m+fp/hard/libg_nano.a(lib_a-assert.o)
                0x00000000080048d4                __assert_func
 .text.quorem   0x0000000008004910      0x116 /usr/local/bin/../lib/gcc/arm-none-eabi/10.2.1/../../../../arm-none-eabi/lib/thumb/v7e-m+fp/hard/libg_nano.a(lib_a-dtoa.o)
 *fill*         0x0000000008004a26        0x2 
 .text._dtoa_r  0x0000000008004a28      0xbdc /usr/local/bin/../lib/gcc/arm-none-eabi/10.2.1/../../../../arm-none-eabi/lib/thumb/v7e-m+fp/hard/libg_nano.a(lib_a-dtoa.o)
                0x0000000008004a28                _dtoa_r
 .text.fprintf  0x0000000008005604       0x24 /usr/local/bin/../lib/gcc/arm-none-eabi/10.2.1/../../../../arm-none-eabi/lib/thumb/v7e-m+fp/hard/libg_nano.a(lib_a-fprintf.o)
                0x0000000008005604                fprintf
                0x0000000008005604                fiprintf
 .text._localeconv_r
                0x0000000008005628        0x8 /usr/local/bin/../lib/gcc/arm-none-eabi/10.2.1/../../../../arm-none-eabi/lib/thumb/v7e-m+fp/hard/libg_nano.a(lib_a-localeconv.o)
                0x0000000008005628                _localeconv_r
 .text.__swhatbuf_r
                0x0000000008005630       0x4a /usr/local/bin/../lib/gcc/arm-none-eabi/10.2.1/../../../../arm-none-eabi/lib/thumb/v7e-m+fp/hard/libg_nano.a(lib_a-makebuf.o)
                0x0000000008005630                __swhatbuf_r
 *fill*         0x000000000800567a        0x2 
 .text.__smakebuf_r
                0x000000000800567c       0x80 /usr/local/bin/../lib/gcc/arm-none-eabi/10.2.1/../../../../arm-none-eabi/lib/thumb/v7e-m+fp/hard/libg_nano.a(lib_a-makebuf.o)
                0x000000000800567c                __smakebuf_r
 .text.malloc   0x00000000080056fc       0x10 /usr/local/bin/../lib/gcc/arm-none-eabi/10.2.1/../../../../arm-none-eabi/lib/thumb/v7e-m+fp/hard/libg_nano.a(lib_a-malloc.o)
                0x00000000080056fc                malloc
 .text.__ascii_mbtowc
                0x000000000800570c       0x24 /usr/local/bin/../lib/gcc/arm-none-eabi/10.2.1/../../../../arm-none-eabi/lib/thumb/v7e-m+fp/hard/libg_nano.a(lib_a-mbtowc_r.o)
                0x000000000800570c                __ascii_mbtowc
 .text.memcpy   0x0000000008005730       0x1c /usr/local/bin/../lib/gcc/arm-none-eabi/10.2.1/../../../../arm-none-eabi/lib/thumb/v7e-m+fp/hard/libg_nano.a(lib_a-memcpy-stub.o)
                0x0000000008005730                memcpy
 .text.__malloc_lock
                0x000000000800574c        0xc /usr/local/bin/../lib/gcc/arm-none-eabi/10.2.1/../../../../arm-none-eabi/lib/thumb/v7e-m+fp/hard/libg_nano.a(lib_a-mlock.o)
                0x000000000800574c                __malloc_lock
 .text.__malloc_unlock
                0x0000000008005758        0xc /usr/local/bin/../lib/gcc/arm-none-eabi/10.2.1/../../../../arm-none-eabi/lib/thumb/v7e-m+fp/hard/libg_nano.a(lib_a-mlock.o)
                0x0000000008005758                __malloc_unlock
 .text._Balloc  0x0000000008005764       0x80 /usr/local/bin/../lib/gcc/arm-none-eabi/10.2.1/../../../../arm-none-eabi/lib/thumb/v7e-m+fp/hard/libg_nano.a(lib_a-mprec.o)
                0x0000000008005764                _Balloc
 .text._Bfree   0x00000000080057e4       0x44 /usr/local/bin/../lib/gcc/arm-none-eabi/10.2.1/../../../../arm-none-eabi/lib/thumb/v7e-m+fp/hard/libg_nano.a(lib_a-mprec.o)
                0x00000000080057e4                _Bfree
 .text.__multadd
                0x0000000008005828       0x8c /usr/local/bin/../lib/gcc/arm-none-eabi/10.2.1/../../../../arm-none-eabi/lib/thumb/v7e-m+fp/hard/libg_nano.a(lib_a-mprec.o)
                0x0000000008005828                __multadd
 .text.__hi0bits
                0x00000000080058b4       0x40 /usr/local/bin/../lib/gcc/arm-none-eabi/10.2.1/../../../../arm-none-eabi/lib/thumb/v7e-m+fp/hard/libg_nano.a(lib_a-mprec.o)
                0x00000000080058b4                __hi0bits
 .text.__lo0bits
                0x00000000080058f4       0x5e /usr/local/bin/../lib/gcc/arm-none-eabi/10.2.1/../../../../arm-none-eabi/lib/thumb/v7e-m+fp/hard/libg_nano.a(lib_a-mprec.o)
                0x00000000080058f4                __lo0bits
 *fill*         0x0000000008005952        0x2 
 .text.__i2b    0x0000000008005954       0x2c /usr/local/bin/../lib/gcc/arm-none-eabi/10.2.1/../../../../arm-none-eabi/lib/thumb/v7e-m+fp/hard/libg_nano.a(lib_a-mprec.o)
                0x0000000008005954                __i2b
 .text.__multiply
                0x0000000008005980      0x154 /usr/local/bin/../lib/gcc/arm-none-eabi/10.2.1/../../../../arm-none-eabi/lib/thumb/v7e-m+fp/hard/libg_nano.a(lib_a-mprec.o)
                0x0000000008005980                __multiply
 .text.__pow5mult
                0x0000000008005ad4       0xb4 /usr/local/bin/../lib/gcc/arm-none-eabi/10.2.1/../../../../arm-none-eabi/lib/thumb/v7e-m+fp/hard/libg_nano.a(lib_a-mprec.o)
                0x0000000008005ad4                __pow5mult
 .text.__lshift
                0x0000000008005b88       0xe0 /usr/local/bin/../lib/gcc/arm-none-eabi/10.2.1/../../../../arm-none-eabi/lib/thumb/v7e-m+fp/hard/libg_nano.a(lib_a-mprec.o)
                0x0000000008005b88                __lshift
 .text.__mcmp   0x0000000008005c68       0x38 /usr/local/bin/../lib/gcc/arm-none-eabi/10.2.1/../../../../arm-none-eabi/lib/thumb/v7e-m+fp/hard/libg_nano.a(lib_a-mprec.o)
                0x0000000008005c68                __mcmp
 .text.__mdiff  0x0000000008005ca0      0x114 /usr/local/bin/../lib/gcc/arm-none-eabi/10.2.1/../../../../arm-none-eabi/lib/thumb/v7e-m+fp/hard/libg_nano.a(lib_a-mprec.o)
                0x0000000008005ca0                __mdiff
 .text.__d2b    0x0000000008005db4       0xb8 /usr/local/bin/../lib/gcc/arm-none-eabi/10.2.1/../../../../arm-none-eabi/lib/thumb/v7e-m+fp/hard/libg_nano.a(lib_a-mprec.o)
                0x0000000008005db4                __d2b
 .text._calloc_r
                0x0000000008005e6c       0x1e /usr/local/bin/../lib/gcc/arm-none-eabi/10.2.1/../../../../arm-none-eabi/lib/thumb/v7e-m+fp/hard/libg_nano.a(lib_a-nano-callocr.o)
                0x0000000008005e6c                _calloc_r
 .text.__ssputs_r
                0x0000000008005e8a       0xb6 /usr/local/bin/../lib/gcc/arm-none-eabi/10.2.1/../../../../arm-none-eabi/lib/thumb/v7e-m+fp/hard/libg_nano.a(lib_a-nano-svfprintf.o)
                0x0000000008005e8a                __ssputs_r
 .text._svfprintf_r
                0x0000000008005f40      0x200 /usr/local/bin/../lib/gcc/arm-none-eabi/10.2.1/../../../../arm-none-eabi/lib/thumb/v7e-m+fp/hard/libg_nano.a(lib_a-nano-svfprintf.o)
                0x0000000008005f40                _svfprintf_r
                0x0000000008005f40                _svfiprintf_r
 .text.__sfputc_r
                0x0000000008006140       0x2e /usr/local/bin/../lib/gcc/arm-none-eabi/10.2.1/../../../../arm-none-eabi/lib/thumb/v7e-m+fp/hard/libg_nano.a(lib_a-nano-vfprintf.o)
 .text.__sfputs_r
                0x000000000800616e       0x24 /usr/local/bin/../lib/gcc/arm-none-eabi/10.2.1/../../../../arm-none-eabi/lib/thumb/v7e-m+fp/hard/libg_nano.a(lib_a-nano-vfprintf.o)
                0x000000000800616e                __sfputs_r
 *fill*         0x0000000008006192        0x2 
 .text._vfprintf_r
                0x0000000008006194      0x260 /usr/local/bin/../lib/gcc/arm-none-eabi/10.2.1/../../../../arm-none-eabi/lib/thumb/v7e-m+fp/hard/libg_nano.a(lib_a-nano-vfprintf.o)
                0x0000000008006194                _vfiprintf_r
                0x0000000008006194                _vfprintf_r
 .text._putc_r  0x00000000080063f4       0x90 /usr/local/bin/../lib/gcc/arm-none-eabi/10.2.1/../../../../arm-none-eabi/lib/thumb/v7e-m+fp/hard/libg_nano.a(lib_a-putc.o)
                0x00000000080063f4                _putc_r
 .text.__ascii_wctomb
                0x0000000008006484       0x1a /usr/local/bin/../lib/gcc/arm-none-eabi/10.2.1/../../../../arm-none-eabi/lib/thumb/v7e-m+fp/hard/libg_nano.a(lib_a-wctomb_r.o)
                0x0000000008006484                __ascii_wctomb
 .text.abort    0x000000000800649e        0xe /usr/local/bin/../lib/gcc/arm-none-eabi/10.2.1/../../../../arm-none-eabi/lib/thumb/v7e-m+fp/hard/libg_nano.a(lib_a-abort.o)
                0x000000000800649e                abort
 .text.memmove  0x00000000080064ac       0x34 /usr/local/bin/../lib/gcc/arm-none-eabi/10.2.1/../../../../arm-none-eabi/lib/thumb/v7e-m+fp/hard/libg_nano.a(lib_a-memmove.o)
                0x00000000080064ac                memmove
 .text._realloc_r
                0x00000000080064e0       0x4c /usr/local/bin/../lib/gcc/arm-none-eabi/10.2.1/../../../../arm-none-eabi/lib/thumb/v7e-m+fp/hard/libg_nano.a(lib_a-nano-reallocr.o)
                0x00000000080064e0                _realloc_r
 .text._raise_r
                0x000000000800652c       0x50 /usr/local/bin/../lib/gcc/arm-none-eabi/10.2.1/../../../../arm-none-eabi/lib/thumb/v7e-m+fp/hard/libg_nano.a(lib_a-signal.o)
                0x000000000800652c                _raise_r
 .text.raise    0x000000000800657c       0x10 /usr/local/bin/../lib/gcc/arm-none-eabi/10.2.1/../../../../arm-none-eabi/lib/thumb/v7e-m+fp/hard/libg_nano.a(lib_a-signal.o)
                0x000000000800657c                raise
 .text._kill_r  0x000000000800658c       0x24 /usr/local/bin/../lib/gcc/arm-none-eabi/10.2.1/../../../../arm-none-eabi/lib/thumb/v7e-m+fp/hard/libg_nano.a(lib_a-signalr.o)
                0x000000000800658c                _kill_r
 .text._getpid_r
                0x00000000080065b0        0x4 /usr/local/bin/../lib/gcc/arm-none-eabi/10.2.1/../../../../arm-none-eabi/lib/thumb/v7e-m+fp/hard/libg_nano.a(lib_a-signalr.o)
                0x00000000080065b0                _getpid_r
 .text._malloc_usable_size_r
                0x00000000080065b4       0x10 /usr/local/bin/../lib/gcc/arm-none-eabi/10.2.1/../../../../arm-none-eabi/lib/thumb/v7e-m+fp/hard/libg_nano.a(lib_a-nano-msizer.o)
                0x00000000080065b4                _malloc_usable_size_r
 *(.glue_7)
 .glue_7        0x00000000080065c4        0x0 linker stubs
 *(.glue_7t)
 .glue_7t       0x00000000080065c4        0x0 linker stubs
 *(.eh_frame)
 .eh_frame      0x00000000080065c4        0x0 /usr/local/bin/../lib/gcc/arm-none-eabi/10.2.1/thumb/v7e-m+fp/hard/crtbegin.o
 *(.init)
 .init          0x00000000080065c4        0x4 /usr/local/bin/../lib/gcc/arm-none-eabi/10.2.1/thumb/v7e-m+fp/hard/crti.o
                0x00000000080065c4                _init
 .init          0x00000000080065c8        0x8 /usr/local/bin/../lib/gcc/arm-none-eabi/10.2.1/thumb/v7e-m+fp/hard/crtn.o
 *(.fini)
 .fini          0x00000000080065d0        0x4 /usr/local/bin/../lib/gcc/arm-none-eabi/10.2.1/thumb/v7e-m+fp/hard/crti.o
                0x00000000080065d0                _fini
 .fini          0x00000000080065d4        0x8 /usr/local/bin/../lib/gcc/arm-none-eabi/10.2.1/thumb/v7e-m+fp/hard/crtn.o
                0x00000000080065dc                . = ALIGN (0x4)
                0x00000000080065dc                _etext = .

.vfp11_veneer   0x00000000080065dc        0x0
 .vfp11_veneer  0x00000000080065dc        0x0 linker stubs

.v4_bx          0x00000000080065dc        0x0
 .v4_bx         0x00000000080065dc        0x0 linker stubs

.iplt           0x00000000080065dc        0x0
 .iplt          0x00000000080065dc        0x0 /usr/local/bin/../lib/gcc/arm-none-eabi/10.2.1/thumb/v7e-m+fp/hard/crtbegin.o

.rodata         0x00000000080065e0     0xc660
                0x00000000080065e0                . = ALIGN (0x4)
 *(.rodata)
 .rodata        0x00000000080065e0      0x440 build/monitor/decoder/STM32F411.o
 *(.rodata*)
 .rodata.CmdLed.str1.1
                0x0000000008006a20       0x5a build/my_main.o
 .rodata.str1.1
                0x0000000008006a7a       0x1c build/my_main.o
                                         0x20 (size before relaxing)
 .rodata.CmdTest.str1.1
                0x0000000008006a96       0x47 build/mytest.o
 .rodata.str1.1
                0x0000000008006add       0x16 build/mytest.o
 .rodata.printProgress.str1.1
                0x0000000008006af3       0x18 build/adc_example.o
                                         0x19 (size before relaxing)
 .rodata.ADCInit.str1.1
                0x0000000008006b0b       0x27 build/adc_example.o
 .rodata.getReadingFromAdc.str1.1
                0x0000000008006b32       0xaa build/adc_example.o
 .rodata.AdcEvent.str1.1
                0x0000000008006bdc       0x33 build/adc_example.o
 .rodata.str1.1
                0x0000000008006c0f       0x61 build/adc_example.o
 .rodata.str1.1
                0x0000000008006c70     0x278b build/monitor/decoder/STM32F411.o
                                       0x2831 (size before relaxing)
 *fill*         0x00000000080093fb        0x1 
 .rodata.ADC1_CR1_fields
                0x00000000080093fc       0x70 build/monitor/decoder/STM32F411.o
                0x00000000080093fc                ADC1_CR1_fields
 .rodata.ADC1_CR2_fields
                0x000000000800946c       0x60 build/monitor/decoder/STM32F411.o
                0x000000000800946c                ADC1_CR2_fields
 .rodata.ADC1_DR_fields
                0x00000000080094cc        0x8 build/monitor/decoder/STM32F411.o
                0x00000000080094cc                ADC1_DR_fields
 .rodata.ADC1_HTR_fields
                0x00000000080094d4        0x8 build/monitor/decoder/STM32F411.o
                0x00000000080094d4                ADC1_HTR_fields
 .rodata.ADC1_JDR1_fields
                0x00000000080094dc        0x8 build/monitor/decoder/STM32F411.o
                0x00000000080094dc                ADC1_JDR1_fields
 .rodata.ADC1_JDR2_fields
                0x00000000080094e4        0x8 build/monitor/decoder/STM32F411.o
                0x00000000080094e4                ADC1_JDR2_fields
 .rodata.ADC1_JDR3_fields
                0x00000000080094ec        0x8 build/monitor/decoder/STM32F411.o
                0x00000000080094ec                ADC1_JDR3_fields
 .rodata.ADC1_JDR4_fields
                0x00000000080094f4        0x8 build/monitor/decoder/STM32F411.o
                0x00000000080094f4                ADC1_JDR4_fields
 .rodata.ADC1_JOFR1_fields
                0x00000000080094fc        0x8 build/monitor/decoder/STM32F411.o
                0x00000000080094fc                ADC1_JOFR1_fields
 .rodata.ADC1_JOFR2_fields
                0x0000000008009504        0x8 build/monitor/decoder/STM32F411.o
                0x0000000008009504                ADC1_JOFR2_fields
 .rodata.ADC1_JOFR3_fields
                0x000000000800950c        0x8 build/monitor/decoder/STM32F411.o
                0x000000000800950c                ADC1_JOFR3_fields
 .rodata.ADC1_JOFR4_fields
                0x0000000008009514        0x8 build/monitor/decoder/STM32F411.o
                0x0000000008009514                ADC1_JOFR4_fields
 .rodata.ADC1_JSQR_fields
                0x000000000800951c       0x28 build/monitor/decoder/STM32F411.o
                0x000000000800951c                ADC1_JSQR_fields
 .rodata.ADC1_LTR_fields
                0x0000000008009544        0x8 build/monitor/decoder/STM32F411.o
                0x0000000008009544                ADC1_LTR_fields
 .rodata.ADC1_SMPR1_fields
                0x000000000800954c        0x8 build/monitor/decoder/STM32F411.o
                0x000000000800954c                ADC1_SMPR1_fields
 .rodata.ADC1_SMPR2_fields
                0x0000000008009554        0x8 build/monitor/decoder/STM32F411.o
                0x0000000008009554                ADC1_SMPR2_fields
 .rodata.ADC1_SQR1_fields
                0x000000000800955c       0x28 build/monitor/decoder/STM32F411.o
                0x000000000800955c                ADC1_SQR1_fields
 .rodata.ADC1_SQR2_fields
                0x0000000008009584       0x30 build/monitor/decoder/STM32F411.o
                0x0000000008009584                ADC1_SQR2_fields
 .rodata.ADC1_SQR3_fields
                0x00000000080095b4       0x30 build/monitor/decoder/STM32F411.o
                0x00000000080095b4                ADC1_SQR3_fields
 .rodata.ADC1_SR_fields
                0x00000000080095e4       0x30 build/monitor/decoder/STM32F411.o
                0x00000000080095e4                ADC1_SR_fields
 .rodata.ADC1_registers
                0x0000000008009614      0x140 build/monitor/decoder/STM32F411.o
                0x0000000008009614                ADC1_registers
 .rodata.ADC_Common_CCR_fields
                0x0000000008009754       0x30 build/monitor/decoder/STM32F411.o
                0x0000000008009754                ADC_Common_CCR_fields
 .rodata.ADC_Common_CSR_fields
                0x0000000008009784       0x90 build/monitor/decoder/STM32F411.o
                0x0000000008009784                ADC_Common_CSR_fields
 .rodata.ADC_Common_registers
                0x0000000008009814       0x20 build/monitor/decoder/STM32F411.o
                0x0000000008009814                ADC_Common_registers
 .rodata.CRC_CR_fields
                0x0000000008009834        0x8 build/monitor/decoder/STM32F411.o
                0x0000000008009834                CRC_CR_fields
 .rodata.CRC_DR_fields
                0x000000000800983c        0x8 build/monitor/decoder/STM32F411.o
                0x000000000800983c                CRC_DR_fields
 .rodata.CRC_IDR_fields
                0x0000000008009844        0x8 build/monitor/decoder/STM32F411.o
                0x0000000008009844                CRC_IDR_fields
 .rodata.CRC_registers
                0x000000000800984c       0x30 build/monitor/decoder/STM32F411.o
                0x000000000800984c                CRC_registers
 .rodata.DBG_DBGMCU_APB1_FZ_fields
                0x000000000800987c       0x50 build/monitor/decoder/STM32F411.o
                0x000000000800987c                DBG_DBGMCU_APB1_FZ_fields
 .rodata.DBG_DBGMCU_APB2_FZ_fields
                0x00000000080098cc       0x20 build/monitor/decoder/STM32F411.o
                0x00000000080098cc                DBG_DBGMCU_APB2_FZ_fields
 .rodata.DBG_DBGMCU_CR_fields
                0x00000000080098ec       0x28 build/monitor/decoder/STM32F411.o
                0x00000000080098ec                DBG_DBGMCU_CR_fields
 .rodata.DBG_DBGMCU_IDCODE_fields
                0x0000000008009914       0x10 build/monitor/decoder/STM32F411.o
                0x0000000008009914                DBG_DBGMCU_IDCODE_fields
 .rodata.DBG_registers
                0x0000000008009924       0x40 build/monitor/decoder/STM32F411.o
                0x0000000008009924                DBG_registers
 .rodata.DMA2_HIFCR_fields
                0x0000000008009964       0xa0 build/monitor/decoder/STM32F411.o
                0x0000000008009964                DMA2_HIFCR_fields
 .rodata.DMA2_HISR_fields
                0x0000000008009a04       0xa0 build/monitor/decoder/STM32F411.o
                0x0000000008009a04                DMA2_HISR_fields
 .rodata.DMA2_LIFCR_fields
                0x0000000008009aa4       0xa0 build/monitor/decoder/STM32F411.o
                0x0000000008009aa4                DMA2_LIFCR_fields
 .rodata.DMA2_LISR_fields
                0x0000000008009b44       0xa0 build/monitor/decoder/STM32F411.o
                0x0000000008009b44                DMA2_LISR_fields
 .rodata.DMA2_S0CR_fields
                0x0000000008009be4       0x98 build/monitor/decoder/STM32F411.o
                0x0000000008009be4                DMA2_S0CR_fields
 .rodata.DMA2_S0FCR_fields
                0x0000000008009c7c       0x20 build/monitor/decoder/STM32F411.o
                0x0000000008009c7c                DMA2_S0FCR_fields
 .rodata.DMA2_S0M0AR_fields
                0x0000000008009c9c        0x8 build/monitor/decoder/STM32F411.o
                0x0000000008009c9c                DMA2_S0M0AR_fields
 .rodata.DMA2_S0M1AR_fields
                0x0000000008009ca4        0x8 build/monitor/decoder/STM32F411.o
                0x0000000008009ca4                DMA2_S0M1AR_fields
 .rodata.DMA2_S0NDTR_fields
                0x0000000008009cac        0x8 build/monitor/decoder/STM32F411.o
                0x0000000008009cac                DMA2_S0NDTR_fields
 .rodata.DMA2_S0PAR_fields
                0x0000000008009cb4        0x8 build/monitor/decoder/STM32F411.o
                0x0000000008009cb4                DMA2_S0PAR_fields
 .rodata.DMA2_S1CR_fields
                0x0000000008009cbc       0xa0 build/monitor/decoder/STM32F411.o
                0x0000000008009cbc                DMA2_S1CR_fields
 .rodata.DMA2_S1FCR_fields
                0x0000000008009d5c       0x20 build/monitor/decoder/STM32F411.o
                0x0000000008009d5c                DMA2_S1FCR_fields
 .rodata.DMA2_S1M0AR_fields
                0x0000000008009d7c        0x8 build/monitor/decoder/STM32F411.o
                0x0000000008009d7c                DMA2_S1M0AR_fields
 .rodata.DMA2_S1M1AR_fields
                0x0000000008009d84        0x8 build/monitor/decoder/STM32F411.o
                0x0000000008009d84                DMA2_S1M1AR_fields
 .rodata.DMA2_S1NDTR_fields
                0x0000000008009d8c        0x8 build/monitor/decoder/STM32F411.o
                0x0000000008009d8c                DMA2_S1NDTR_fields
 .rodata.DMA2_S1PAR_fields
                0x0000000008009d94        0x8 build/monitor/decoder/STM32F411.o
                0x0000000008009d94                DMA2_S1PAR_fields
 .rodata.DMA2_S2CR_fields
                0x0000000008009d9c       0xa0 build/monitor/decoder/STM32F411.o
                0x0000000008009d9c                DMA2_S2CR_fields
 .rodata.DMA2_S2FCR_fields
                0x0000000008009e3c       0x20 build/monitor/decoder/STM32F411.o
                0x0000000008009e3c                DMA2_S2FCR_fields
 .rodata.DMA2_S2M0AR_fields
                0x0000000008009e5c        0x8 build/monitor/decoder/STM32F411.o
                0x0000000008009e5c                DMA2_S2M0AR_fields
 .rodata.DMA2_S2M1AR_fields
                0x0000000008009e64        0x8 build/monitor/decoder/STM32F411.o
                0x0000000008009e64                DMA2_S2M1AR_fields
 .rodata.DMA2_S2NDTR_fields
                0x0000000008009e6c        0x8 build/monitor/decoder/STM32F411.o
                0x0000000008009e6c                DMA2_S2NDTR_fields
 .rodata.DMA2_S2PAR_fields
                0x0000000008009e74        0x8 build/monitor/decoder/STM32F411.o
                0x0000000008009e74                DMA2_S2PAR_fields
 .rodata.DMA2_S3CR_fields
                0x0000000008009e7c       0xa0 build/monitor/decoder/STM32F411.o
                0x0000000008009e7c                DMA2_S3CR_fields
 .rodata.DMA2_S3FCR_fields
                0x0000000008009f1c       0x20 build/monitor/decoder/STM32F411.o
                0x0000000008009f1c                DMA2_S3FCR_fields
 .rodata.DMA2_S3M0AR_fields
                0x0000000008009f3c        0x8 build/monitor/decoder/STM32F411.o
                0x0000000008009f3c                DMA2_S3M0AR_fields
 .rodata.DMA2_S3M1AR_fields
                0x0000000008009f44        0x8 build/monitor/decoder/STM32F411.o
                0x0000000008009f44                DMA2_S3M1AR_fields
 .rodata.DMA2_S3NDTR_fields
                0x0000000008009f4c        0x8 build/monitor/decoder/STM32F411.o
                0x0000000008009f4c                DMA2_S3NDTR_fields
 .rodata.DMA2_S3PAR_fields
                0x0000000008009f54        0x8 build/monitor/decoder/STM32F411.o
                0x0000000008009f54                DMA2_S3PAR_fields
 .rodata.DMA2_S4CR_fields
                0x0000000008009f5c       0xa0 build/monitor/decoder/STM32F411.o
                0x0000000008009f5c                DMA2_S4CR_fields
 .rodata.DMA2_S4FCR_fields
                0x0000000008009ffc       0x20 build/monitor/decoder/STM32F411.o
                0x0000000008009ffc                DMA2_S4FCR_fields
 .rodata.DMA2_S4M0AR_fields
                0x000000000800a01c        0x8 build/monitor/decoder/STM32F411.o
                0x000000000800a01c                DMA2_S4M0AR_fields
 .rodata.DMA2_S4M1AR_fields
                0x000000000800a024        0x8 build/monitor/decoder/STM32F411.o
                0x000000000800a024                DMA2_S4M1AR_fields
 .rodata.DMA2_S4NDTR_fields
                0x000000000800a02c        0x8 build/monitor/decoder/STM32F411.o
                0x000000000800a02c                DMA2_S4NDTR_fields
 .rodata.DMA2_S4PAR_fields
                0x000000000800a034        0x8 build/monitor/decoder/STM32F411.o
                0x000000000800a034                DMA2_S4PAR_fields
 .rodata.DMA2_S5CR_fields
                0x000000000800a03c       0xa0 build/monitor/decoder/STM32F411.o
                0x000000000800a03c                DMA2_S5CR_fields
 .rodata.DMA2_S5FCR_fields
                0x000000000800a0dc       0x20 build/monitor/decoder/STM32F411.o
                0x000000000800a0dc                DMA2_S5FCR_fields
 .rodata.DMA2_S5M0AR_fields
                0x000000000800a0fc        0x8 build/monitor/decoder/STM32F411.o
                0x000000000800a0fc                DMA2_S5M0AR_fields
 .rodata.DMA2_S5M1AR_fields
                0x000000000800a104        0x8 build/monitor/decoder/STM32F411.o
                0x000000000800a104                DMA2_S5M1AR_fields
 .rodata.DMA2_S5NDTR_fields
                0x000000000800a10c        0x8 build/monitor/decoder/STM32F411.o
                0x000000000800a10c                DMA2_S5NDTR_fields
 .rodata.DMA2_S5PAR_fields
                0x000000000800a114        0x8 build/monitor/decoder/STM32F411.o
                0x000000000800a114                DMA2_S5PAR_fields
 .rodata.DMA2_S6CR_fields
                0x000000000800a11c       0xa0 build/monitor/decoder/STM32F411.o
                0x000000000800a11c                DMA2_S6CR_fields
 .rodata.DMA2_S6FCR_fields
                0x000000000800a1bc       0x20 build/monitor/decoder/STM32F411.o
                0x000000000800a1bc                DMA2_S6FCR_fields
 .rodata.DMA2_S6M0AR_fields
                0x000000000800a1dc        0x8 build/monitor/decoder/STM32F411.o
                0x000000000800a1dc                DMA2_S6M0AR_fields
 .rodata.DMA2_S6M1AR_fields
                0x000000000800a1e4        0x8 build/monitor/decoder/STM32F411.o
                0x000000000800a1e4                DMA2_S6M1AR_fields
 .rodata.DMA2_S6NDTR_fields
                0x000000000800a1ec        0x8 build/monitor/decoder/STM32F411.o
                0x000000000800a1ec                DMA2_S6NDTR_fields
 .rodata.DMA2_S6PAR_fields
                0x000000000800a1f4        0x8 build/monitor/decoder/STM32F411.o
                0x000000000800a1f4                DMA2_S6PAR_fields
 .rodata.DMA2_S7CR_fields
                0x000000000800a1fc       0xa0 build/monitor/decoder/STM32F411.o
                0x000000000800a1fc                DMA2_S7CR_fields
 .rodata.DMA2_S7FCR_fields
                0x000000000800a29c       0x20 build/monitor/decoder/STM32F411.o
                0x000000000800a29c                DMA2_S7FCR_fields
 .rodata.DMA2_S7M0AR_fields
                0x000000000800a2bc        0x8 build/monitor/decoder/STM32F411.o
                0x000000000800a2bc                DMA2_S7M0AR_fields
 .rodata.DMA2_S7M1AR_fields
                0x000000000800a2c4        0x8 build/monitor/decoder/STM32F411.o
                0x000000000800a2c4                DMA2_S7M1AR_fields
 .rodata.DMA2_S7NDTR_fields
                0x000000000800a2cc        0x8 build/monitor/decoder/STM32F411.o
                0x000000000800a2cc                DMA2_S7NDTR_fields
 .rodata.DMA2_S7PAR_fields
                0x000000000800a2d4        0x8 build/monitor/decoder/STM32F411.o
                0x000000000800a2d4                DMA2_S7PAR_fields
 .rodata.DMA2_registers
                0x000000000800a2dc      0x340 build/monitor/decoder/STM32F411.o
                0x000000000800a2dc                DMA2_registers
 .rodata.EXTI_EMR_fields
                0x000000000800a61c       0xb8 build/monitor/decoder/STM32F411.o
                0x000000000800a61c                EXTI_EMR_fields
 .rodata.EXTI_FTSR_fields
                0x000000000800a6d4       0xb8 build/monitor/decoder/STM32F411.o
                0x000000000800a6d4                EXTI_FTSR_fields
 .rodata.EXTI_IMR_fields
                0x000000000800a78c       0xb8 build/monitor/decoder/STM32F411.o
                0x000000000800a78c                EXTI_IMR_fields
 .rodata.EXTI_PR_fields
                0x000000000800a844       0xb8 build/monitor/decoder/STM32F411.o
                0x000000000800a844                EXTI_PR_fields
 .rodata.EXTI_RTSR_fields
                0x000000000800a8fc       0xb8 build/monitor/decoder/STM32F411.o
                0x000000000800a8fc                EXTI_RTSR_fields
 .rodata.EXTI_SWIER_fields
                0x000000000800a9b4       0xb8 build/monitor/decoder/STM32F411.o
                0x000000000800a9b4                EXTI_SWIER_fields
 .rodata.EXTI_registers
                0x000000000800aa6c       0x60 build/monitor/decoder/STM32F411.o
                0x000000000800aa6c                EXTI_registers
 .rodata.FLASH_ACR_fields
                0x000000000800aacc       0x30 build/monitor/decoder/STM32F411.o
                0x000000000800aacc                FLASH_ACR_fields
 .rodata.FLASH_CR_fields
                0x000000000800aafc       0x48 build/monitor/decoder/STM32F411.o
                0x000000000800aafc                FLASH_CR_fields
 .rodata.FLASH_KEYR_fields
                0x000000000800ab44        0x8 build/monitor/decoder/STM32F411.o
                0x000000000800ab44                FLASH_KEYR_fields
 .rodata.FLASH_OPTCR_fields
                0x000000000800ab4c       0x40 build/monitor/decoder/STM32F411.o
                0x000000000800ab4c                FLASH_OPTCR_fields
 .rodata.FLASH_OPTKEYR_fields
                0x000000000800ab8c        0x8 build/monitor/decoder/STM32F411.o
                0x000000000800ab8c                FLASH_OPTKEYR_fields
 .rodata.FLASH_SR_fields
                0x000000000800ab94       0x38 build/monitor/decoder/STM32F411.o
                0x000000000800ab94                FLASH_SR_fields
 .rodata.FLASH_registers
                0x000000000800abcc       0x60 build/monitor/decoder/STM32F411.o
                0x000000000800abcc                FLASH_registers
 .rodata.FPU_CPACR_CPACR_fields
                0x000000000800ac2c        0x8 build/monitor/decoder/STM32F411.o
                0x000000000800ac2c                FPU_CPACR_CPACR_fields
 .rodata.FPU_CPACR_registers
                0x000000000800ac34       0x10 build/monitor/decoder/STM32F411.o
                0x000000000800ac34                FPU_CPACR_registers
 .rodata.FPU_FPCAR_fields
                0x000000000800ac44        0x8 build/monitor/decoder/STM32F411.o
                0x000000000800ac44                FPU_FPCAR_fields
 .rodata.FPU_FPCCR_fields
                0x000000000800ac4c       0x48 build/monitor/decoder/STM32F411.o
                0x000000000800ac4c                FPU_FPCCR_fields
 .rodata.FPU_FPSCR_fields
                0x000000000800ac94       0x70 build/monitor/decoder/STM32F411.o
                0x000000000800ac94                FPU_FPSCR_fields
 .rodata.FPU_registers
                0x000000000800ad04       0x30 build/monitor/decoder/STM32F411.o
                0x000000000800ad04                FPU_registers
 .rodata.GPIOA_AFRH_fields
                0x000000000800ad34       0x40 build/monitor/decoder/STM32F411.o
                0x000000000800ad34                GPIOA_AFRH_fields
 .rodata.GPIOA_AFRL_fields
                0x000000000800ad74       0x40 build/monitor/decoder/STM32F411.o
                0x000000000800ad74                GPIOA_AFRL_fields
 .rodata.GPIOA_BSRR_fields
                0x000000000800adb4      0x100 build/monitor/decoder/STM32F411.o
                0x000000000800adb4                GPIOA_BSRR_fields
 .rodata.GPIOA_IDR_fields
                0x000000000800aeb4       0x80 build/monitor/decoder/STM32F411.o
                0x000000000800aeb4                GPIOA_IDR_fields
 .rodata.GPIOA_LCKR_fields
                0x000000000800af34       0x88 build/monitor/decoder/STM32F411.o
                0x000000000800af34                GPIOA_LCKR_fields
 .rodata.GPIOA_MODER_fields
                0x000000000800afbc       0x80 build/monitor/decoder/STM32F411.o
                0x000000000800afbc                GPIOA_MODER_fields
 .rodata.GPIOA_ODR_fields
                0x000000000800b03c       0x80 build/monitor/decoder/STM32F411.o
                0x000000000800b03c                GPIOA_ODR_fields
 .rodata.GPIOA_OSPEEDR_fields
                0x000000000800b0bc       0x80 build/monitor/decoder/STM32F411.o
                0x000000000800b0bc                GPIOA_OSPEEDR_fields
 .rodata.GPIOA_OTYPER_fields
                0x000000000800b13c       0x80 build/monitor/decoder/STM32F411.o
                0x000000000800b13c                GPIOA_OTYPER_fields
 .rodata.GPIOA_PUPDR_fields
                0x000000000800b1bc       0x80 build/monitor/decoder/STM32F411.o
                0x000000000800b1bc                GPIOA_PUPDR_fields
 .rodata.GPIOA_registers
                0x000000000800b23c       0xa0 build/monitor/decoder/STM32F411.o
                0x000000000800b23c                GPIOA_registers
 .rodata.GPIOB_AFRH_fields
                0x000000000800b2dc       0x40 build/monitor/decoder/STM32F411.o
                0x000000000800b2dc                GPIOB_AFRH_fields
 .rodata.GPIOB_AFRL_fields
                0x000000000800b31c       0x40 build/monitor/decoder/STM32F411.o
                0x000000000800b31c                GPIOB_AFRL_fields
 .rodata.GPIOB_BSRR_fields
                0x000000000800b35c      0x100 build/monitor/decoder/STM32F411.o
                0x000000000800b35c                GPIOB_BSRR_fields
 .rodata.GPIOB_IDR_fields
                0x000000000800b45c       0x80 build/monitor/decoder/STM32F411.o
                0x000000000800b45c                GPIOB_IDR_fields
 .rodata.GPIOB_LCKR_fields
                0x000000000800b4dc       0x88 build/monitor/decoder/STM32F411.o
                0x000000000800b4dc                GPIOB_LCKR_fields
 .rodata.GPIOB_MODER_fields
                0x000000000800b564       0x80 build/monitor/decoder/STM32F411.o
                0x000000000800b564                GPIOB_MODER_fields
 .rodata.GPIOB_ODR_fields
                0x000000000800b5e4       0x80 build/monitor/decoder/STM32F411.o
                0x000000000800b5e4                GPIOB_ODR_fields
 .rodata.GPIOB_OSPEEDR_fields
                0x000000000800b664       0x80 build/monitor/decoder/STM32F411.o
                0x000000000800b664                GPIOB_OSPEEDR_fields
 .rodata.GPIOB_OTYPER_fields
                0x000000000800b6e4       0x80 build/monitor/decoder/STM32F411.o
                0x000000000800b6e4                GPIOB_OTYPER_fields
 .rodata.GPIOB_PUPDR_fields
                0x000000000800b764       0x80 build/monitor/decoder/STM32F411.o
                0x000000000800b764                GPIOB_PUPDR_fields
 .rodata.GPIOB_registers
                0x000000000800b7e4       0xa0 build/monitor/decoder/STM32F411.o
                0x000000000800b7e4                GPIOB_registers
 .rodata.GPIOH_AFRH_fields
                0x000000000800b884       0x40 build/monitor/decoder/STM32F411.o
                0x000000000800b884                GPIOH_AFRH_fields
 .rodata.GPIOH_AFRL_fields
                0x000000000800b8c4       0x40 build/monitor/decoder/STM32F411.o
                0x000000000800b8c4                GPIOH_AFRL_fields
 .rodata.GPIOH_BSRR_fields
                0x000000000800b904      0x100 build/monitor/decoder/STM32F411.o
                0x000000000800b904                GPIOH_BSRR_fields
 .rodata.GPIOH_IDR_fields
                0x000000000800ba04       0x80 build/monitor/decoder/STM32F411.o
                0x000000000800ba04                GPIOH_IDR_fields
 .rodata.GPIOH_LCKR_fields
                0x000000000800ba84       0x88 build/monitor/decoder/STM32F411.o
                0x000000000800ba84                GPIOH_LCKR_fields
 .rodata.GPIOH_MODER_fields
                0x000000000800bb0c       0x80 build/monitor/decoder/STM32F411.o
                0x000000000800bb0c                GPIOH_MODER_fields
 .rodata.GPIOH_ODR_fields
                0x000000000800bb8c       0x80 build/monitor/decoder/STM32F411.o
                0x000000000800bb8c                GPIOH_ODR_fields
 .rodata.GPIOH_OSPEEDR_fields
                0x000000000800bc0c       0x80 build/monitor/decoder/STM32F411.o
                0x000000000800bc0c                GPIOH_OSPEEDR_fields
 .rodata.GPIOH_OTYPER_fields
                0x000000000800bc8c       0x80 build/monitor/decoder/STM32F411.o
                0x000000000800bc8c                GPIOH_OTYPER_fields
 .rodata.GPIOH_PUPDR_fields
                0x000000000800bd0c       0x80 build/monitor/decoder/STM32F411.o
                0x000000000800bd0c                GPIOH_PUPDR_fields
 .rodata.GPIOH_registers
                0x000000000800bd8c       0xa0 build/monitor/decoder/STM32F411.o
                0x000000000800bd8c                GPIOH_registers
 .rodata.I2C3_CCR_fields
                0x000000000800be2c       0x18 build/monitor/decoder/STM32F411.o
                0x000000000800be2c                I2C3_CCR_fields
 .rodata.I2C3_CR1_fields
                0x000000000800be44       0x70 build/monitor/decoder/STM32F411.o
                0x000000000800be44                I2C3_CR1_fields
 .rodata.I2C3_CR2_fields
                0x000000000800beb4       0x30 build/monitor/decoder/STM32F411.o
                0x000000000800beb4                I2C3_CR2_fields
 .rodata.I2C3_DR_fields
                0x000000000800bee4        0x8 build/monitor/decoder/STM32F411.o
                0x000000000800bee4                I2C3_DR_fields
 .rodata.I2C3_OAR1_fields
                0x000000000800beec       0x20 build/monitor/decoder/STM32F411.o
                0x000000000800beec                I2C3_OAR1_fields
 .rodata.I2C3_OAR2_fields
                0x000000000800bf0c       0x10 build/monitor/decoder/STM32F411.o
                0x000000000800bf0c                I2C3_OAR2_fields
 .rodata.I2C3_SR1_fields
                0x000000000800bf1c       0x70 build/monitor/decoder/STM32F411.o
                0x000000000800bf1c                I2C3_SR1_fields
 .rodata.I2C3_SR2_fields
                0x000000000800bf8c       0x40 build/monitor/decoder/STM32F411.o
                0x000000000800bf8c                I2C3_SR2_fields
 .rodata.I2C3_TRISE_fields
                0x000000000800bfcc        0x8 build/monitor/decoder/STM32F411.o
                0x000000000800bfcc                I2C3_TRISE_fields
 .rodata.I2C3_registers
                0x000000000800bfd4       0x90 build/monitor/decoder/STM32F411.o
                0x000000000800bfd4                I2C3_registers
 .rodata.I2S2ext_CR1_fields
                0x000000000800c064       0x70 build/monitor/decoder/STM32F411.o
                0x000000000800c064                I2S2ext_CR1_fields
 .rodata.I2S2ext_CR2_fields
                0x000000000800c0d4       0x38 build/monitor/decoder/STM32F411.o
                0x000000000800c0d4                I2S2ext_CR2_fields
 .rodata.I2S2ext_CRCPR_fields
                0x000000000800c10c        0x8 build/monitor/decoder/STM32F411.o
                0x000000000800c10c                I2S2ext_CRCPR_fields
 .rodata.I2S2ext_DR_fields
                0x000000000800c114        0x8 build/monitor/decoder/STM32F411.o
                0x000000000800c114                I2S2ext_DR_fields
 .rodata.I2S2ext_I2SCFGR_fields
                0x000000000800c11c       0x40 build/monitor/decoder/STM32F411.o
                0x000000000800c11c                I2S2ext_I2SCFGR_fields
 .rodata.I2S2ext_I2SPR_fields
                0x000000000800c15c       0x18 build/monitor/decoder/STM32F411.o
                0x000000000800c15c                I2S2ext_I2SPR_fields
 .rodata.I2S2ext_RXCRCR_fields
                0x000000000800c174        0x8 build/monitor/decoder/STM32F411.o
                0x000000000800c174                I2S2ext_RXCRCR_fields
 .rodata.I2S2ext_SR_fields
                0x000000000800c17c       0x48 build/monitor/decoder/STM32F411.o
                0x000000000800c17c                I2S2ext_SR_fields
 .rodata.I2S2ext_TXCRCR_fields
                0x000000000800c1c4        0x8 build/monitor/decoder/STM32F411.o
                0x000000000800c1c4                I2S2ext_TXCRCR_fields
 .rodata.I2S2ext_registers
                0x000000000800c1cc       0x90 build/monitor/decoder/STM32F411.o
                0x000000000800c1cc                I2S2ext_registers
 .rodata.IWDG_KR_fields
                0x000000000800c25c        0x8 build/monitor/decoder/STM32F411.o
                0x000000000800c25c                IWDG_KR_fields
 .rodata.IWDG_PR_fields
                0x000000000800c264        0x8 build/monitor/decoder/STM32F411.o
                0x000000000800c264                IWDG_PR_fields
 .rodata.IWDG_RLR_fields
                0x000000000800c26c        0x8 build/monitor/decoder/STM32F411.o
                0x000000000800c26c                IWDG_RLR_fields
 .rodata.IWDG_SR_fields
                0x000000000800c274       0x10 build/monitor/decoder/STM32F411.o
                0x000000000800c274                IWDG_SR_fields
 .rodata.IWDG_registers
                0x000000000800c284       0x40 build/monitor/decoder/STM32F411.o
                0x000000000800c284                IWDG_registers
 .rodata.MPU_MPU_CTRL_fields
                0x000000000800c2c4       0x18 build/monitor/decoder/STM32F411.o
                0x000000000800c2c4                MPU_MPU_CTRL_fields
 .rodata.MPU_MPU_RASR_fields
                0x000000000800c2dc       0x48 build/monitor/decoder/STM32F411.o
                0x000000000800c2dc                MPU_MPU_RASR_fields
 .rodata.MPU_MPU_RBAR_fields
                0x000000000800c324       0x18 build/monitor/decoder/STM32F411.o
                0x000000000800c324                MPU_MPU_RBAR_fields
 .rodata.MPU_MPU_RNR_fields
                0x000000000800c33c        0x8 build/monitor/decoder/STM32F411.o
                0x000000000800c33c                MPU_MPU_RNR_fields
 .rodata.MPU_MPU_TYPER_fields
                0x000000000800c344       0x18 build/monitor/decoder/STM32F411.o
                0x000000000800c344                MPU_MPU_TYPER_fields
 .rodata.MPU_registers
                0x000000000800c35c       0x50 build/monitor/decoder/STM32F411.o
                0x000000000800c35c                MPU_registers
 .rodata.NVIC_IABR0_fields
                0x000000000800c3ac        0x8 build/monitor/decoder/STM32F411.o
                0x000000000800c3ac                NVIC_IABR0_fields
 .rodata.NVIC_IABR1_fields
                0x000000000800c3b4        0x8 build/monitor/decoder/STM32F411.o
                0x000000000800c3b4                NVIC_IABR1_fields
 .rodata.NVIC_IABR2_fields
                0x000000000800c3bc        0x8 build/monitor/decoder/STM32F411.o
                0x000000000800c3bc                NVIC_IABR2_fields
 .rodata.NVIC_ICER0_fields
                0x000000000800c3c4        0x8 build/monitor/decoder/STM32F411.o
                0x000000000800c3c4                NVIC_ICER0_fields
 .rodata.NVIC_ICER1_fields
                0x000000000800c3cc        0x8 build/monitor/decoder/STM32F411.o
                0x000000000800c3cc                NVIC_ICER1_fields
 .rodata.NVIC_ICER2_fields
                0x000000000800c3d4        0x8 build/monitor/decoder/STM32F411.o
                0x000000000800c3d4                NVIC_ICER2_fields
 .rodata.NVIC_ICPR0_fields
                0x000000000800c3dc        0x8 build/monitor/decoder/STM32F411.o
                0x000000000800c3dc                NVIC_ICPR0_fields
 .rodata.NVIC_ICPR1_fields
                0x000000000800c3e4        0x8 build/monitor/decoder/STM32F411.o
                0x000000000800c3e4                NVIC_ICPR1_fields
 .rodata.NVIC_ICPR2_fields
                0x000000000800c3ec        0x8 build/monitor/decoder/STM32F411.o
                0x000000000800c3ec                NVIC_ICPR2_fields
 .rodata.NVIC_IPR0_fields
                0x000000000800c3f4       0x20 build/monitor/decoder/STM32F411.o
                0x000000000800c3f4                NVIC_IPR0_fields
 .rodata.NVIC_IPR10_fields
                0x000000000800c414       0x20 build/monitor/decoder/STM32F411.o
                0x000000000800c414                NVIC_IPR10_fields
 .rodata.NVIC_IPR11_fields
                0x000000000800c434       0x20 build/monitor/decoder/STM32F411.o
                0x000000000800c434                NVIC_IPR11_fields
 .rodata.NVIC_IPR12_fields
                0x000000000800c454       0x20 build/monitor/decoder/STM32F411.o
                0x000000000800c454                NVIC_IPR12_fields
 .rodata.NVIC_IPR13_fields
                0x000000000800c474       0x20 build/monitor/decoder/STM32F411.o
                0x000000000800c474                NVIC_IPR13_fields
 .rodata.NVIC_IPR14_fields
                0x000000000800c494       0x20 build/monitor/decoder/STM32F411.o
                0x000000000800c494                NVIC_IPR14_fields
 .rodata.NVIC_IPR15_fields
                0x000000000800c4b4       0x20 build/monitor/decoder/STM32F411.o
                0x000000000800c4b4                NVIC_IPR15_fields
 .rodata.NVIC_IPR16_fields
                0x000000000800c4d4       0x20 build/monitor/decoder/STM32F411.o
                0x000000000800c4d4                NVIC_IPR16_fields
 .rodata.NVIC_IPR17_fields
                0x000000000800c4f4       0x20 build/monitor/decoder/STM32F411.o
                0x000000000800c4f4                NVIC_IPR17_fields
 .rodata.NVIC_IPR18_fields
                0x000000000800c514       0x20 build/monitor/decoder/STM32F411.o
                0x000000000800c514                NVIC_IPR18_fields
 .rodata.NVIC_IPR19_fields
                0x000000000800c534       0x20 build/monitor/decoder/STM32F411.o
                0x000000000800c534                NVIC_IPR19_fields
 .rodata.NVIC_IPR1_fields
                0x000000000800c554       0x20 build/monitor/decoder/STM32F411.o
                0x000000000800c554                NVIC_IPR1_fields
 .rodata.NVIC_IPR2_fields
                0x000000000800c574       0x20 build/monitor/decoder/STM32F411.o
                0x000000000800c574                NVIC_IPR2_fields
 .rodata.NVIC_IPR3_fields
                0x000000000800c594       0x20 build/monitor/decoder/STM32F411.o
                0x000000000800c594                NVIC_IPR3_fields
 .rodata.NVIC_IPR4_fields
                0x000000000800c5b4       0x20 build/monitor/decoder/STM32F411.o
                0x000000000800c5b4                NVIC_IPR4_fields
 .rodata.NVIC_IPR5_fields
                0x000000000800c5d4       0x20 build/monitor/decoder/STM32F411.o
                0x000000000800c5d4                NVIC_IPR5_fields
 .rodata.NVIC_IPR6_fields
                0x000000000800c5f4       0x20 build/monitor/decoder/STM32F411.o
                0x000000000800c5f4                NVIC_IPR6_fields
 .rodata.NVIC_IPR7_fields
                0x000000000800c614       0x20 build/monitor/decoder/STM32F411.o
                0x000000000800c614                NVIC_IPR7_fields
 .rodata.NVIC_IPR8_fields
                0x000000000800c634       0x20 build/monitor/decoder/STM32F411.o
                0x000000000800c634                NVIC_IPR8_fields
 .rodata.NVIC_IPR9_fields
                0x000000000800c654       0x20 build/monitor/decoder/STM32F411.o
                0x000000000800c654                NVIC_IPR9_fields
 .rodata.NVIC_ISER0_fields
                0x000000000800c674        0x8 build/monitor/decoder/STM32F411.o
                0x000000000800c674                NVIC_ISER0_fields
 .rodata.NVIC_ISER1_fields
                0x000000000800c67c        0x8 build/monitor/decoder/STM32F411.o
                0x000000000800c67c                NVIC_ISER1_fields
 .rodata.NVIC_ISER2_fields
                0x000000000800c684        0x8 build/monitor/decoder/STM32F411.o
                0x000000000800c684                NVIC_ISER2_fields
 .rodata.NVIC_ISPR0_fields
                0x000000000800c68c        0x8 build/monitor/decoder/STM32F411.o
                0x000000000800c68c                NVIC_ISPR0_fields
 .rodata.NVIC_ISPR1_fields
                0x000000000800c694        0x8 build/monitor/decoder/STM32F411.o
                0x000000000800c694                NVIC_ISPR1_fields
 .rodata.NVIC_ISPR2_fields
                0x000000000800c69c        0x8 build/monitor/decoder/STM32F411.o
                0x000000000800c69c                NVIC_ISPR2_fields
 .rodata.NVIC_STIR_STIR_fields
                0x000000000800c6a4        0x8 build/monitor/decoder/STM32F411.o
                0x000000000800c6a4                NVIC_STIR_STIR_fields
 .rodata.NVIC_STIR_registers
                0x000000000800c6ac       0x10 build/monitor/decoder/STM32F411.o
                0x000000000800c6ac                NVIC_STIR_registers
 .rodata.NVIC_registers
                0x000000000800c6bc      0x230 build/monitor/decoder/STM32F411.o
                0x000000000800c6bc                NVIC_registers
 .rodata.OTG_FS_DEVICE_DIEPCTL1_fields
                0x000000000800c8ec       0x68 build/monitor/decoder/STM32F411.o
                0x000000000800c8ec                OTG_FS_DEVICE_DIEPCTL1_fields
 .rodata.OTG_FS_DEVICE_DIEPCTL2_fields
                0x000000000800c954       0x68 build/monitor/decoder/STM32F411.o
                0x000000000800c954                OTG_FS_DEVICE_DIEPCTL2_fields
 .rodata.OTG_FS_DEVICE_DIEPCTL3_fields
                0x000000000800c9bc       0x68 build/monitor/decoder/STM32F411.o
                0x000000000800c9bc                OTG_FS_DEVICE_DIEPCTL3_fields
 .rodata.OTG_FS_DEVICE_DIEPEMPMSK_fields
                0x000000000800ca24        0x8 build/monitor/decoder/STM32F411.o
                0x000000000800ca24                OTG_FS_DEVICE_DIEPEMPMSK_fields
 .rodata.OTG_FS_DEVICE_DIEPINT0_fields
                0x000000000800ca2c       0x30 build/monitor/decoder/STM32F411.o
                0x000000000800ca2c                OTG_FS_DEVICE_DIEPINT0_fields
 .rodata.OTG_FS_DEVICE_DIEPINT1_fields
                0x000000000800ca5c       0x30 build/monitor/decoder/STM32F411.o
                0x000000000800ca5c                OTG_FS_DEVICE_DIEPINT1_fields
 .rodata.OTG_FS_DEVICE_DIEPINT2_fields
                0x000000000800ca8c       0x30 build/monitor/decoder/STM32F411.o
                0x000000000800ca8c                OTG_FS_DEVICE_DIEPINT2_fields
 .rodata.OTG_FS_DEVICE_DIEPINT3_fields
                0x000000000800cabc       0x30 build/monitor/decoder/STM32F411.o
                0x000000000800cabc                OTG_FS_DEVICE_DIEPINT3_fields
 .rodata.OTG_FS_DEVICE_DIEPTSIZ0_fields
                0x000000000800caec       0x10 build/monitor/decoder/STM32F411.o
                0x000000000800caec                OTG_FS_DEVICE_DIEPTSIZ0_fields
 .rodata.OTG_FS_DEVICE_DIEPTSIZ1_fields
                0x000000000800cafc       0x18 build/monitor/decoder/STM32F411.o
                0x000000000800cafc                OTG_FS_DEVICE_DIEPTSIZ1_fields
 .rodata.OTG_FS_DEVICE_DIEPTSIZ2_fields
                0x000000000800cb14       0x18 build/monitor/decoder/STM32F411.o
                0x000000000800cb14                OTG_FS_DEVICE_DIEPTSIZ2_fields
 .rodata.OTG_FS_DEVICE_DIEPTSIZ3_fields
                0x000000000800cb2c       0x18 build/monitor/decoder/STM32F411.o
                0x000000000800cb2c                OTG_FS_DEVICE_DIEPTSIZ3_fields
 .rodata.OTG_FS_DEVICE_DOEPCTL0_fields
                0x000000000800cb44       0x50 build/monitor/decoder/STM32F411.o
                0x000000000800cb44                OTG_FS_DEVICE_DOEPCTL0_fields
 .rodata.OTG_FS_DEVICE_DOEPCTL1_fields
                0x000000000800cb94       0x68 build/monitor/decoder/STM32F411.o
                0x000000000800cb94                OTG_FS_DEVICE_DOEPCTL1_fields
 .rodata.OTG_FS_DEVICE_DOEPCTL2_fields
                0x000000000800cbfc       0x68 build/monitor/decoder/STM32F411.o
                0x000000000800cbfc                OTG_FS_DEVICE_DOEPCTL2_fields
 .rodata.OTG_FS_DEVICE_DOEPCTL3_fields
                0x000000000800cc64       0x68 build/monitor/decoder/STM32F411.o
                0x000000000800cc64                OTG_FS_DEVICE_DOEPCTL3_fields
 .rodata.OTG_FS_DEVICE_DOEPINT0_fields
                0x000000000800cccc       0x28 build/monitor/decoder/STM32F411.o
                0x000000000800cccc                OTG_FS_DEVICE_DOEPINT0_fields
 .rodata.OTG_FS_DEVICE_DOEPINT1_fields
                0x000000000800ccf4       0x28 build/monitor/decoder/STM32F411.o
                0x000000000800ccf4                OTG_FS_DEVICE_DOEPINT1_fields
 .rodata.OTG_FS_DEVICE_DOEPINT2_fields
                0x000000000800cd1c       0x28 build/monitor/decoder/STM32F411.o
                0x000000000800cd1c                OTG_FS_DEVICE_DOEPINT2_fields
 .rodata.OTG_FS_DEVICE_DOEPINT3_fields
                0x000000000800cd44       0x28 build/monitor/decoder/STM32F411.o
                0x000000000800cd44                OTG_FS_DEVICE_DOEPINT3_fields
 .rodata.OTG_FS_DEVICE_DOEPTSIZ0_fields
                0x000000000800cd6c       0x18 build/monitor/decoder/STM32F411.o
                0x000000000800cd6c                OTG_FS_DEVICE_DOEPTSIZ0_fields
 .rodata.OTG_FS_DEVICE_DOEPTSIZ1_fields
                0x000000000800cd84       0x18 build/monitor/decoder/STM32F411.o
                0x000000000800cd84                OTG_FS_DEVICE_DOEPTSIZ1_fields
 .rodata.OTG_FS_DEVICE_DOEPTSIZ2_fields
                0x000000000800cd9c       0x18 build/monitor/decoder/STM32F411.o