Archive member included to satisfy reference by file (symbol)

/usr/local/bin/../lib/gcc/arm-none-eabi/10.2.1/../../../../arm-none-eabi/lib/thumb/v7e-m+fp/hard/libg_nano.a(lib_a-ctype_.o)
                              build/monitor/parser.o (symbol from plugin) (_ctype_)
/usr/local/bin/../lib/gcc/arm-none-eabi/10.2.1/../../../../arm-none-eabi/lib/thumb/v7e-m+fp/hard/libg_nano.a(lib_a-errno.o)
                              build/syscall.o (symbol from plugin) (__errno)
/usr/local/bin/../lib/gcc/arm-none-eabi/10.2.1/../../../../arm-none-eabi/lib/thumb/v7e-m+fp/hard/libg_nano.a(lib_a-exit.o)
                              /usr/local/bin/../lib/gcc/arm-none-eabi/10.2.1/../../../../arm-none-eabi/lib/thumb/v7e-m+fp/hard/crt0.o (exit)
/usr/local/bin/../lib/gcc/arm-none-eabi/10.2.1/../../../../arm-none-eabi/lib/thumb/v7e-m+fp/hard/libg_nano.a(lib_a-impure.o)
                              /usr/local/bin/../lib/gcc/arm-none-eabi/10.2.1/../../../../arm-none-eabi/lib/thumb/v7e-m+fp/hard/libg_nano.a(lib_a-exit.o) (_global_impure_ptr)
/usr/local/bin/../lib/gcc/arm-none-eabi/10.2.1/../../../../arm-none-eabi/lib/thumb/v7e-m+fp/hard/libg_nano.a(lib_a-init.o)
                              /usr/local/bin/../lib/gcc/arm-none-eabi/10.2.1/../../../../arm-none-eabi/lib/thumb/v7e-m+fp/hard/crt0.o (__libc_init_array)
/usr/local/bin/../lib/gcc/arm-none-eabi/10.2.1/../../../../arm-none-eabi/lib/thumb/v7e-m+fp/hard/libg_nano.a(lib_a-memset.o)
                              /usr/local/bin/../lib/gcc/arm-none-eabi/10.2.1/../../../../arm-none-eabi/lib/thumb/v7e-m+fp/hard/crt0.o (memset)
/usr/local/bin/../lib/gcc/arm-none-eabi/10.2.1/../../../../arm-none-eabi/lib/thumb/v7e-m+fp/hard/libg_nano.a(lib_a-nano-vfprintf_float.o)
                              (_printf_float)
/usr/local/bin/../lib/gcc/arm-none-eabi/10.2.1/../../../../arm-none-eabi/lib/thumb/v7e-m+fp/hard/libg_nano.a(lib_a-nano-vfprintf_i.o)
                              /usr/local/bin/../lib/gcc/arm-none-eabi/10.2.1/../../../../arm-none-eabi/lib/thumb/v7e-m+fp/hard/libg_nano.a(lib_a-nano-vfprintf_float.o) (_printf_common)
/usr/local/bin/../lib/gcc/arm-none-eabi/10.2.1/../../../../arm-none-eabi/lib/thumb/v7e-m+fp/hard/libg_nano.a(lib_a-setvbuf.o)
                              build/monitor/terminal.o (symbol from plugin) (setvbuf)
/usr/local/bin/../lib/gcc/arm-none-eabi/10.2.1/../../../../arm-none-eabi/lib/thumb/v7e-m+fp/hard/libg_nano.a(lib_a-strlen.o)
                              /usr/local/bin/../lib/gcc/arm-none-eabi/10.2.1/../../../../arm-none-eabi/lib/thumb/v7e-m+fp/hard/libg_nano.a(lib_a-nano-vfprintf_float.o) (strlen)
/usr/local/bin/../lib/gcc/arm-none-eabi/10.2.1/../../../../arm-none-eabi/lib/thumb/v7e-m+fp/hard/libg_nano.a(lib_a-strtod.o)
                              build/monitor/parser.o (symbol from plugin) (strtod)
/usr/local/bin/../lib/gcc/arm-none-eabi/10.2.1/../../../../arm-none-eabi/lib/thumb/v7e-m+fp/hard/libg_nano.a(lib_a-strtok.o)
                              build/monitor/parser.o (symbol from plugin) (strtok)
/usr/local/bin/../lib/gcc/arm-none-eabi/10.2.1/../../../../arm-none-eabi/lib/thumb/v7e-m+fp/hard/libg_nano.a(lib_a-strtok_r.o)
                              /usr/local/bin/../lib/gcc/arm-none-eabi/10.2.1/../../../../arm-none-eabi/lib/thumb/v7e-m+fp/hard/libg_nano.a(lib_a-strtok.o) (__strtok_r)
/usr/local/bin/../lib/gcc/arm-none-eabi/10.2.1/../../../../arm-none-eabi/lib/thumb/v7e-m+fp/hard/libg_nano.a(lib_a-strtol.o)
                              build/monitor/parser.o (symbol from plugin) (strtol)
/usr/local/bin/../lib/gcc/arm-none-eabi/10.2.1/../../../../arm-none-eabi/lib/thumb/v7e-m+fp/hard/libg_nano.a(lib_a-strtoul.o)
                              build/monitor/parser.o (symbol from plugin) (strtoul)
/usr/local/bin/../lib/gcc/arm-none-eabi/10.2.1/../../../../arm-none-eabi/lib/thumb/v7e-m+fp/hard/libg_nano.a(lib_a-assert.o)
                              /usr/local/bin/../lib/gcc/arm-none-eabi/10.2.1/../../../../arm-none-eabi/lib/thumb/v7e-m+fp/hard/libg_nano.a(lib_a-strtok.o) (__assert_func)
/usr/local/bin/../lib/gcc/arm-none-eabi/10.2.1/../../../../arm-none-eabi/lib/thumb/v7e-m+fp/hard/libg_nano.a(lib_a-dtoa.o)
                              /usr/local/bin/../lib/gcc/arm-none-eabi/10.2.1/../../../../arm-none-eabi/lib/thumb/v7e-m+fp/hard/libg_nano.a(lib_a-nano-vfprintf_float.o) (_dtoa_r)
/usr/local/bin/../lib/gcc/arm-none-eabi/10.2.1/../../../../arm-none-eabi/lib/thumb/v7e-m+fp/hard/libg_nano.a(lib_a-fflush.o)
                              /usr/local/bin/../lib/gcc/arm-none-eabi/10.2.1/../../../../arm-none-eabi/lib/thumb/v7e-m+fp/hard/libg_nano.a(lib_a-setvbuf.o) (_fflush_r)
/usr/local/bin/../lib/gcc/arm-none-eabi/10.2.1/../../../../arm-none-eabi/lib/thumb/v7e-m+fp/hard/libg_nano.a(lib_a-findfp.o)
                              /usr/local/bin/../lib/gcc/arm-none-eabi/10.2.1/../../../../arm-none-eabi/lib/thumb/v7e-m+fp/hard/libg_nano.a(lib_a-setvbuf.o) (__sinit)
[...]
Memory Configuration

Name             Origin             Length             Attributes
RAM              0x0000000020000000 0x0000000000020000 xrw
FLASH            0x0000000008000000 0x0000000000080000 xr
*default*        0x0000000000000000 0xffffffffffffffff

Linker script and memory map

LOAD /usr/local/bin/../lib/gcc/arm-none-eabi/10.2.1/thumb/v7e-m+fp/hard/crti.o
LOAD /usr/local/bin/../lib/gcc/arm-none-eabi/10.2.1/thumb/v7e-m+fp/hard/crtbegin.o
LOAD /usr/local/bin/../lib/gcc/arm-none-eabi/10.2.1/../../../../arm-none-eabi/lib/thumb/v7e-m+fp/hard/crt0.o
LOAD build/my_main.o
LOAD /tmp/pidLab11.elf.GIQjHK.ltrans0.ltrans.o
LOAD /tmp/ccLTToIM.debug.temp.o
LOAD /tmp/ccmozNJK.debug.temp.o
LOAD /tmp/cccsKsoN.debug.temp.o
LOAD /tmp/ccWWpJ4L.debug.temp.o
LOAD /tmp/ccoqSvyK.debug.temp.o
LOAD /tmp/ccW6mfzJ.debug.temp.o
LOAD /tmp/ccOyNMyN.debug.temp.o
LOAD /tmp/cco7oO2J.debug.temp.o
LOAD /tmp/ccnrxeCN.debug.temp.o
LOAD /tmp/ccaYVfCN.debug.temp.o
LOAD /tmp/cci5lGFN.debug.temp.o
LOAD /tmp/cc0mLLsM.debug.temp.o
LOAD /tmp/ccCud4pL.debug.temp.o
LOAD /tmp/ccog7XKM.debug.temp.o
LOAD /tmp/ccA3AmMK.debug.temp.o
LOAD /tmp/cc51WORM.debug.temp.o
LOAD /tmp/ccQqB5MJ.debug.temp.o
LOAD /tmp/cc8RBKmL.debug.temp.o
LOAD /tmp/ccx9mXfL.debug.temp.o
LOAD /tmp/cchHDC4K.debug.temp.o
LOAD /tmp/ccPu4gJN.debug.temp.o
LOAD /tmp/ccOrRKTL.debug.temp.o
LOAD /tmp/ccPFdG4K.debug.temp.o
LOAD /tmp/ccxw0R7M.debug.temp.o
LOAD /tmp/ccRNWR0J.debug.temp.o
LOAD /tmp/cc6GnAdN.debug.temp.o
LOAD /tmp/ccnKx8QK.debug.temp.o
LOAD /tmp/ccqQPqkN.debug.temp.o
LOAD /tmp/ccyPj68M.debug.temp.o
LOAD /tmp/ccCLaBFM.debug.temp.o
LOAD /tmp/ccjseS1L.debug.temp.o
LOAD /tmp/ccdFZQ4K.debug.temp.o
LOAD /tmp/ccM9AKiJ.debug.temp.o
LOAD /tmp/cctvzJ6J.debug.temp.o
LOAD /tmp/cciUao0K.debug.temp.o
LOAD /tmp/ccqKaLWM.debug.temp.o
LOAD /tmp/ccMPC5aM.debug.temp.o
LOAD /tmp/cccegMPJ.debug.temp.o
LOAD build/mycode.o
LOAD build/mytest.o
LOAD build/example_dc.o
LOAD build/example_encoder.o
LOAD build/monitor/decoder/STM32F411.o
LOAD build/cubemx_stm32f411/startup_stm32f411xe.o
LOAD build/syscall.o
LOAD build/monitor/monitor.o
LOAD build/monitor/parser.o
LOAD build/monitor/dump.o
LOAD build/monitor/terminal.o
LOAD build/monitor/wdog.o
LOAD build/monitor/tasking.o
LOAD build/monitor/default.o
LOAD build/monitor/decoder/decoder.o
LOAD build/cubemx_stm32f411/Core/Src/main.o
LOAD build/cubemx_stm32f411/Core/Src/stm32f4xx_it.o
LOAD build/cubemx_stm32f411/Core/Src/stm32f4xx_hal_msp.o
LOAD build/cubemx_stm32f411/Core/Src/system_stm32f4xx.o
LOAD build/cubemx_stm32f411/Drivers/STM32F4xx_HAL_Driver/Src/stm32f4xx_hal_rcc.o
LOAD build/cubemx_stm32f411/Drivers/STM32F4xx_HAL_Driver/Src/stm32f4xx_hal_rcc_ex.o
LOAD build/cubemx_stm32f411/Drivers/STM32F4xx_HAL_Driver/Src/stm32f4xx_hal.o
LOAD build/cubemx_stm32f411/Drivers/STM32F4xx_HAL_Driver/Src/stm32f4xx_hal_cortex.o
LOAD build/cubemx_stm32f411/Drivers/STM32F4xx_HAL_Driver/Src/stm32f4xx_hal_uart.o
LOAD build/cubemx_stm32f411/Drivers/STM32F4xx_HAL_Driver/Src/stm32f4xx_hal_gpio.o
LOAD build/cubemx_stm32f411/Drivers/STM32F4xx_HAL_Driver/Src/stm32f4xx_hal_iwdg.o
LOAD build/cubemx_stm32f411/Drivers/STM32F4xx_HAL_Driver/Src/stm32f4xx_hal_rtc.o
LOAD build/cubemx_stm32f411/Drivers/STM32F4xx_HAL_Driver/Src/stm32f4xx_hal_rtc_ex.o
LOAD build/cubemx_stm32f411/Drivers/STM32F4xx_HAL_Driver/Src/stm32f4xx_hal_adc.o
LOAD build/cubemx_stm32f411/Drivers/STM32F4xx_HAL_Driver/Src/stm32f4xx_hal_adc_ex.o
LOAD build/cubemx_stm32f411/Drivers/STM32F4xx_HAL_Driver/Src/stm32f4xx_hal_dac.o
LOAD build/cubemx_stm32f411/Drivers/STM32F4xx_HAL_Driver/Src/stm32f4xx_hal_dac_ex.o
LOAD build/cubemx_stm32f411/Drivers/STM32F4xx_HAL_Driver/Src/stm32f4xx_hal_tim.o
LOAD build/cubemx_stm32f411/Drivers/STM32F4xx_HAL_Driver/Src/stm32f4xx_hal_tim_ex.o
LOAD build/cubemx_stm32f411/Drivers/STM32F4xx_HAL_Driver/Src/stm32f4xx_hal_flash.o
LOAD build/cubemx_stm32f411/Drivers/STM32F4xx_HAL_Driver/Src/stm32f4xx_hal_flash_ex.o
LOAD build/cubemx_stm32f411/Drivers/STM32F4xx_HAL_Driver/Src/stm32f4xx_hal_pwr.o
LOAD build/cubemx_stm32f411/Drivers/STM32F4xx_HAL_Driver/Src/stm32f4xx_hal_pwr_ex.o
LOAD build/version.o
START GROUP
LOAD /usr/local/bin/../lib/gcc/arm-none-eabi/10.2.1/thumb/v7e-m+fp/hard/libgcc.a
LOAD /usr/local/bin/../lib/gcc/arm-none-eabi/10.2.1/../../../../arm-none-eabi/lib/thumb/v7e-m+fp/hard/libg_nano.a
LOAD /usr/local/bin/../lib/gcc/arm-none-eabi/10.2.1/../../../../arm-none-eabi/lib/thumb/v7e-m+fp/hard/libc_nano.a
END GROUP
START GROUP
LOAD /usr/local/bin/../lib/gcc/arm-none-eabi/10.2.1/thumb/v7e-m+fp/hard/libgcc.a
LOAD /usr/local/bin/../lib/gcc/arm-none-eabi/10.2.1/../../../../arm-none-eabi/lib/thumb/v7e-m+fp/hard/libc_nano.a
END GROUP
LOAD /usr/local/bin/../lib/gcc/arm-none-eabi/10.2.1/thumb/v7e-m+fp/hard/crtend.o
LOAD /usr/local/bin/../lib/gcc/arm-none-eabi/10.2.1/thumb/v7e-m+fp/hard/crtn.o
                0x0000000020020000                _estack = 0x20020000
                0x0000000000000200                _Min_Heap_Size = 0x200
                0x0000000000000400                _Min_Stack_Size = 0x400

.isr_vector     0x0000000008000000      0x198
                0x0000000008000000                . = ALIGN (0x4)
 *(.isr_vector)
 .isr_vector    0x0000000008000000      0x198 build/cubemx_stm32f411/startup_stm32f411xe.o
                0x0000000008000000                g_pfnVectors
                0x0000000008000198                . = ALIGN (0x4)

.text           0x00000000080001a0     0x7de4
                0x00000000080001a0                . = ALIGN (0x4)
 *(.text)
 .text          0x00000000080001a0       0x40 /usr/local/bin/../lib/gcc/arm-none-eabi/10.2.1/thumb/v7e-m+fp/hard/crtbegin.o
 .text          0x00000000080001e0       0x34 build/mycode.o
                0x00000000080001e0                mytest
                0x00000000080001f4                my_Tick
                0x0000000008000208                my_Loop
                0x000000000800020c                my_Init
 .text          0x0000000008000214       0x10 /usr/local/bin/../lib/gcc/arm-none-eabi/10.2.1/../../../../arm-none-eabi/lib/thumb/v7e-m+fp/hard/libg_nano.a(lib_a-strlen.o)
                0x0000000008000214                strlen
 *fill*         0x0000000008000224        0xc 
 .text          0x0000000008000230       0xa0 /usr/local/bin/../lib/gcc/arm-none-eabi/10.2.1/../../../../arm-none-eabi/lib/thumb/v7e-m+fp/hard/libg_nano.a(lib_a-memchr.o)
                0x0000000008000230                memchr
 .text          0x00000000080002d0      0x378 /usr/local/bin/../lib/gcc/arm-none-eabi/10.2.1/thumb/v7e-m+fp/hard/libgcc.a(_arm_addsubdf3.o)
                0x00000000080002d0                __aeabi_drsub
                0x00000000080002d8                __aeabi_dsub
                0x00000000080002d8                __subdf3
                0x00000000080002dc                __adddf3
                0x00000000080002dc                __aeabi_dadd
                0x0000000008000554                __aeabi_ui2d
                0x0000000008000554                __floatunsidf
                0x0000000008000574                __floatsidf
                0x0000000008000574                __aeabi_i2d
                0x0000000008000598                __extendsfdf2
                0x0000000008000598                __aeabi_f2d
                0x00000000080005dc                __aeabi_ul2d
                0x00000000080005dc                __floatundidf
                0x00000000080005ec                __floatdidf
                0x00000000080005ec                __aeabi_l2d
 .text          0x0000000008000648      0x424 /usr/local/bin/../lib/gcc/arm-none-eabi/10.2.1/thumb/v7e-m+fp/hard/libgcc.a(_arm_muldivdf3.o)
                0x0000000008000648                __aeabi_dmul
                0x0000000008000648                __muldf3
                0x000000000800089c                __aeabi_ddiv
                0x000000000800089c                __divdf3
 .text          0x0000000008000a6c      0x110 /usr/local/bin/../lib/gcc/arm-none-eabi/10.2.1/thumb/v7e-m+fp/hard/libgcc.a(_arm_cmpdf2.o)
                0x0000000008000a6c                __gtdf2
                0x0000000008000a6c                __gedf2
                0x0000000008000a74                __ltdf2
                0x0000000008000a74                __ledf2
                0x0000000008000a7c                __cmpdf2
                0x0000000008000a7c                __eqdf2
                0x0000000008000a7c                __nedf2
                0x0000000008000af8                __aeabi_cdrcmple
                0x0000000008000b08                __aeabi_cdcmple
                0x0000000008000b08                __aeabi_cdcmpeq
                0x0000000008000b18                __aeabi_dcmpeq
                0x0000000008000b2c                __aeabi_dcmplt
                0x0000000008000b40                __aeabi_dcmple
                0x0000000008000b54                __aeabi_dcmpge
                0x0000000008000b68                __aeabi_dcmpgt
 .text          0x0000000008000b7c       0x2c /usr/local/bin/../lib/gcc/arm-none-eabi/10.2.1/thumb/v7e-m+fp/hard/libgcc.a(_arm_unorddf2.o)
                0x0000000008000b7c                __aeabi_dcmpun
                0x0000000008000b7c                __unorddf2
 .text          0x0000000008000ba8       0x50 /usr/local/bin/../lib/gcc/arm-none-eabi/10.2.1/thumb/v7e-m+fp/hard/libgcc.a(_arm_fixdfsi.o)
                0x0000000008000ba8                __fixdfsi
                0x0000000008000ba8                __aeabi_d2iz
 .text          0x0000000008000bf8       0x40 /usr/local/bin/../lib/gcc/arm-none-eabi/10.2.1/thumb/v7e-m+fp/hard/libgcc.a(_arm_fixunsdfsi.o)
                0x0000000008000bf8                __fixunsdfsi
                0x0000000008000bf8                __aeabi_d2uiz
 .text          0x0000000008000c38       0x30 /usr/local/bin/../lib/gcc/arm-none-eabi/10.2.1/thumb/v7e-m+fp/hard/libgcc.a(_fixdfdi.o)
                0x0000000008000c38                __aeabi_d2lz
                0x0000000008000c38                __fixdfdi
 .text          0x0000000008000c68       0x3c /usr/local/bin/../lib/gcc/arm-none-eabi/10.2.1/thumb/v7e-m+fp/hard/libgcc.a(_fixunsdfdi.o)
                0x0000000008000c68                __aeabi_d2ulz
                0x0000000008000c68                __fixunsdfdi
 .text          0x0000000008000ca4       0x30 /usr/local/bin/../lib/gcc/arm-none-eabi/10.2.1/thumb/v7e-m+fp/hard/libgcc.a(_aeabi_uldivmod.o)
                0x0000000008000ca4                __aeabi_uldivmod
 .text          0x0000000008000cd4      0x2d0 /usr/local/bin/../lib/gcc/arm-none-eabi/10.2.1/thumb/v7e-m+fp/hard/libgcc.a(_udivmoddi4.o)
                0x0000000008000cd4                __udivmoddi4
 .text          0x0000000008000fa4        0x4 /usr/local/bin/../lib/gcc/arm-none-eabi/10.2.1/thumb/v7e-m+fp/hard/libgcc.a(_dvmd_tls.o)
                0x0000000008000fa4                __aeabi_ldiv0
                0x0000000008000fa4                __aeabi_idiv0
 *(.text*)
 .text.StopMotor
                0x0000000008000fa8       0x8c /tmp/pidLab11.elf.GIQjHK.ltrans0.ltrans.o
 .text.HAL_TIM_IC_CaptureCallback
                0x0000000008001034       0x28 /tmp/pidLab11.elf.GIQjHK.ltrans0.ltrans.o
 .text.TerminalRead
                0x000000000800105c       0x4c /tmp/pidLab11.elf.GIQjHK.ltrans0.ltrans.o
 .text.Uncompress
                0x00000000080010a8       0x7c /tmp/pidLab11.elf.GIQjHK.ltrans0.ltrans.o
 .text.HAL_NVIC_SetPriority
                0x0000000008001124       0x5c /tmp/pidLab11.elf.GIQjHK.ltrans0.ltrans.o
 .text.HAL_GPIO_Init
                0x0000000008001180      0x190 /tmp/pidLab11.elf.GIQjHK.ltrans0.ltrans.o
 .text.HAL_TIM_IRQHandler
                0x0000000008001310      0x2cc /tmp/pidLab11.elf.GIQjHK.ltrans0.ltrans.o
 .text.HAL_TIM_PWM_ConfigChannel
                0x00000000080015dc      0x164 /tmp/pidLab11.elf.GIQjHK.ltrans0.ltrans.o
 .text.TIM_Base_SetConfig
                0x0000000008001740       0x9c /tmp/pidLab11.elf.GIQjHK.ltrans0.ltrans.o
 .text.HAL_TIMEx_MasterConfigSynchronization.constprop.0
                0x00000000080017dc       0x64 /tmp/pidLab11.elf.GIQjHK.ltrans0.ltrans.o
 .text.HAL_TIM_Base_Init.constprop.0
                0x0000000008001840       0x74 /tmp/pidLab11.elf.GIQjHK.ltrans0.ltrans.o
 .text.HAL_TIM_Encoder_Init.constprop.0
                0x00000000080018b4       0x9e /tmp/pidLab11.elf.GIQjHK.ltrans0.ltrans.o
 *fill*         0x0000000008001952        0x2 
 .text.HAL_InitTick.isra.0
                0x0000000008001954       0x54 /tmp/pidLab11.elf.GIQjHK.ltrans0.ltrans.o
 .text.TerminalOutputBufferWrite.isra.0
                0x00000000080019a8       0xc8 /tmp/pidLab11.elf.GIQjHK.ltrans0.ltrans.o
 .text.GetEncoderValue
                0x0000000008001a70       0x1c /tmp/pidLab11.elf.GIQjHK.ltrans0.ltrans.o
 *fill*         0x0000000008001a8c        0x4 
 .text.GetSpeed
                0x0000000008001a90       0x54 /tmp/pidLab11.elf.GIQjHK.ltrans0.ltrans.o
 .text.CmdEncoder2
                0x0000000008001ae4       0x24 /tmp/pidLab11.elf.GIQjHK.ltrans0.ltrans.o
 .text.CmdTasks
                0x0000000008001b08       0x44 /tmp/pidLab11.elf.GIQjHK.ltrans0.ltrans.o
 .text.DecodeReadRegister
                0x0000000008001b4c       0x54 /tmp/pidLab11.elf.GIQjHK.ltrans0.ltrans.o
 .text.CmdVersion
                0x0000000008001ba0       0x20 /tmp/pidLab11.elf.GIQjHK.ltrans0.ltrans.o
 .text.DecodeWriteRegister.isra.0
                0x0000000008001bc0       0x50 /tmp/pidLab11.elf.GIQjHK.ltrans0.ltrans.o
 .text.CmdTest  0x0000000008001c10       0x2c /tmp/pidLab11.elf.GIQjHK.ltrans0.ltrans.o
 .text.LoopInit
                0x0000000008001c3c      0x3ac /tmp/pidLab11.elf.GIQjHK.ltrans0.ltrans.o
 .text.EncoderInit
                0x0000000008001fe8      0x2dc /tmp/pidLab11.elf.GIQjHK.ltrans0.ltrans.o
 .text.SetSpeed
                0x00000000080022c4      0x108 /tmp/pidLab11.elf.GIQjHK.ltrans0.ltrans.o
 .text.fetch_string_arg
                0x00000000080023cc       0x30 /tmp/pidLab11.elf.GIQjHK.ltrans0.ltrans.o
 .text.DecodeRegister
                0x00000000080023fc       0xb8 /tmp/pidLab11.elf.GIQjHK.ltrans0.ltrans.o
 .text.DecodePeripheral
                0x00000000080024b4       0x50 /tmp/pidLab11.elf.GIQjHK.ltrans0.ltrans.o
 .text.DecodePrintRegisters
                0x0000000008002504       0x60 /tmp/pidLab11.elf.GIQjHK.ltrans0.ltrans.o
 .text.DecodePrintPeripherals.constprop.0
                0x0000000008002564       0x58 /tmp/pidLab11.elf.GIQjHK.ltrans0.ltrans.o
 .text.TaskInput
                0x00000000080025bc      0x204 /tmp/pidLab11.elf.GIQjHK.ltrans0.ltrans.o
 .text.fetch_uint32_arg
                0x00000000080027c0       0x3c /tmp/pidLab11.elf.GIQjHK.ltrans0.ltrans.o
 .text.CmdLed   0x00000000080027fc       0x58 /tmp/pidLab11.elf.GIQjHK.ltrans0.ltrans.o
 .text.CmdR     0x0000000008002854       0x70 /tmp/pidLab11.elf.GIQjHK.ltrans0.ltrans.o
 .text.CmdW     0x00000000080028c4       0x1e /tmp/pidLab11.elf.GIQjHK.ltrans0.ltrans.o
 *fill*         0x00000000080028e2        0x2 
 .text.CmdDump  0x00000000080028e4       0xf8 /tmp/pidLab11.elf.GIQjHK.ltrans0.ltrans.o
 .text.CmdSend  0x00000000080029dc       0x74 /tmp/pidLab11.elf.GIQjHK.ltrans0.ltrans.o
 .text.CmdReceive
                0x0000000008002a50       0x60 /tmp/pidLab11.elf.GIQjHK.ltrans0.ltrans.o
 .text.CmdTransparent
                0x0000000008002ab0       0x44 /tmp/pidLab11.elf.GIQjHK.ltrans0.ltrans.o
 .text.CmdDecode
                0x0000000008002af4      0x284 /tmp/pidLab11.elf.GIQjHK.ltrans0.ltrans.o
 .text.PolledPrintf
                0x0000000008002d78       0x3c /tmp/pidLab11.elf.GIQjHK.ltrans0.ltrans.o
 .text.CmdStats
                0x0000000008002db4       0x68 /tmp/pidLab11.elf.GIQjHK.ltrans0.ltrans.o
 .text.USR_LED_Toggle
                0x0000000008002e1c       0x14 /tmp/pidLab11.elf.GIQjHK.ltrans0.ltrans.o
                0x0000000008002e1c                USR_LED_Toggle
 .text.TIM1_UP_TIM10_IRQHandler
                0x0000000008002e30        0xc /tmp/pidLab11.elf.GIQjHK.ltrans0.ltrans.o
                0x0000000008002e30                TIM1_UP_TIM10_IRQHandler
 .text.TIM3_IRQHandler
                0x0000000008002e3c        0xc /tmp/pidLab11.elf.GIQjHK.ltrans0.ltrans.o
                0x0000000008002e3c                TIM3_IRQHandler
 .text._sbrk_r  0x0000000008002e48       0x30 /tmp/pidLab11.elf.GIQjHK.ltrans0.ltrans.o
                0x0000000008002e48                _sbrk_r
 .text._close_r
                0x0000000008002e78        0x4 /tmp/pidLab11.elf.GIQjHK.ltrans0.ltrans.o
                0x0000000008002e78                _close_r
 .text._fstat_r
                0x0000000008002e7c        0xa /tmp/pidLab11.elf.GIQjHK.ltrans0.ltrans.o
                0x0000000008002e7c                _fstat_r
 .text._isatty_r
                0x0000000008002e86        0x4 /tmp/pidLab11.elf.GIQjHK.ltrans0.ltrans.o
                0x0000000008002e86                _isatty_r
 .text._lseek_r
                0x0000000008002e8a        0x4 /tmp/pidLab11.elf.GIQjHK.ltrans0.ltrans.o
                0x0000000008002e8a                _lseek_r
 .text._read_r  0x0000000008002e8e        0xa /tmp/pidLab11.elf.GIQjHK.ltrans0.ltrans.o
                0x0000000008002e8e                _read_r
 .text._write_r
                0x0000000008002e98       0x40 /tmp/pidLab11.elf.GIQjHK.ltrans0.ltrans.o
                0x0000000008002e98                _write_r
 .text._kill    0x0000000008002ed8        0x6 /tmp/pidLab11.elf.GIQjHK.ltrans0.ltrans.o
                0x0000000008002ed8                _kill
 .text._exit    0x0000000008002ede        0x2 /tmp/pidLab11.elf.GIQjHK.ltrans0.ltrans.o
                0x0000000008002ede                _exit
 .text._getpid  0x0000000008002ee0        0x4 /tmp/pidLab11.elf.GIQjHK.ltrans0.ltrans.o
                0x0000000008002ee0                _getpid
 .text.USART2_IRQHandler
                0x0000000008002ee4       0xe8 /tmp/pidLab11.elf.GIQjHK.ltrans0.ltrans.o
                0x0000000008002ee4                USART2_IRQHandler
 .text.Default_IRQHandler
                0x0000000008002fcc       0x58 /tmp/pidLab11.elf.GIQjHK.ltrans0.ltrans.o
                0x0000000008002fcc                Default_IRQHandler
 .text.startup.main
                0x0000000008003024      0x688 /tmp/pidLab11.elf.GIQjHK.ltrans0.ltrans.o
                0x0000000008003024                main
 .text.NMI_Handler
                0x00000000080036ac        0x2 /tmp/pidLab11.elf.GIQjHK.ltrans0.ltrans.o
                0x00000000080036ac                NMI_Handler
 .text.HardFault_Handler
                0x00000000080036ae        0x2 /tmp/pidLab11.elf.GIQjHK.ltrans0.ltrans.o
                0x00000000080036ae                HardFault_Handler
 .text.MemManage_Handler
                0x00000000080036b0        0x2 /tmp/pidLab11.elf.GIQjHK.ltrans0.ltrans.o
                0x00000000080036b0                MemManage_Handler
 .text.BusFault_Handler
                0x00000000080036b2        0x2 /tmp/pidLab11.elf.GIQjHK.ltrans0.ltrans.o
                0x00000000080036b2                BusFault_Handler
 .text.UsageFault_Handler
                0x00000000080036b4        0x2 /tmp/pidLab11.elf.GIQjHK.ltrans0.ltrans.o
                0x00000000080036b4                UsageFault_Handler
 .text.SVC_Handler
                0x00000000080036b6        0x2 /tmp/pidLab11.elf.GIQjHK.ltrans0.ltrans.o
                0x00000000080036b6                SVC_Handler
 .text.DebugMon_Handler
                0x00000000080036b8        0x2 /tmp/pidLab11.elf.GIQjHK.ltrans0.ltrans.o
                0x00000000080036b8                DebugMon_Handler
 .text.PendSV_Handler
                0x00000000080036ba        0x2 /tmp/pidLab11.elf.GIQjHK.ltrans0.ltrans.o
                0x00000000080036ba                PendSV_Handler
 .text.SysTick_Handler
                0x00000000080036bc       0x20 /tmp/pidLab11.elf.GIQjHK.ltrans0.ltrans.o
                0x00000000080036bc                SysTick_Handler
 .text.SystemInit
                0x00000000080036dc       0x14 /tmp/pidLab11.elf.GIQjHK.ltrans0.ltrans.o
                0x00000000080036dc                SystemInit
 .text.Reset_Handler
                0x00000000080036f0       0x50 build/cubemx_stm32f411/startup_stm32f411xe.o
                0x00000000080036f0                Reset_Handler
 .text.Default_Handler
                0x0000000008003740        0x6 build/cubemx_stm32f411/startup_stm32f411xe.o
                0x0000000008003740                RTC_Alarm_IRQHandler
                0x0000000008003740                EXTI2_IRQHandler
                0x0000000008003740                SPI4_IRQHandler
                0x0000000008003740                TIM1_CC_IRQHandler
                0x0000000008003740                DMA2_Stream5_IRQHandler
                0x0000000008003740                DMA1_Stream5_IRQHandler
                0x0000000008003740                PVD_IRQHandler
                0x0000000008003740                SDIO_IRQHandler
                0x0000000008003740                TAMP_STAMP_IRQHandler
                0x0000000008003740                EXTI3_IRQHandler
                0x0000000008003740                I2C3_ER_IRQHandler
                0x0000000008003740                EXTI0_IRQHandler
                0x0000000008003740                I2C2_EV_IRQHandler
                0x0000000008003740                DMA1_Stream2_IRQHandler
                0x0000000008003740                FPU_IRQHandler
                0x0000000008003740                DMA2_Stream2_IRQHandler
                0x0000000008003740                SPI1_IRQHandler
                0x0000000008003740                TIM1_BRK_TIM9_IRQHandler
                0x0000000008003740                DMA2_Stream3_IRQHandler
                0x0000000008003740                USART6_IRQHandler
                0x0000000008003740                DMA2_Stream0_IRQHandler
                0x0000000008003740                TIM4_IRQHandler
                0x0000000008003740                I2C1_EV_IRQHandler
                0x0000000008003740                DMA1_Stream6_IRQHandler
                0x0000000008003740                DMA1_Stream1_IRQHandler
                0x0000000008003740                RCC_IRQHandler
                0x0000000008003740                Default_Handler
                0x0000000008003740                EXTI15_10_IRQHandler
                0x0000000008003740                ADC_IRQHandler
                0x0000000008003740                DMA1_Stream7_IRQHandler
                0x0000000008003740                SPI5_IRQHandler
                0x0000000008003740                TIM5_IRQHandler
                0x0000000008003740                DMA2_Stream7_IRQHandler
                0x0000000008003740                I2C3_EV_IRQHandler
                0x0000000008003740                EXTI9_5_IRQHandler
                0x0000000008003740                RTC_WKUP_IRQHandler
                0x0000000008003740                SPI2_IRQHandler
                0x0000000008003740                DMA1_Stream0_IRQHandler
                0x0000000008003740                EXTI4_IRQHandler
                0x0000000008003740                WWDG_IRQHandler
                0x0000000008003740                TIM2_IRQHandler
                0x0000000008003740                OTG_FS_WKUP_IRQHandler
                0x0000000008003740                TIM1_TRG_COM_TIM11_IRQHandler
                0x0000000008003740                EXTI1_IRQHandler
                0x0000000008003740                I2C2_ER_IRQHandler
                0x0000000008003740                DMA2_Stream1_IRQHandler
                0x0000000008003740                FLASH_IRQHandler
                0x0000000008003740                DMA2_Stream4_IRQHandler
                0x0000000008003740                USART1_IRQHandler
                0x0000000008003740                OTG_FS_IRQHandler
                0x0000000008003740                SPI3_IRQHandler
                0x0000000008003740                DMA1_Stream4_IRQHandler
                0x0000000008003740                I2C1_ER_IRQHandler
                0x0000000008003740                DMA2_Stream6_IRQHandler
                0x0000000008003740                DMA1_Stream3_IRQHandler
 *fill*         0x0000000008003746        0x2 
 .text.__errno  0x0000000008003748        0xc /usr/local/bin/../lib/gcc/arm-none-eabi/10.2.1/../../../../arm-none-eabi/lib/thumb/v7e-m+fp/hard/libg_nano.a(lib_a-errno.o)
                0x0000000008003748                __errno
 .text.__libc_init_array
                0x0000000008003754       0x48 /usr/local/bin/../lib/gcc/arm-none-eabi/10.2.1/../../../../arm-none-eabi/lib/thumb/v7e-m+fp/hard/libg_nano.a(lib_a-init.o)
                0x0000000008003754                __libc_init_array
 .text.memset   0x000000000800379c       0x10 /usr/local/bin/../lib/gcc/arm-none-eabi/10.2.1/../../../../arm-none-eabi/lib/thumb/v7e-m+fp/hard/libg_nano.a(lib_a-memset.o)
                0x000000000800379c                memset
 .text.__cvt    0x00000000080037ac       0xc4 /usr/local/bin/../lib/gcc/arm-none-eabi/10.2.1/../../../../arm-none-eabi/lib/thumb/v7e-m+fp/hard/libg_nano.a(lib_a-nano-vfprintf_float.o)
                0x00000000080037ac                __cvt
 .text.__exponent
                0x0000000008003870       0x7c /usr/local/bin/../lib/gcc/arm-none-eabi/10.2.1/../../../../arm-none-eabi/lib/thumb/v7e-m+fp/hard/libg_nano.a(lib_a-nano-vfprintf_float.o)
                0x0000000008003870                __exponent
 .text._printf_float
                0x00000000080038ec      0x46c /usr/local/bin/../lib/gcc/arm-none-eabi/10.2.1/../../../../arm-none-eabi/lib/thumb/v7e-m+fp/hard/libg_nano.a(lib_a-nano-vfprintf_float.o)
                0x00000000080038ec                _printf_float
 .text._printf_common
                0x0000000008003d58       0xda /usr/local/bin/../lib/gcc/arm-none-eabi/10.2.1/../../../../arm-none-eabi/lib/thumb/v7e-m+fp/hard/libg_nano.a(lib_a-nano-vfprintf_i.o)
                0x0000000008003d58                _printf_common
 *fill*         0x0000000008003e32        0x2 
 .text._printf_i
                0x0000000008003e34      0x24c /usr/local/bin/../lib/gcc/arm-none-eabi/10.2.1/../../../../arm-none-eabi/lib/thumb/v7e-m+fp/hard/libg_nano.a(lib_a-nano-vfprintf_i.o)
                0x0000000008003e34                _printf_i
 .text.setvbuf  0x0000000008004080      0x18c /usr/local/bin/../lib/gcc/arm-none-eabi/10.2.1/../../../../arm-none-eabi/lib/thumb/v7e-m+fp/hard/libg_nano.a(lib_a-setvbuf.o)
                0x0000000008004080                setvbuf
 .text.sulp     0x000000000800420c       0x38 /usr/local/bin/../lib/gcc/arm-none-eabi/10.2.1/../../../../arm-none-eabi/lib/thumb/v7e-m+fp/hard/libg_nano.a(lib_a-strtod.o)
 *fill*         0x0000000008004244        0x4 
 .text._strtod_l
                0x0000000008004248      0xc0c /usr/local/bin/../lib/gcc/arm-none-eabi/10.2.1/../../../../arm-none-eabi/lib/thumb/v7e-m+fp/hard/libg_nano.a(lib_a-strtod.o)
                0x0000000008004248                _strtod_l
 .text.strtod   0x0000000008004e54       0x18 /usr/local/bin/../lib/gcc/arm-none-eabi/10.2.1/../../../../arm-none-eabi/lib/thumb/v7e-m+fp/hard/libg_nano.a(lib_a-strtod.o)
                0x0000000008004e54                strtod
 .text.strtok   0x0000000008004e6c       0x68 /usr/local/bin/../lib/gcc/arm-none-eabi/10.2.1/../../../../arm-none-eabi/lib/thumb/v7e-m+fp/hard/libg_nano.a(lib_a-strtok.o)
                0x0000000008004e6c                strtok
 .text.__strtok_r
                0x0000000008004ed4       0x50 /usr/local/bin/../lib/gcc/arm-none-eabi/10.2.1/../../../../arm-none-eabi/lib/thumb/v7e-m+fp/hard/libg_nano.a(lib_a-strtok_r.o)
                0x0000000008004ed4                __strtok_r
 .text._strtoul_l.constprop.0
                0x0000000008004f24       0xe4 /usr/local/bin/../lib/gcc/arm-none-eabi/10.2.1/../../../../arm-none-eabi/lib/thumb/v7e-m+fp/hard/libg_nano.a(lib_a-strtoul.o)
 .text.strtoul  0x0000000008005008       0x14 /usr/local/bin/../lib/gcc/arm-none-eabi/10.2.1/../../../../arm-none-eabi/lib/thumb/v7e-m+fp/hard/libg_nano.a(lib_a-strtoul.o)
                0x0000000008005008                strtoul
 .text.__assert_func
                0x000000000800501c       0x3c /usr/local/bin/../lib/gcc/arm-none-eabi/10.2.1/../../../../arm-none-eabi/lib/thumb/v7e-m+fp/hard/libg_nano.a(lib_a-assert.o)
                0x000000000800501c                __assert_func
 .text.quorem   0x0000000008005058      0x116 /usr/local/bin/../lib/gcc/arm-none-eabi/10.2.1/../../../../arm-none-eabi/lib/thumb/v7e-m+fp/hard/libg_nano.a(lib_a-dtoa.o)
 *fill*         0x000000000800516e        0x2 
 .text._dtoa_r  0x0000000008005170      0xbdc /usr/local/bin/../lib/gcc/arm-none-eabi/10.2.1/../../../../arm-none-eabi/lib/thumb/v7e-m+fp/hard/libg_nano.a(lib_a-dtoa.o)
                0x0000000008005170                _dtoa_r
 .text.__sflush_r
                0x0000000008005d4c      0x10c /usr/local/bin/../lib/gcc/arm-none-eabi/10.2.1/../../../../arm-none-eabi/lib/thumb/v7e-m+fp/hard/libg_nano.a(lib_a-fflush.o)
                0x0000000008005d4c                __sflush_r
 .text._fflush_r
                0x0000000008005e58       0x78 /usr/local/bin/../lib/gcc/arm-none-eabi/10.2.1/../../../../arm-none-eabi/lib/thumb/v7e-m+fp/hard/libg_nano.a(lib_a-fflush.o)
                0x0000000008005e58                _fflush_r
 .text.std      0x0000000008005ed0       0x48 /usr/local/bin/../lib/gcc/arm-none-eabi/10.2.1/../../../../arm-none-eabi/lib/thumb/v7e-m+fp/hard/libg_nano.a(lib_a-findfp.o)
 .text._cleanup_r
                0x0000000008005f18        0xc /usr/local/bin/../lib/gcc/arm-none-eabi/10.2.1/../../../../arm-none-eabi/lib/thumb/v7e-m+fp/hard/libg_nano.a(lib_a-findfp.o)
                0x0000000008005f18                _cleanup_r
 .text.__sfmoreglue
                0x0000000008005f24       0x2c /usr/local/bin/../lib/gcc/arm-none-eabi/10.2.1/../../../../arm-none-eabi/lib/thumb/v7e-m+fp/hard/libg_nano.a(lib_a-findfp.o)
                0x0000000008005f24                __sfmoreglue
 .text.__sfp_lock_acquire
                0x0000000008005f50        0xc /usr/local/bin/../lib/gcc/arm-none-eabi/10.2.1/../../../../arm-none-eabi/lib/thumb/v7e-m+fp/hard/libg_nano.a(lib_a-findfp.o)
                0x0000000008005f50                __sfp_lock_acquire
 .text.__sfp_lock_release
                0x0000000008005f5c        0xc /usr/local/bin/../lib/gcc/arm-none-eabi/10.2.1/../../../../arm-none-eabi/lib/thumb/v7e-m+fp/hard/libg_nano.a(lib_a-findfp.o)
                0x0000000008005f5c                __sfp_lock_release
 .text.__sinit_lock_acquire
                0x0000000008005f68        0xc /usr/local/bin/../lib/gcc/arm-none-eabi/10.2.1/../../../../arm-none-eabi/lib/thumb/v7e-m+fp/hard/libg_nano.a(lib_a-findfp.o)
                0x0000000008005f68                __sinit_lock_acquire
 .text.__sinit_lock_release
                0x0000000008005f74        0xc /usr/local/bin/../lib/gcc/arm-none-eabi/10.2.1/../../../../arm-none-eabi/lib/thumb/v7e-m+fp/hard/libg_nano.a(lib_a-findfp.o)
                0x0000000008005f74                __sinit_lock_release
 .text.__sinit  0x0000000008005f80       0x70 /usr/local/bin/../lib/gcc/arm-none-eabi/10.2.1/../../../../arm-none-eabi/lib/thumb/v7e-m+fp/hard/libg_nano.a(lib_a-findfp.o)
                0x0000000008005f80                __sinit
 .text.__sfp    0x0000000008005ff0       0x8c /usr/local/bin/../lib/gcc/arm-none-eabi/10.2.1/../../../../arm-none-eabi/lib/thumb/v7e-m+fp/hard/libg_nano.a(lib_a-findfp.o)
                0x0000000008005ff0                __sfp
 .text.fprintf  0x000000000800607c       0x24 /usr/local/bin/../lib/gcc/arm-none-eabi/10.2.1/../../../../arm-none-eabi/lib/thumb/v7e-m+fp/hard/libg_nano.a(lib_a-fprintf.o)
                0x000000000800607c                fprintf
                0x000000000800607c                fiprintf
 .text._fwalk_reent
                0x00000000080060a0       0x3e /usr/local/bin/../lib/gcc/arm-none-eabi/10.2.1/../../../../arm-none-eabi/lib/thumb/v7e-m+fp/hard/libg_nano.a(lib_a-fwalk.o)
                0x00000000080060a0                _fwalk_reent
 .text.rshift   0x00000000080060de       0xa4 /usr/local/bin/../lib/gcc/arm-none-eabi/10.2.1/../../../../arm-none-eabi/lib/thumb/v7e-m+fp/hard/libg_nano.a(lib_a-gdtoa-gethex.o)
 .text.__hexdig_fun
                0x0000000008006182       0x2a /usr/local/bin/../lib/gcc/arm-none-eabi/10.2.1/../../../../arm-none-eabi/lib/thumb/v7e-m+fp/hard/libg_nano.a(lib_a-gdtoa-gethex.o)
                0x0000000008006182                __hexdig_fun
 .text.__gethex
                0x00000000080061ac      0x48c /usr/local/bin/../lib/gcc/arm-none-eabi/10.2.1/../../../../arm-none-eabi/lib/thumb/v7e-m+fp/hard/libg_nano.a(lib_a-gdtoa-gethex.o)
                0x00000000080061ac                __gethex
 .text.L_shift  0x0000000008006638       0x24 /usr/local/bin/../lib/gcc/arm-none-eabi/10.2.1/../../../../arm-none-eabi/lib/thumb/v7e-m+fp/hard/libg_nano.a(lib_a-gdtoa-hexnan.o)
 .text.__match  0x000000000800665c       0x28 /usr/local/bin/../lib/gcc/arm-none-eabi/10.2.1/../../../../arm-none-eabi/lib/thumb/v7e-m+fp/hard/libg_nano.a(lib_a-gdtoa-hexnan.o)
                0x000000000800665c                __match
 .text.__hexnan
                0x0000000008006684      0x138 /usr/local/bin/../lib/gcc/arm-none-eabi/10.2.1/../../../../arm-none-eabi/lib/thumb/v7e-m+fp/hard/libg_nano.a(lib_a-gdtoa-hexnan.o)
                0x0000000008006684                __hexnan
 .text._localeconv_r
                0x00000000080067bc        0x8 /usr/local/bin/../lib/gcc/arm-none-eabi/10.2.1/../../../../arm-none-eabi/lib/thumb/v7e-m+fp/hard/libg_nano.a(lib_a-localeconv.o)
                0x00000000080067bc                _localeconv_r
 .text.__retarget_lock_init_recursive
                0x00000000080067c4        0x2 /usr/local/bin/../lib/gcc/arm-none-eabi/10.2.1/../../../../arm-none-eabi/lib/thumb/v7e-m+fp/hard/libg_nano.a(lib_a-lock.o)
                0x00000000080067c4                __retarget_lock_init_recursive
 .text.__retarget_lock_acquire_recursive
                0x00000000080067c6        0x2 /usr/local/bin/../lib/gcc/arm-none-eabi/10.2.1/../../../../arm-none-eabi/lib/thumb/v7e-m+fp/hard/libg_nano.a(lib_a-lock.o)
                0x00000000080067c6                __retarget_lock_acquire_recursive
 .text.__retarget_lock_release_recursive
                0x00000000080067c8        0x2 /usr/local/bin/../lib/gcc/arm-none-eabi/10.2.1/../../../../arm-none-eabi/lib/thumb/v7e-m+fp/hard/libg_nano.a(lib_a-lock.o)
                0x00000000080067c8                __retarget_lock_release_recursive
 .text.__swhatbuf_r
                0x00000000080067ca       0x4a /usr/local/bin/../lib/gcc/arm-none-eabi/10.2.1/../../../../arm-none-eabi/lib/thumb/v7e-m+fp/hard/libg_nano.a(lib_a-makebuf.o)
                0x00000000080067ca                __swhatbuf_r
 .text.__smakebuf_r
                0x0000000008006814       0x80 /usr/local/bin/../lib/gcc/arm-none-eabi/10.2.1/../../../../arm-none-eabi/lib/thumb/v7e-m+fp/hard/libg_nano.a(lib_a-makebuf.o)
                0x0000000008006814                __smakebuf_r
 .text.malloc   0x0000000008006894       0x10 /usr/local/bin/../lib/gcc/arm-none-eabi/10.2.1/../../../../arm-none-eabi/lib/thumb/v7e-m+fp/hard/libg_nano.a(lib_a-malloc.o)
                0x0000000008006894                malloc
 .text.__ascii_mbtowc
                0x00000000080068a4       0x24 /usr/local/bin/../lib/gcc/arm-none-eabi/10.2.1/../../../../arm-none-eabi/lib/thumb/v7e-m+fp/hard/libg_nano.a(lib_a-mbtowc_r.o)
                0x00000000080068a4                __ascii_mbtowc
 .text.memcpy   0x00000000080068c8       0x1c /usr/local/bin/../lib/gcc/arm-none-eabi/10.2.1/../../../../arm-none-eabi/lib/thumb/v7e-m+fp/hard/libg_nano.a(lib_a-memcpy-stub.o)
                0x00000000080068c8                memcpy
 .text._Balloc  0x00000000080068e4       0x80 /usr/local/bin/../lib/gcc/arm-none-eabi/10.2.1/../../../../arm-none-eabi/lib/thumb/v7e-m+fp/hard/libg_nano.a(lib_a-mprec.o)
                0x00000000080068e4                _Balloc
 .text._Bfree   0x0000000008006964       0x44 /usr/local/bin/../lib/gcc/arm-none-eabi/10.2.1/../../../../arm-none-eabi/lib/thumb/v7e-m+fp/hard/libg_nano.a(lib_a-mprec.o)
                0x0000000008006964                _Bfree
 .text.__multadd
                0x00000000080069a8       0x8c /usr/local/bin/../lib/gcc/arm-none-eabi/10.2.1/../../../../arm-none-eabi/lib/thumb/v7e-m+fp/hard/libg_nano.a(lib_a-mprec.o)
                0x00000000080069a8                __multadd
 .text.__s2b    0x0000000008006a34       0x94 /usr/local/bin/../lib/gcc/arm-none-eabi/10.2.1/../../../../arm-none-eabi/lib/thumb/v7e-m+fp/hard/libg_nano.a(lib_a-mprec.o)
                0x0000000008006a34                __s2b
 .text.__hi0bits
                0x0000000008006ac8       0x40 /usr/local/bin/../lib/gcc/arm-none-eabi/10.2.1/../../../../arm-none-eabi/lib/thumb/v7e-m+fp/hard/libg_nano.a(lib_a-mprec.o)
                0x0000000008006ac8                __hi0bits
 .text.__lo0bits
                0x0000000008006b08       0x5e /usr/local/bin/../lib/gcc/arm-none-eabi/10.2.1/../../../../arm-none-eabi/lib/thumb/v7e-m+fp/hard/libg_nano.a(lib_a-mprec.o)
                0x0000000008006b08                __lo0bits
 *fill*         0x0000000008006b66        0x2 
 .text.__i2b    0x0000000008006b68       0x2c /usr/local/bin/../lib/gcc/arm-none-eabi/10.2.1/../../../../arm-none-eabi/lib/thumb/v7e-m+fp/hard/libg_nano.a(lib_a-mprec.o)
                0x0000000008006b68                __i2b
 .text.__multiply
                0x0000000008006b94      0x154 /usr/local/bin/../lib/gcc/arm-none-eabi/10.2.1/../../../../arm-none-eabi/lib/thumb/v7e-m+fp/hard/libg_nano.a(lib_a-mprec.o)
                0x0000000008006b94                __multiply
 .text.__pow5mult
                0x0000000008006ce8       0xb4 /usr/local/bin/../lib/gcc/arm-none-eabi/10.2.1/../../../../arm-none-eabi/lib/thumb/v7e-m+fp/hard/libg_nano.a(lib_a-mprec.o)
                0x0000000008006ce8                __pow5mult
 .text.__lshift
                0x0000000008006d9c       0xe0 /usr/local/bin/../lib/gcc/arm-none-eabi/10.2.1/../../../../arm-none-eabi/lib/thumb/v7e-m+fp/hard/libg_nano.a(lib_a-mprec.o)
                0x0000000008006d9c                __lshift
 .text.__mcmp   0x0000000008006e7c       0x38 /usr/local/bin/../lib/gcc/arm-none-eabi/10.2.1/../../../../arm-none-eabi/lib/thumb/v7e-m+fp/hard/libg_nano.a(lib_a-mprec.o)
                0x0000000008006e7c                __mcmp
 .text.__mdiff  0x0000000008006eb4      0x114 /usr/local/bin/../lib/gcc/arm-none-eabi/10.2.1/../../../../arm-none-eabi/lib/thumb/v7e-m+fp/hard/libg_nano.a(lib_a-mprec.o)
                0x0000000008006eb4                __mdiff
 .text.__ulp    0x0000000008006fc8       0x58 /usr/local/bin/../lib/gcc/arm-none-eabi/10.2.1/../../../../arm-none-eabi/lib/thumb/v7e-m+fp/hard/libg_nano.a(lib_a-mprec.o)
                0x0000000008006fc8                __ulp
 .text.__b2d    0x0000000008007020       0xa0 /usr/local/bin/../lib/gcc/arm-none-eabi/10.2.1/../../../../arm-none-eabi/lib/thumb/v7e-m+fp/hard/libg_nano.a(lib_a-mprec.o)
                0x0000000008007020                __b2d
 .text.__d2b    0x00000000080070c0       0xb8 /usr/local/bin/../lib/gcc/arm-none-eabi/10.2.1/../../../../arm-none-eabi/lib/thumb/v7e-m+fp/hard/libg_nano.a(lib_a-mprec.o)
                0x00000000080070c0                __d2b
 .text.__ratio  0x0000000008007178       0x66 /usr/local/bin/../lib/gcc/arm-none-eabi/10.2.1/../../../../arm-none-eabi/lib/thumb/v7e-m+fp/hard/libg_nano.a(lib_a-mprec.o)
                0x0000000008007178                __ratio
 .text.__copybits
                0x00000000080071de       0x46 /usr/local/bin/../lib/gcc/arm-none-eabi/10.2.1/../../../../arm-none-eabi/lib/thumb/v7e-m+fp/hard/libg_nano.a(lib_a-mprec.o)
                0x00000000080071de                __copybits
 .text.__any_on
                0x0000000008007224       0x42 /usr/local/bin/../lib/gcc/arm-none-eabi/10.2.1/../../../../arm-none-eabi/lib/thumb/v7e-m+fp/hard/libg_nano.a(lib_a-mprec.o)
                0x0000000008007224                __any_on
 .text._calloc_r
                0x0000000008007266       0x1e /usr/local/bin/../lib/gcc/arm-none-eabi/10.2.1/../../../../arm-none-eabi/lib/thumb/v7e-m+fp/hard/libg_nano.a(lib_a-nano-callocr.o)
                0x0000000008007266                _calloc_r
 .text._free_r  0x0000000008007284       0x98 /usr/local/bin/../lib/gcc/arm-none-eabi/10.2.1/../../../../arm-none-eabi/lib/thumb/v7e-m+fp/hard/libg_nano.a(lib_a-nano-freer.o)
                0x0000000008007284                _free_r
 .text._malloc_r
                0x000000000800731c       0xb4 /usr/local/bin/../lib/gcc/arm-none-eabi/10.2.1/../../../../arm-none-eabi/lib/thumb/v7e-m+fp/hard/libg_nano.a(lib_a-nano-mallocr.o)
                0x000000000800731c                _malloc_r
 .text.__sfputc_r
                0x00000000080073d0       0x2e /usr/local/bin/../lib/gcc/arm-none-eabi/10.2.1/../../../../arm-none-eabi/lib/thumb/v7e-m+fp/hard/libg_nano.a(lib_a-nano-vfprintf.o)
 .text.__sfputs_r
                0x00000000080073fe       0x24 /usr/local/bin/../lib/gcc/arm-none-eabi/10.2.1/../../../../arm-none-eabi/lib/thumb/v7e-m+fp/hard/libg_nano.a(lib_a-nano-vfprintf.o)
                0x00000000080073fe                __sfputs_r
 *fill*         0x0000000008007422        0x2 
 .text._vfprintf_r
                0x0000000008007424      0x260 /usr/local/bin/../lib/gcc/arm-none-eabi/10.2.1/../../../../arm-none-eabi/lib/thumb/v7e-m+fp/hard/libg_nano.a(lib_a-nano-vfprintf.o)
                0x0000000008007424                _vfiprintf_r
                0x0000000008007424                _vfprintf_r
 *fill*         0x0000000008007684        0x4 
 .text.nan      0x0000000008007688       0x10 /usr/local/bin/../lib/gcc/arm-none-eabi/10.2.1/../../../../arm-none-eabi/lib/thumb/v7e-m+fp/hard/libg_nano.a(lib_a-s_nan.o)
                0x0000000008007688                nan
 .text.__sread  0x0000000008007698       0x22 /usr/local/bin/../lib/gcc/arm-none-eabi/10.2.1/../../../../arm-none-eabi/lib/thumb/v7e-m+fp/hard/libg_nano.a(lib_a-stdio.o)
                0x0000000008007698                __sread
 .text.__swrite
                0x00000000080076ba       0x38 /usr/local/bin/../lib/gcc/arm-none-eabi/10.2.1/../../../../arm-none-eabi/lib/thumb/v7e-m+fp/hard/libg_nano.a(lib_a-stdio.o)
                0x00000000080076ba                __swrite
 .text.__sseek  0x00000000080076f2       0x24 /usr/local/bin/../lib/gcc/arm-none-eabi/10.2.1/../../../../arm-none-eabi/lib/thumb/v7e-m+fp/hard/libg_nano.a(lib_a-stdio.o)
                0x00000000080076f2                __sseek
 .text.__sclose
                0x0000000008007716        0x8 /usr/local/bin/../lib/gcc/arm-none-eabi/10.2.1/../../../../arm-none-eabi/lib/thumb/v7e-m+fp/hard/libg_nano.a(lib_a-stdio.o)
                0x0000000008007716                __sclose
 .text.strncmp  0x000000000800771e       0x28 /usr/local/bin/../lib/gcc/arm-none-eabi/10.2.1/../../../../arm-none-eabi/lib/thumb/v7e-m+fp/hard/libg_nano.a(lib_a-strncmp.o)
                0x000000000800771e                strncmp
 *fill*         0x0000000008007746        0x2 
 .text.__swbuf_r
                0x0000000008007748       0xa4 /usr/local/bin/../lib/gcc/arm-none-eabi/10.2.1/../../../../arm-none-eabi/lib/thumb/v7e-m+fp/hard/libg_nano.a(lib_a-wbuf.o)
                0x0000000008007748                __swbuf_r
 .text.__ascii_wctomb
                0x00000000080077ec       0x1a /usr/local/bin/../lib/gcc/arm-none-eabi/10.2.1/../../../../arm-none-eabi/lib/thumb/v7e-m+fp/hard/libg_nano.a(lib_a-wctomb_r.o)
                0x00000000080077ec                __ascii_wctomb
 *fill*         0x0000000008007806        0x2 
 .text.__swsetup_r
                0x0000000008007808       0xdc /usr/local/bin/../lib/gcc/arm-none-eabi/10.2.1/../../../../arm-none-eabi/lib/thumb/v7e-m+fp/hard/libg_nano.a(lib_a-wsetup.o)
                0x0000000008007808                __swsetup_r
 .text.abort    0x00000000080078e4        0xe /usr/local/bin/../lib/gcc/arm-none-eabi/10.2.1/../../../../arm-none-eabi/lib/thumb/v7e-m+fp/hard/libg_nano.a(lib_a-abort.o)
                0x00000000080078e4                abort
 .text.memmove  0x00000000080078f2       0x34 /usr/local/bin/../lib/gcc/arm-none-eabi/10.2.1/../../../../arm-none-eabi/lib/thumb/v7e-m+fp/hard/libg_nano.a(lib_a-memmove.o)
                0x00000000080078f2                memmove
 *fill*         0x0000000008007926        0x2 
 .text.__malloc_lock
                0x0000000008007928        0xc /usr/local/bin/../lib/gcc/arm-none-eabi/10.2.1/../../../../arm-none-eabi/lib/thumb/v7e-m+fp/hard/libg_nano.a(lib_a-mlock.o)
                0x0000000008007928                __malloc_lock
 .text.__malloc_unlock
                0x0000000008007934        0xc /usr/local/bin/../lib/gcc/arm-none-eabi/10.2.1/../../../../arm-none-eabi/lib/thumb/v7e-m+fp/hard/libg_nano.a(lib_a-mlock.o)
                0x0000000008007934                __malloc_unlock
 .text._realloc_r
                0x0000000008007940       0x4c /usr/local/bin/../lib/gcc/arm-none-eabi/10.2.1/../../../../arm-none-eabi/lib/thumb/v7e-m+fp/hard/libg_nano.a(lib_a-nano-reallocr.o)
                0x0000000008007940                _realloc_r
 .text._raise_r
                0x000000000800798c       0x50 /usr/local/bin/../lib/gcc/arm-none-eabi/10.2.1/../../../../arm-none-eabi/lib/thumb/v7e-m+fp/hard/libg_nano.a(lib_a-signal.o)
                0x000000000800798c                _raise_r
 .text.raise    0x00000000080079dc       0x10 /usr/local/bin/../lib/gcc/arm-none-eabi/10.2.1/../../../../arm-none-eabi/lib/thumb/v7e-m+fp/hard/libg_nano.a(lib_a-signal.o)
                0x00000000080079dc                raise
 .text._kill_r  0x00000000080079ec       0x24 /usr/local/bin/../lib/gcc/arm-none-eabi/10.2.1/../../../../arm-none-eabi/lib/thumb/v7e-m+fp/hard/libg_nano.a(lib_a-signalr.o)
                0x00000000080079ec                _kill_r
 .text._getpid_r
                0x0000000008007a10        0x4 /usr/local/bin/../lib/gcc/arm-none-eabi/10.2.1/../../../../arm-none-eabi/lib/thumb/v7e-m+fp/hard/libg_nano.a(lib_a-signalr.o)
                0x0000000008007a10                _getpid_r
 .text._malloc_usable_size_r
                0x0000000008007a14       0x10 /usr/local/bin/../lib/gcc/arm-none-eabi/10.2.1/../../../../arm-none-eabi/lib/thumb/v7e-m+fp/hard/libg_nano.a(lib_a-nano-msizer.o)
                0x0000000008007a14                _malloc_usable_size_r
 .text.printf   0x0000000008007a24       0x30 /usr/local/bin/../lib/gcc/arm-none-eabi/10.2.1/../../../../arm-none-eabi/lib/thumb/v7e-m+fp/hard/libg_nano.a(lib_a-printf.o)
                0x0000000008007a24                printf
                0x0000000008007a24                iprintf
 .text.putchar  0x0000000008007a54       0x2c /usr/local/bin/../lib/gcc/arm-none-eabi/10.2.1/../../../../arm-none-eabi/lib/thumb/v7e-m+fp/hard/libg_nano.a(lib_a-putchar.o)
                0x0000000008007a54                putchar
 .text._puts_r  0x0000000008007a80       0xdc /usr/local/bin/../lib/gcc/arm-none-eabi/10.2.1/../../../../arm-none-eabi/lib/thumb/v7e-m+fp/hard/libg_nano.a(lib_a-puts.o)
                0x0000000008007a80                _puts_r
 .text.puts     0x0000000008007b5c       0x10 /usr/local/bin/../lib/gcc/arm-none-eabi/10.2.1/../../../../arm-none-eabi/lib/thumb/v7e-m+fp/hard/libg_nano.a(lib_a-puts.o)
                0x0000000008007b5c                puts
 .text.strcasecmp
                0x0000000008007b6c       0x34 /usr/local/bin/../lib/gcc/arm-none-eabi/10.2.1/../../../../arm-none-eabi/lib/thumb/v7e-m+fp/hard/libg_nano.a(lib_a-strcasecmp.o)
                0x0000000008007b6c                strcasecmp
 .text.strcpy   0x0000000008007ba0       0x10 /usr/local/bin/../lib/gcc/arm-none-eabi/10.2.1/../../../../arm-none-eabi/lib/thumb/v7e-m+fp/hard/libg_nano.a(lib_a-strcpy.o)
                0x0000000008007ba0                strcpy
 .text._vsnprintf_r
                0x0000000008007bb0       0x56 /usr/local/bin/../lib/gcc/arm-none-eabi/10.2.1/../../../../arm-none-eabi/lib/thumb/v7e-m+fp/hard/libg_nano.a(lib_a-vsnprintf.o)
                0x0000000008007bb0                _vsnprintf_r
                0x0000000008007bb0                _vsniprintf_r
 *fill*         0x0000000008007c06        0x2 
 .text.vsnprintf
                0x0000000008007c08       0x1c /usr/local/bin/../lib/gcc/arm-none-eabi/10.2.1/../../../../arm-none-eabi/lib/thumb/v7e-m+fp/hard/libg_nano.a(lib_a-vsnprintf.o)
                0x0000000008007c08                vsnprintf
                0x0000000008007c08                vsniprintf
 .text.__ssputs_r
                0x0000000008007c24       0xb6 /usr/local/bin/../lib/gcc/arm-none-eabi/10.2.1/../../../../arm-none-eabi/lib/thumb/v7e-m+fp/hard/libg_nano.a(lib_a-nano-svfprintf.o)
                0x0000000008007c24                __ssputs_r
 *fill*         0x0000000008007cda        0x2 
 .text._svfprintf_r
                0x0000000008007cdc      0x200 /usr/local/bin/../lib/gcc/arm-none-eabi/10.2.1/../../../../arm-none-eabi/lib/thumb/v7e-m+fp/hard/libg_nano.a(lib_a-nano-svfprintf.o)
                0x0000000008007cdc                _svfprintf_r
                0x0000000008007cdc                _svfiprintf_r
 .text._putc_r  0x0000000008007edc       0x90 /usr/local/bin/../lib/gcc/arm-none-eabi/10.2.1/../../../../arm-none-eabi/lib/thumb/v7e-m+fp/hard/libg_nano.a(lib_a-putc.o)
                0x0000000008007edc                _putc_r
 *(.glue_7)
 .glue_7        0x0000000008007f6c        0x0 linker stubs
 *(.glue_7t)
 .glue_7t       0x0000000008007f6c        0x0 linker stubs
 *(.eh_frame)
 .eh_frame      0x0000000008007f6c        0x0 /usr/local/bin/../lib/gcc/arm-none-eabi/10.2.1/thumb/v7e-m+fp/hard/crtbegin.o
 *(.init)
 .init          0x0000000008007f6c        0x4 /usr/local/bin/../lib/gcc/arm-none-eabi/10.2.1/thumb/v7e-m+fp/hard/crti.o
                0x0000000008007f6c                _init
 .init          0x0000000008007f70        0x8 /usr/local/bin/../lib/gcc/arm-none-eabi/10.2.1/thumb/v7e-m+fp/hard/crtn.o
 *(.fini)
 .fini          0x0000000008007f78        0x4 /usr/local/bin/../lib/gcc/arm-none-eabi/10.2.1/thumb/v7e-m+fp/hard/crti.o
                0x0000000008007f78                _fini
 .fini          0x0000000008007f7c        0x8 /usr/local/bin/../lib/gcc/arm-none-eabi/10.2.1/thumb/v7e-m+fp/hard/crtn.o
                0x0000000008007f84                . = ALIGN (0x4)
                0x0000000008007f84                _etext = .

.vfp11_veneer   0x0000000008007f84        0x0
 .vfp11_veneer  0x0000000008007f84        0x0 linker stubs

.v4_bx          0x0000000008007f84        0x0
 .v4_bx         0x0000000008007f84        0x0 linker stubs

.iplt           0x0000000008007f84        0x0
 .iplt          0x0000000008007f84        0x0 /usr/local/bin/../lib/gcc/arm-none-eabi/10.2.1/thumb/v7e-m+fp/hard/crtbegin.o

.rodata         0x0000000008007f88     0xc940
                0x0000000008007f88                . = ALIGN (0x4)
 *(.rodata)
 .rodata        0x0000000008007f88      0x440 /tmp/pidLab11.elf.GIQjHK.ltrans0.ltrans.o
 *(.rodata*)
 .rodata.Uncompress.str1.1
                0x00000000080083c8       0x26 /tmp/pidLab11.elf.GIQjHK.ltrans0.ltrans.o
 .rodata.GetEncoderValue.str1.1
                0x00000000080083ee       0x26 /tmp/pidLab11.elf.GIQjHK.ltrans0.ltrans.o
                                          0x4 (size before relaxing)
 .rodata.GetSpeed.str1.1
                0x00000000080083ee        0xc /tmp/pidLab11.elf.GIQjHK.ltrans0.ltrans.o
 .rodata.CmdEncoder2.str1.1
                0x00000000080083fa        0xd /tmp/pidLab11.elf.GIQjHK.ltrans0.ltrans.o
 .rodata.CmdTasks.str1.1
                0x0000000008008407       0x31 /tmp/pidLab11.elf.GIQjHK.ltrans0.ltrans.o
 .rodata.DecodeReadRegister.str1.1
                0x0000000008008438       0x35 /tmp/pidLab11.elf.GIQjHK.ltrans0.ltrans.o
 .rodata.CmdVersion.str1.1
                0x000000000800846d       0x10 /tmp/pidLab11.elf.GIQjHK.ltrans0.ltrans.o
 .rodata.CmdTest.str1.1
                0x000000000800847d       0x47 /tmp/pidLab11.elf.GIQjHK.ltrans0.ltrans.o
 .rodata.LoopInit.str1.1
                0x00000000080084c4      0x10c /tmp/pidLab11.elf.GIQjHK.ltrans0.ltrans.o
 .rodata.EncoderInit.str1.1
                0x00000000080085d0        0x6 /tmp/pidLab11.elf.GIQjHK.ltrans0.ltrans.o
 .rodata.SetSpeed.str1.1
                0x00000000080085d6       0x6c /tmp/pidLab11.elf.GIQjHK.ltrans0.ltrans.o
 .rodata.DecodeRegister.str1.1
                0x0000000008008642       0x70 /tmp/pidLab11.elf.GIQjHK.ltrans0.ltrans.o
 .rodata.DecodePeripheral.str1.1
                0x00000000080086b2       0x28 /tmp/pidLab11.elf.GIQjHK.ltrans0.ltrans.o
 .rodata.DecodePrintRegisters.str1.1
                0x00000000080086da        0x3 /tmp/pidLab11.elf.GIQjHK.ltrans0.ltrans.o
                                          0x9 (size before relaxing)
 .rodata.TaskInput.str1.1
                0x00000000080086dd       0x86 /tmp/pidLab11.elf.GIQjHK.ltrans0.ltrans.o
 .rodata.CmdLed.str1.1
                0x0000000008008763       0x5a /tmp/pidLab11.elf.GIQjHK.ltrans0.ltrans.o
 .rodata.CmdR.str1.1
                0x00000000080087bd       0xbf /tmp/pidLab11.elf.GIQjHK.ltrans0.ltrans.o
                                         0xc2 (size before relaxing)
 .rodata.CmdDump.str1.1
                0x000000000800887c      0x1df /tmp/pidLab11.elf.GIQjHK.ltrans0.ltrans.o
                                        0x1e3 (size before relaxing)
 .rodata.CmdSend.str1.1
                0x0000000008008a5b       0x8e /tmp/pidLab11.elf.GIQjHK.ltrans0.ltrans.o
                                         0x91 (size before relaxing)
 .rodata.CmdReceive.str1.1
                0x0000000008008ae9       0x1b /tmp/pidLab11.elf.GIQjHK.ltrans0.ltrans.o
 .rodata.CmdTransparent.str1.1
                0x0000000008008b04       0x25 /tmp/pidLab11.elf.GIQjHK.ltrans0.ltrans.o
 .rodata.CmdDecode.str1.1
                0x0000000008008b29      0x403 /tmp/pidLab11.elf.GIQjHK.ltrans0.ltrans.o
                                        0x405 (size before relaxing)
 .rodata.CmdStats.str1.1
                0x0000000008008f2c       0xed /tmp/pidLab11.elf.GIQjHK.ltrans0.ltrans.o
 .rodata._write_r.str1.1
                0x0000000008009019       0xed /tmp/pidLab11.elf.GIQjHK.ltrans0.ltrans.o
                                          0x2 (size before relaxing)
 .rodata.Default_IRQHandler.str1.1
                0x0000000008009019       0xe1 /tmp/pidLab11.elf.GIQjHK.ltrans0.ltrans.o
 .rodata.main.str1.1
                0x00000000080090fa       0x9d /tmp/pidLab11.elf.GIQjHK.ltrans0.ltrans.o
 .rodata.str1.1
                0x0000000008009197     0x2a48 /tmp/pidLab11.elf.GIQjHK.ltrans0.ltrans.o
                                       0x2b04 (size before relaxing)
 *fill*         0x000000000800bbdf        0x1 
 .rodata.ADC1_CR1_fields
                0x000000000800bbe0       0x70 /tmp/pidLab11.elf.GIQjHK.ltrans0.ltrans.o
 .rodata.ADC1_CR2_fields
                0x000000000800bc50       0x60 /tmp/pidLab11.elf.GIQjHK.ltrans0.ltrans.o
 .rodata.ADC1_DR_fields
                0x000000000800bcb0        0x8 /tmp/pidLab11.elf.GIQjHK.ltrans0.ltrans.o
 .rodata.ADC1_HTR_fields
                0x000000000800bcb8        0x8 /tmp/pidLab11.elf.GIQjHK.ltrans0.ltrans.o
 .rodata.ADC1_JDR1_fields
                0x000000000800bcc0        0x8 /tmp/pidLab11.elf.GIQjHK.ltrans0.ltrans.o
 .rodata.ADC1_JDR2_fields
                0x000000000800bcc8        0x8 /tmp/pidLab11.elf.GIQjHK.ltrans0.ltrans.o
 .rodata.ADC1_JDR3_fields
                0x000000000800bcd0        0x8 /tmp/pidLab11.elf.GIQjHK.ltrans0.ltrans.o
 .rodata.ADC1_JDR4_fields
                0x000000000800bcd8        0x8 /tmp/pidLab11.elf.GIQjHK.ltrans0.ltrans.o
 .rodata.ADC1_JOFR1_fields
                0x000000000800bce0        0x8 /tmp/pidLab11.elf.GIQjHK.ltrans0.ltrans.o
 .rodata.ADC1_JOFR2_fields
                0x000000000800bce8        0x8 /tmp/pidLab11.elf.GIQjHK.ltrans0.ltrans.o
 .rodata.ADC1_JOFR3_fields
                0x000000000800bcf0        0x8 /tmp/pidLab11.elf.GIQjHK.ltrans0.ltrans.o
 .rodata.ADC1_JOFR4_fields
                0x000000000800bcf8        0x8 /tmp/pidLab11.elf.GIQjHK.ltrans0.ltrans.o
 .rodata.ADC1_JSQR_fields
                0x000000000800bd00       0x28 /tmp/pidLab11.elf.GIQjHK.ltrans0.ltrans.o
 .rodata.ADC1_LTR_fields
                0x000000000800bd28        0x8 /tmp/pidLab11.elf.GIQjHK.ltrans0.ltrans.o
 .rodata.ADC1_SMPR1_fields
                0x000000000800bd30        0x8 /tmp/pidLab11.elf.GIQjHK.ltrans0.ltrans.o
 .rodata.ADC1_SMPR2_fields
                0x000000000800bd38        0x8 /tmp/pidLab11.elf.GIQjHK.ltrans0.ltrans.o
 .rodata.ADC1_SQR1_fields
                0x000000000800bd40       0x28 /tmp/pidLab11.elf.GIQjHK.ltrans0.ltrans.o
 .rodata.ADC1_SQR2_fields
                0x000000000800bd68       0x30 /tmp/pidLab11.elf.GIQjHK.ltrans0.ltrans.o
 .rodata.ADC1_SQR3_fields
                0x000000000800bd98       0x30 /tmp/pidLab11.elf.GIQjHK.ltrans0.ltrans.o
 .rodata.ADC1_SR_fields
                0x000000000800bdc8       0x30 /tmp/pidLab11.elf.GIQjHK.ltrans0.ltrans.o
 .rodata.ADC1_registers
                0x000000000800bdf8      0x140 /tmp/pidLab11.elf.GIQjHK.ltrans0.ltrans.o
 .rodata.ADC_Common_CCR_fields
                0x000000000800bf38       0x30 /tmp/pidLab11.elf.GIQjHK.ltrans0.ltrans.o
 .rodata.ADC_Common_CSR_fields
                0x000000000800bf68       0x90 /tmp/pidLab11.elf.GIQjHK.ltrans0.ltrans.o
 .rodata.ADC_Common_registers
                0x000000000800bff8       0x20 /tmp/pidLab11.elf.GIQjHK.ltrans0.ltrans.o
 .rodata.AHBPrescTable
                0x000000000800c018       0x10 /tmp/pidLab11.elf.GIQjHK.ltrans0.ltrans.o
 .rodata.APBPrescTable
                0x000000000800c028        0x8 /tmp/pidLab11.elf.GIQjHK.ltrans0.ltrans.o
 .rodata.CRC_CR_fields
                0x000000000800c030        0x8 /tmp/pidLab11.elf.GIQjHK.ltrans0.ltrans.o
 .rodata.CRC_DR_fields
                0x000000000800c038        0x8 /tmp/pidLab11.elf.GIQjHK.ltrans0.ltrans.o
 .rodata.CRC_IDR_fields
                0x000000000800c040        0x8 /tmp/pidLab11.elf.GIQjHK.ltrans0.ltrans.o
 .rodata.CRC_registers
                0x000000000800c048       0x30 /tmp/pidLab11.elf.GIQjHK.ltrans0.ltrans.o
 .rodata.DBG_DBGMCU_APB1_FZ_fields
                0x000000000800c078       0x50 /tmp/pidLab11.elf.GIQjHK.ltrans0.ltrans.o
 .rodata.DBG_DBGMCU_APB2_FZ_fields
                0x000000000800c0c8       0x20 /tmp/pidLab11.elf.GIQjHK.ltrans0.ltrans.o
 .rodata.DBG_DBGMCU_CR_fields
                0x000000000800c0e8       0x28 /tmp/pidLab11.elf.GIQjHK.ltrans0.ltrans.o
 .rodata.DBG_DBGMCU_IDCODE_fields
                0x000000000800c110       0x10 /tmp/pidLab11.elf.GIQjHK.ltrans0.ltrans.o
 .rodata.DBG_registers
                0x000000000800c120       0x40 /tmp/pidLab11.elf.GIQjHK.ltrans0.ltrans.o
 .rodata.DMA2_HIFCR_fields
                0x000000000800c160       0xa0 /tmp/pidLab11.elf.GIQjHK.ltrans0.ltrans.o
 .rodata.DMA2_HISR_fields
                0x000000000800c200       0xa0 /tmp/pidLab11.elf.GIQjHK.ltrans0.ltrans.o
 .rodata.DMA2_LIFCR_fields
                0x000000000800c2a0       0xa0 /tmp/pidLab11.elf.GIQjHK.ltrans0.ltrans.o
 .rodata.DMA2_LISR_fields
                0x000000000800c340       0xa0 /tmp/pidLab11.elf.GIQjHK.ltrans0.ltrans.o
 .rodata.DMA2_S0CR_fields
                0x000000000800c3e0       0x98 /tmp/pidLab11.elf.GIQjHK.ltrans0.ltrans.o
 .rodata.DMA2_S0FCR_fields
                0x000000000800c478       0x20 /tmp/pidLab11.elf.GIQjHK.ltrans0.ltrans.o
 .rodata.DMA2_S0M0AR_fields
                0x000000000800c498        0x8 /tmp/pidLab11.elf.GIQjHK.ltrans0.ltrans.o
 .rodata.DMA2_S0M1AR_fields
                0x000000000800c4a0        0x8 /tmp/pidLab11.elf.GIQjHK.ltrans0.ltrans.o
 .rodata.DMA2_S0NDTR_fields
                0x000000000800c4a8        0x8 /tmp/pidLab11.elf.GIQjHK.ltrans0.ltrans.o
 .rodata.DMA2_S0PAR_fields
                0x000000000800c4b0        0x8 /tmp/pidLab11.elf.GIQjHK.ltrans0.ltrans.o
 .rodata.DMA2_S1CR_fields
                0x000000000800c4b8       0xa0 /tmp/pidLab11.elf.GIQjHK.ltrans0.ltrans.o
 .rodata.DMA2_S1FCR_fields
                0x000000000800c558       0x20 /tmp/pidLab11.elf.GIQjHK.ltrans0.ltrans.o
 .rodata.DMA2_S1M0AR_fields
                0x000000000800c578        0x8 /tmp/pidLab11.elf.GIQjHK.ltrans0.ltrans.o
 .rodata.DMA2_S1M1AR_fields
                0x000000000800c580        0x8 /tmp/pidLab11.elf.GIQjHK.ltrans0.ltrans.o
 .rodata.DMA2_S1NDTR_fields
                0x000000000800c588        0x8 /tmp/pidLab11.elf.GIQjHK.ltrans0.ltrans.o
 .rodata.DMA2_S1PAR_fields
                0x000000000800c590        0x8 /tmp/pidLab11.elf.GIQjHK.ltrans0.ltrans.o
 .rodata.DMA2_S2CR_fields
                0x000000000800c598       0xa0 /tmp/pidLab11.elf.GIQjHK.ltrans0.ltrans.o
 .rodata.DMA2_S2FCR_fields
                0x000000000800c638       0x20 /tmp/pidLab11.elf.GIQjHK.ltrans0.ltrans.o
 .rodata.DMA2_S2M0AR_fields
                0x000000000800c658        0x8 /tmp/pidLab11.elf.GIQjHK.ltrans0.ltrans.o
 .rodata.DMA2_S2M1AR_fields
                0x000000000800c660        0x8 /tmp/pidLab11.elf.GIQjHK.ltrans0.ltrans.o
 .rodata.DMA2_S2NDTR_fields
                0x000000000800c668        0x8 /tmp/pidLab11.elf.GIQjHK.ltrans0.ltrans.o
 .rodata.DMA2_S2PAR_fields
                0x000000000800c670        0x8 /tmp/pidLab11.elf.GIQjHK.ltrans0.ltrans.o
 .rodata.DMA2_S3CR_fields
                0x000000000800c678       0xa0 /tmp/pidLab11.elf.GIQjHK.ltrans0.ltrans.o
 .rodata.DMA2_S3FCR_fields
                0x000000000800c718       0x20 /tmp/pidLab11.elf.GIQjHK.ltrans0.ltrans.o
 .rodata.DMA2_S3M0AR_fields
                0x000000000800c738        0x8 /tmp/pidLab11.elf.GIQjHK.ltrans0.ltrans.o
 .rodata.DMA2_S3M1AR_fields
                0x000000000800c740        0x8 /tmp/pidLab11.elf.GIQjHK.ltrans0.ltrans.o
 .rodata.DMA2_S3NDTR_fields
                0x000000000800c748        0x8 /tmp/pidLab11.elf.GIQjHK.ltrans0.ltrans.o
 .rodata.DMA2_S3PAR_fields
                0x000000000800c750        0x8 /tmp/pidLab11.elf.GIQjHK.ltrans0.ltrans.o
 .rodata.DMA2_S4CR_fields
                0x000000000800c758       0xa0 /tmp/pidLab11.elf.GIQjHK.ltrans0.ltrans.o
 .rodata.DMA2_S4FCR_fields
                0x000000000800c7f8       0x20 /tmp/pidLab11.elf.GIQjHK.ltrans0.ltrans.o
 .rodata.DMA2_S4M0AR_fields
                0x000000000800c818        0x8 /tmp/pidLab11.elf.GIQjHK.ltrans0.ltrans.o
 .rodata.DMA2_S4M1AR_fields
                0x000000000800c820        0x8 /tmp/pidLab11.elf.GIQjHK.ltrans0.ltrans.o
 .rodata.DMA2_S4NDTR_fields
                0x000000000800c828        0x8 /tmp/pidLab11.elf.GIQjHK.ltrans0.ltrans.o
 .rodata.DMA2_S4PAR_fields
                0x000000000800c830        0x8 /tmp/pidLab11.elf.GIQjHK.ltrans0.ltrans.o
 .rodata.DMA2_S5CR_fields
                0x000000000800c838       0xa0 /tmp/pidLab11.elf.GIQjHK.ltrans0.ltrans.o
 .rodata.DMA2_S5FCR_fields
                0x000000000800c8d8       0x20 /tmp/pidLab11.elf.GIQjHK.ltrans0.ltrans.o
 .rodata.DMA2_S5M0AR_fields
                0x000000000800c8f8        0x8 /tmp/pidLab11.elf.GIQjHK.ltrans0.ltrans.o
 .rodata.DMA2_S5M1AR_fields
                0x000000000800c900        0x8 /tmp/pidLab11.elf.GIQjHK.ltrans0.ltrans.o
 .rodata.DMA2_S5NDTR_fields
                0x000000000800c908        0x8 /tmp/pidLab11.elf.GIQjHK.ltrans0.ltrans.o
 .rodata.DMA2_S5PAR_fields
                0x000000000800c910        0x8 /tmp/pidLab11.elf.GIQjHK.ltrans0.ltrans.o
 .rodata.DMA2_S6CR_fields
                0x000000000800c918       0xa0 /tmp/pidLab11.elf.GIQjHK.ltrans0.ltrans.o
 .rodata.DMA2_S6FCR_fields
                0x000000000800c9b8       0x20 /tmp/pidLab11.elf.GIQjHK.ltrans0.ltrans.o
 .rodata.DMA2_S6M0AR_fields
                0x000000000800c9d8        0x8 /tmp/pidLab11.elf.GIQjHK.ltrans0.ltrans.o
 .rodata.DMA2_S6M1AR_fields
                0x000000000800c9e0        0x8 /tmp/pidLab11.elf.GIQjHK.ltrans0.ltrans.o
 .rodata.DMA2_S6NDTR_fields
                0x000000000800c9e8        0x8 /tmp/pidLab11.elf.GIQjHK.ltrans0.ltrans.o
 .rodata.DMA2_S6PAR_fields
                0x000000000800c9f0        0x8 /tmp/pidLab11.elf.GIQjHK.ltrans0.ltrans.o
 .rodata.DMA2_S7CR_fields
                0x000000000800c9f8       0xa0 /tmp/pidLab11.elf.GIQjHK.ltrans0.ltrans.o
 .rodata.DMA2_S7FCR_fields
                0x000000000800ca98       0x20 /tmp/pidLab11.elf.GIQjHK.ltrans0.ltrans.o
 .rodata.DMA2_S7M0AR_fields
                0x000000000800cab8        0x8 /tmp/pidLab11.elf.GIQjHK.ltrans0.ltrans.o
 .rodata.DMA2_S7M1AR_fields
                0x000000000800cac0        0x8 /tmp/pidLab11.elf.GIQjHK.ltrans0.ltrans.o
 .rodata.DMA2_S7NDTR_fields
                0x000000000800cac8        0x8 /tmp/pidLab11.elf.GIQjHK.ltrans0.ltrans.o
 .rodata.DMA2_S7PAR_fields
                0x000000000800cad0        0x8 /tmp/pidLab11.elf.GIQjHK.ltrans0.ltrans.o
 .rodata.DMA2_registers
                0x000000000800cad8      0x340 /tmp/pidLab11.elf.GIQjHK.ltrans0.ltrans.o
 .rodata.EXTI_EMR_fields
                0x000000000800ce18       0xb8 /tmp/pidLab11.elf.GIQjHK.ltrans0.ltrans.o
 .rodata.EXTI_FTSR_fields
                0x000000000800ced0       0xb8 /tmp/pidLab11.elf.GIQjHK.ltrans0.ltrans.o
 .rodata.EXTI_IMR_fields
                0x000000000800cf88       0xb8 /tmp/pidLab11.elf.GIQjHK.ltrans0.ltrans.o
 .rodata.EXTI_PR_fields
                0x000000000800d040       0xb8 /tmp/pidLab11.elf.GIQjHK.ltrans0.ltrans.o
 .rodata.EXTI_RTSR_fields
                0x000000000800d0f8       0xb8 /tmp/pidLab11.elf.GIQjHK.ltrans0.ltrans.o
 .rodata.EXTI_SWIER_fields
                0x000000000800d1b0       0xb8 /tmp/pidLab11.elf.GIQjHK.ltrans0.ltrans.o
 .rodata.EXTI_registers
                0x000000000800d268       0x60 /tmp/pidLab11.elf.GIQjHK.ltrans0.ltrans.o
 .rodata.FLASH_ACR_fields
                0x000000000800d2c8       0x30 /tmp/pidLab11.elf.GIQjHK.ltrans0.ltrans.o
 .rodata.FLASH_CR_fields
                0x000000000800d2f8       0x48 /tmp/pidLab11.elf.GIQjHK.ltrans0.ltrans.o
 .rodata.FLASH_KEYR_fields
                0x000000000800d340        0x8 /tmp/pidLab11.elf.GIQjHK.ltrans0.ltrans.o
 .rodata.FLASH_OPTCR_fields
                0x000000000800d348       0x40 /tmp/pidLab11.elf.GIQjHK.ltrans0.ltrans.o
 .rodata.FLASH_OPTKEYR_fields
                0x000000000800d388        0x8 /tmp/pidLab11.elf.GIQjHK.ltrans0.ltrans.o
 .rodata.FLASH_SR_fields
                0x000000000800d390       0x38 /tmp/pidLab11.elf.GIQjHK.ltrans0.ltrans.o
 .rodata.FLASH_registers
                0x000000000800d3c8       0x60 /tmp/pidLab11.elf.GIQjHK.ltrans0.ltrans.o
 .rodata.FPU_CPACR_CPACR_fields
                0x000000000800d428        0x8 /tmp/pidLab11.elf.GIQjHK.ltrans0.ltrans.o
 .rodata.FPU_CPACR_registers
                0x000000000800d430       0x10 /tmp/pidLab11.elf.GIQjHK.ltrans0.ltrans.o
 .rodata.FPU_FPCAR_fields
                0x000000000800d440        0x8 /tmp/pidLab11.elf.GIQjHK.ltrans0.ltrans.o
 .rodata.FPU_FPCCR_fields
                0x000000000800d448       0x48 /tmp/pidLab11.elf.GIQjHK.ltrans0.ltrans.o
 .rodata.FPU_FPSCR_fields
                0x000000000800d490       0x70 /tmp/pidLab11.elf.GIQjHK.ltrans0.ltrans.o
 .rodata.FPU_registers
                0x000000000800d500       0x30 /tmp/pidLab11.elf.GIQjHK.ltrans0.ltrans.o
 .rodata.GPIOA_AFRH_fields
                0x000000000800d530       0x40 /tmp/pidLab11.elf.GIQjHK.ltrans0.ltrans.o
 .rodata.GPIOA_AFRL_fields
                0x000000000800d570       0x40 /tmp/pidLab11.elf.GIQjHK.ltrans0.ltrans.o
 .rodata.GPIOA_BSRR_fields
                0x000000000800d5b0      0x100 /tmp/pidLab11.elf.GIQjHK.ltrans0.ltrans.o
 .rodata.GPIOA_IDR_fields
                0x000000000800d6b0       0x80 /tmp/pidLab11.elf.GIQjHK.ltrans0.ltrans.o
 .rodata.GPIOA_LCKR_fields
                0x000000000800d730       0x88 /tmp/pidLab11.elf.GIQjHK.ltrans0.ltrans.o
 .rodata.GPIOA_MODER_fields
                0x000000000800d7b8       0x80 /tmp/pidLab11.elf.GIQjHK.ltrans0.ltrans.o
 .rodata.GPIOA_ODR_fields
                0x000000000800d838       0x80 /tmp/pidLab11.elf.GIQjHK.ltrans0.ltrans.o
 .rodata.GPIOA_OSPEEDR_fields
                0x000000000800d8b8       0x80 /tmp/pidLab11.elf.GIQjHK.ltrans0.ltrans.o
 .rodata.GPIOA_OTYPER_fields
                0x000000000800d938       0x80 /tmp/pidLab11.elf.GIQjHK.ltrans0.ltrans.o
 .rodata.GPIOA_PUPDR_fields
                0x000000000800d9b8       0x80 /tmp/pidLab11.elf.GIQjHK.ltrans0.ltrans.o
 .rodata.GPIOA_registers
                0x000000000800da38       0xa0 /tmp/pidLab11.elf.GIQjHK.ltrans0.ltrans.o
 .rodata.GPIOB_AFRH_fields
                0x000000000800dad8       0x40 /tmp/pidLab11.elf.GIQjHK.ltrans0.ltrans.o
 .rodata.GPIOB_AFRL_fields
                0x000000000800db18       0x40 /tmp/pidLab11.elf.GIQjHK.ltrans0.ltrans.o
 .rodata.GPIOB_BSRR_fields
                0x000000000800db58      0x100 /tmp/pidLab11.elf.GIQjHK.ltrans0.ltrans.o
 .rodata.GPIOB_IDR_fields
                0x000000000800dc58       0x80 /tmp/pidLab11.elf.GIQjHK.ltrans0.ltrans.o
 .rodata.GPIOB_LCKR_fields
                0x000000000800dcd8       0x88 /tmp/pidLab11.elf.GIQjHK.ltrans0.ltrans.o
 .rodata.GPIOB_MODER_fields
                0x000000000800dd60       0x80 /tmp/pidLab11.elf.GIQjHK.ltrans0.ltrans.o
 .rodata.GPIOB_ODR_fields
                0x000000000800dde0       0x80 /tmp/pidLab11.elf.GIQjHK.ltrans0.ltrans.o
 .rodata.GPIOB_OSPEEDR_fields
                0x000000000800de60       0x80 /tmp/pidLab11.elf.GIQjHK.ltrans0.ltrans.o
 .rodata.GPIOB_OTYPER_fields
                0x000000000800dee0       0x80 /tmp/pidLab11.elf.GIQjHK.ltrans0.ltrans.o
 .rodata.GPIOB_PUPDR_fields
                0x000000000800df60       0x80 /tmp/pidLab11.elf.GIQjHK.ltrans0.ltrans.o
 .rodata.GPIOB_registers
                0x000000000800dfe0       0xa0 /tmp/pidLab11.elf.GIQjHK.ltrans0.ltrans.o
 .rodata.GPIOH_AFRH_fields
                0x000000000800e080       0x40 /tmp/pidLab11.elf.GIQjHK.ltrans0.ltrans.o
 .rodata.GPIOH_AFRL_fields
                0x000000000800e0c0       0x40 /tmp/pidLab11.elf.GIQjHK.ltrans0.ltrans.o
 .rodata.GPIOH_BSRR_fields
                0x000000000800e100      0x100 /tmp/pidLab11.elf.GIQjHK.ltrans0.ltrans.o
 .rodata.GPIOH_IDR_fields
                0x000000000800e200       0x80 /tmp/pidLab11.elf.GIQjHK.ltrans0.ltrans.o
 .rodata.GPIOH_LCKR_fields
                0x000000000800e280       0x88 /tmp/pidLab11.elf.GIQjHK.ltrans0.ltrans.o
 .rodata.GPIOH_MODER_fields
                0x000000000800e308       0x80 /tmp/pidLab11.elf.GIQjHK.ltrans0.ltrans.o
 .rodata.GPIOH_ODR_fields
                0x000000000800e388       0x80 /tmp/pidLab11.elf.GIQjHK.ltrans0.ltrans.o
 .rodata.GPIOH_OSPEEDR_fields
                0x000000000800e408       0x80 /tmp/pidLab11.elf.GIQjHK.ltrans0.ltrans.o
 .rodata.GPIOH_OTYPER_fields
                0x000000000800e488       0x80 /tmp/pidLab11.elf.GIQjHK.ltrans0.ltrans.o
 .rodata.GPIOH_PUPDR_fields
                0x000000000800e508       0x80 /tmp/pidLab11.elf.GIQjHK.ltrans0.ltrans.o
 .rodata.GPIOH_registers
                0x000000000800e588       0xa0 /tmp/pidLab11.elf.GIQjHK.ltrans0.ltrans.o
 .rodata.I2C3_CCR_fields
                0x000000000800e628       0x18 /tmp/pidLab11.elf.GIQjHK.ltrans0.ltrans.o
 .rodata.I2C3_CR1_fields
                0x000000000800e640       0x70 /tmp/pidLab11.elf.GIQjHK.ltrans0.ltrans.o
 .rodata.I2C3_CR2_fields
                0x000000000800e6b0       0x30 /tmp/pidLab11.elf.GIQjHK.ltrans0.ltrans.o
 .rodata.I2C3_DR_fields
                0x000000000800e6e0        0x8 /tmp/pidLab11.elf.GIQjHK.ltrans0.ltrans.o
 .rodata.I2C3_OAR1_fields
                0x000000000800e6e8       0x20 /tmp/pidLab11.elf.GIQjHK.ltrans0.ltrans.o
 .rodata.I2C3_OAR2_fields
                0x000000000800e708       0x10 /tmp/pidLab11.elf.GIQjHK.ltrans0.ltrans.o
 .rodata.I2C3_SR1_fields
                0x000000000800e718       0x70 /tmp/pidLab11.elf.GIQjHK.ltrans0.ltrans.o
 .rodata.I2C3_SR2_fields
                0x000000000800e788       0x40 /tmp/pidLab11.elf.GIQjHK.ltrans0.ltrans.o
 .rodata.I2C3_TRISE_fields
                0x000000000800e7c8        0x8 /tmp/pidLab11.elf.GIQjHK.ltrans0.ltrans.o
 .rodata.I2C3_registers
                0x000000000800e7d0       0x90 /tmp/pidLab11.elf.GIQjHK.ltrans0.ltrans.o
 .rodata.I2S2ext_CR1_fields
                0x000000000800e860       0x70 /tmp/pidLab11.elf.GIQjHK.ltrans0.ltrans.o
 .rodata.I2S2ext_CR2_fields
                0x000000000800e8d0       0x38 /tmp/pidLab11.elf.GIQjHK.ltrans0.ltrans.o
 .rodata.I2S2ext_CRCPR_fields
                0x000000000800e908        0x8 /tmp/pidLab11.elf.GIQjHK.ltrans0.ltrans.o
 .rodata.I2S2ext_DR_fields
                0x000000000800e910        0x8 /tmp/pidLab11.elf.GIQjHK.ltrans0.ltrans.o
 .rodata.I2S2ext_I2SCFGR_fields
                0x000000000800e918       0x40 /tmp/pidLab11.elf.GIQjHK.ltrans0.ltrans.o
 .rodata.I2S2ext_I2SPR_fields
                0x000000000800e958       0x18 /tmp/pidLab11.elf.GIQjHK.ltrans0.ltrans.o
 .rodata.I2S2ext_RXCRCR_fields
                0x000000000800e970        0x8 /tmp/pidLab11.elf.GIQjHK.ltrans0.ltrans.o
 .rodata.I2S2ext_SR_fields
                0x000000000800e978       0x48 /tmp/pidLab11.elf.GIQjHK.ltrans0.ltrans.o
 .rodata.I2S2ext_TXCRCR_fields
                0x000000000800e9c0        0x8 /tmp/pidLab11.elf.GIQjHK.ltrans0.ltrans.o
 .rodata.I2S2ext_registers
                0x000000000800e9c8       0x90 /tmp/pidLab11.elf.GIQjHK.ltrans0.ltrans.o
 .rodata.IWDG_KR_fields
                0x000000000800ea58        0x8 /tmp/pidLab11.elf.GIQjHK.ltrans0.ltrans.o
 .rodata.IWDG_PR_fields
                0x000000000800ea60        0x8 /tmp/pidLab11.elf.GIQjHK.ltrans0.ltrans.o
 .rodata.IWDG_RLR_fields
                0x000000000800ea68        0x8 /tmp/pidLab11.elf.GIQjHK.ltrans0.ltrans.o
 .rodata.IWDG_SR_fields
                0x000000000800ea70       0x10 /tmp/pidLab11.elf.GIQjHK.ltrans0.ltrans.o
 .rodata.IWDG_registers
                0x000000000800ea80       0x40 /tmp/pidLab11.elf.GIQjHK.ltrans0.ltrans.o
 .rodata.InterruptNames
                0x000000000800eac0      0x194 /tmp/pidLab11.elf.GIQjHK.ltrans0.ltrans.o
 .rodata.MPU_MPU_CTRL_fields
                0x000000000800ec54       0x18 /tmp/pidLab11.elf.GIQjHK.ltrans0.ltrans.o
 .rodata.MPU_MPU_RASR_fields
                0x000000000800ec6c       0x48 /tmp/pidLab11.elf.GIQjHK.ltrans0.ltrans.o
 .rodata.MPU_MPU_RBAR_fields
                0x000000000800ecb4       0x18 /tmp/pidLab11.elf.GIQjHK.ltrans0.ltrans.o
 .rodata.MPU_MPU_RNR_fields
                0x000000000800eccc        0x8 /tmp/pidLab11.elf.GIQjHK.ltrans0.ltrans.o
 .rodata.MPU_MPU_TYPER_fields
                0x000000000800ecd4       0x18 /tmp/pidLab11.elf.GIQjHK.ltrans0.ltrans.o
 .rodata.MPU_registers
                0x000000000800ecec       0x50 /tmp/pidLab11.elf.GIQjHK.ltrans0.ltrans.o
 .rodata.NVIC_IABR0_fields
                0x000000000800ed3c        0x8 /tmp/pidLab11.elf.GIQjHK.ltrans0.ltrans.o
 .rodata.NVIC_IABR1_fields
                0x000000000800ed44        0x8 /tmp/pidLab11.elf.GIQjHK.ltrans0.ltrans.o
 .rodata.NVIC_IABR2_fields
                0x000000000800ed4c        0x8 /tmp/pidLab11.elf.GIQjHK.ltrans0.ltrans.o
 .rodata.NVIC_ICER0_fields
                0x000000000800ed54        0x8 /tmp/pidLab11.elf.GIQjHK.ltrans0.ltrans.o
 .rodata.NVIC_ICER1_fields
                0x000000000800ed5c        0x8 /tmp/pidLab11.elf.GIQjHK.ltrans0.ltrans.o
 .rodata.NVIC_ICER2_fields
                0x000000000800ed64        0x8 /tmp/pidLab11.elf.GIQjHK.ltrans0.ltrans.o
 .rodata.NVIC_ICPR0_fields
                0x000000000800ed6c        0x8 /tmp/pidLab11.elf.GIQjHK.ltrans0.ltrans.o
 .rodata.NVIC_ICPR1_fields
                0x000000000800ed74        0x8 /tmp/pidLab11.elf.GIQjHK.ltrans0.ltrans.o
 .rodata.NVIC_ICPR2_fields
                0x000000000800ed7c        0x8 /tmp/pidLab11.elf.GIQjHK.ltrans0.ltrans.o
 .rodata.NVIC_IPR0_fields
                0x000000000800ed84       0x20 /tmp/pidLab11.elf.GIQjHK.ltrans0.ltrans.o
 .rodata.NVIC_IPR10_fields
                0x000000000800eda4       0x20 /tmp/pidLab11.elf.GIQjHK.ltrans0.ltrans.o
 .rodata.NVIC_IPR11_fields
                0x000000000800edc4       0x20 /tmp/pidLab11.elf.GIQjHK.ltrans0.ltrans.o
 .rodata.NVIC_IPR12_fields
                0x000000000800ede4       0x20 /tmp/pidLab11.elf.GIQjHK.ltrans0.ltrans.o
 .rodata.NVIC_IPR13_fields
                0x000000000800ee04       0x20 /tmp/pidLab11.elf.GIQjHK.ltrans0.ltrans.o
 .rodata.NVIC_IPR14_fields
                0x000000000800ee24       0x20 /tmp/pidLab11.elf.GIQjHK.ltrans0.ltrans.o
 .rodata.NVIC_IPR15_fields
                0x000000000800ee44       0x20 /tmp/pidLab11.elf.GIQjHK.ltrans0.ltrans.o
 .rodata.NVIC_IPR16_fields
                0x000000000800ee64       0x20 /tmp/pidLab11.elf.GIQjHK.ltrans0.ltrans.o
 .rodata.NVIC_IPR17_fields
                0x000000000800ee84       0x20 /tmp/pidLab11.elf.GIQjHK.ltrans0.ltrans.o
 .rodata.NVIC_IPR18_fields
                0x000000000800eea4       0x20 /tmp/pidLab11.elf.GIQjHK.ltrans0.ltrans.o
 .rodata.NVIC_IPR19_fields
                0x000000000800eec4       0x20 /tmp/pidLab11.elf.GIQjHK.ltrans0.ltrans.o
 .rodata.NVIC_IPR1_fields
                0x000000000800eee4       0x20 /tmp/pidLab11.elf.GIQjHK.ltrans0.ltrans.o
 .rodata.NVIC_IPR2_fields
                0x000000000800ef04       0x20 /tmp/pidLab11.elf.GIQjHK.ltrans0.ltrans.o
 .rodata.NVIC_IPR3_fields
                0x000000000800ef24       0x20 /tmp/pidLab11.elf.GIQjHK.ltrans0.ltrans.o
 .rodata.NVIC_IPR4_fields
                0x000000000800ef44       0x20 /tmp/pidLab11.elf.GIQjHK.ltrans0.ltrans.o
 .rodata.NVIC_IPR5_fields
                0x000000000800ef64       0x20 /tmp/pidLab11.elf.GIQjHK.ltrans0.ltrans.o
 .rodata.NVIC_IPR6_fields
                0x000000000800ef84       0x20 /tmp/pidLab11.elf.GIQjHK.ltrans0.ltrans.o
 .rodata.NVIC_IPR7_fields
                0x000000000800efa4       0x20 /tmp/pidLab11.elf.GIQjHK.ltrans0.ltrans.o
 .rodata.NVIC_IPR8_fields
                0x000000000800efc4       0x20 /tmp/pidLab11.elf.GIQjHK.ltrans0.ltrans.o
 .rodata.NVIC_IPR9_fields
                0x000000000800efe4       0x20 /tmp/pidLab11.elf.GIQjHK.ltrans0.ltrans.o
 .rodata.NVIC_ISER0_fields
                0x000000000800f004        0x8 /tmp/pidLab11.elf.GIQjHK.ltrans0.ltrans.o
 .rodata.NVIC_ISER1_fields
                0x000000000800f00c        0x8 /tmp/pidLab11.elf.GIQjHK.ltrans0.ltrans.o
 .rodata.NVIC_ISER2_fields
                0x000000000800f014        0x8 /tmp/pidLab11.elf.GIQjHK.ltrans0.ltrans.o
 .rodata.NVIC_ISPR0_fields
                0x000000000800f01c        0x8 /tmp/pidLab11.elf.GIQjHK.ltrans0.ltrans.o
 .rodata.NVIC_ISPR1_fields
                0x000000000800f024        0x8 /tmp/pidLab11.elf.GIQjHK.ltrans0.ltrans.o
 .rodata.NVIC_ISPR2_fields
                0x000000000800f02c        0x8 /tmp/pidLab11.elf.GIQjHK.ltrans0.ltrans.o
 .rodata.NVIC_STIR_STIR_fields
                0x000000000800f034        0x8 /tmp/pidLab11.elf.GIQjHK.ltrans0.ltrans.o
 .rodata.NVIC_STIR_registers
                0x000000000800f03c       0x10 /tmp/pidLab11.elf.GIQjHK.ltrans0.ltrans.o
 .rodata.NVIC_registers
                0x000000000800f04c      0x230 /tmp/pidLab11.elf.GIQjHK.ltrans0.ltrans.o
 .rodata.OTG_FS_DEVICE_DIEPCTL1_fields
                0x000000000800f27c       0x68 /tmp/pidLab11.elf.GIQjHK.ltrans0.ltrans.o
 .rodata.OTG_FS_DEVICE_DIEPCTL2_fields
                0x000000000800f2e4       0x68 /tmp/pidLab11.elf.GIQjHK.ltrans0.ltrans.o
 .rodata.OTG_FS_DEVICE_DIEPCTL3_fields
                0x000000000800f34c       0x68 /tmp/pidLab11.elf.GIQjHK.ltrans0.ltrans.o
 .rodata.OTG_FS_DEVICE_DIEPEMPMSK_fields
                0x000000000800f3b4        0x8 /tmp/pidLab11.elf.GIQjHK.ltrans0.ltrans.o
 .rodata.OTG_FS_DEVICE_DIEPINT0_fields
                0x000000000800f3bc       0x30 /tmp/pidLab11.elf.GIQjHK.ltrans0.ltrans.o
 .rodata.OTG_FS_DEVICE_DIEPINT1_fields
                0x000000000800f3ec       0x30 /tmp/pidLab11.elf.GIQjHK.ltrans0.ltrans.o
 .rodata.OTG_FS_DEVICE_DIEPINT2_fields
                0x000000000800f41c       0x30 /tmp/pidLab11.elf.GIQjHK.ltrans0.ltrans.o
 .rodata.OTG_FS_DEVICE_DIEPINT3_fields
                0x000000000800f44c       0x30 /tmp/pidLab11.elf.GIQjHK.ltrans0.ltrans.o
 .rodata.OTG_FS_DEVICE_DIEPTSIZ0_fields
                0x000000000800f47c       0x10 /tmp/pidLab11.elf.GIQjHK.ltrans0.ltrans.o
 .rodata.OTG_FS_DEVICE_DIEPTSIZ1_fields
                0x000000000800f48c       0x18 /tmp/pidLab11.elf.GIQjHK.ltrans0.ltrans.o
 .rodata.OTG_FS_DEVICE_DIEPTSIZ2_fields
                0x000000000800f4a4       0x18 /tmp/pidLab11.elf.GIQjHK.ltrans0.ltrans.o
 .rodata.OTG_FS_DEVICE_DIEPTSIZ3_fields
                0x000000000800f4bc       0x18 /tmp/pidLab11.elf.GIQjHK.ltrans0.ltrans.o
 .rodata.OTG_FS_DEVICE_DOEPCTL0_fields
                0x000000000800f4d4       0x50 /tmp/pidLab11.elf.GIQjHK.ltrans0.ltrans.o
 .rodata.OTG_FS_DEVICE_DOEPCTL1_fields
                0x000000000800f524       0x68 /tmp/pidLab11.elf.GIQjHK.ltrans0.ltrans.o
 .rodata.OTG_FS_DEVICE_DOEPCTL2_fields
                0x000000000800f58c       0x68 /tmp/pidLab11.elf.GIQjHK.ltrans0.ltrans.o
 .rodata.OTG_FS_DEVICE_DOEPCTL3_fields
                0x000000000800f5f4       0x68 /tmp/pidLab11.elf.GIQjHK.ltrans0.ltrans.o
 .rodata.OTG_FS_DEVICE_DOEPINT0_fields
                0x000000000800f65c       0x28 /tmp/pidLab11.elf.GIQjHK.ltrans0.ltrans.o
 .rodata.OTG_FS_DEVICE_DOEPINT1_fields
                0x000000000800f684       0x28 /tmp/pidLab11.elf.GIQjHK.ltrans0.ltrans.o
 .rodata.OTG_FS_DEVICE_DOEPINT2_fields
                0x000000000800f6ac       0x28 /tmp/pidLab11.elf.GIQjHK.ltrans0.ltrans.o
 .rodata.OTG_FS_DEVICE_DOEPINT3_fields
                0x000000000800f6d4       0x28 /tmp/pidLab11.elf.GIQjHK.ltrans0.ltrans.o
 .rodata.OTG_FS_DEVICE_DOEPTSIZ0_fields
                0x000000000800f6fc       0x18 /tmp/pidLab11.elf.GIQjHK.ltrans0.ltrans.o
 .rodata.OTG_FS_DEVICE_DOEPTSIZ1_fields
                0x000000000800f714       0x18 /tmp/pidLab11.elf.GIQjHK.ltrans0.ltrans.o
 .rodata.OTG_FS_DEVICE_DOEPTSIZ2_fields
                0x000000000800f72c       0x18 /tmp/pidLab11.elf.GIQjHK.ltrans0.ltrans.o
 .rodata.OTG_FS_DEVICE_DOEPTSIZ3_fields
                0x000000000800f744       0x18 /tmp/pidLab11.elf.GIQjHK.ltrans0.ltrans.o
 .rodata.OTG_FS_DEVICE_DTXFSTS0_fields
                0x000000000800f75c        0x8 /tmp/pidLab11.elf.GIQjHK.ltrans0.ltrans.o
 .rodata.OTG_FS_DEVICE_DTXFSTS1_fields
                0x000000000800f764        0x8 /tmp/pidLab11.elf.GIQjHK.ltrans0.ltrans.o
 .rodata.OTG_FS_DEVICE_DTXFSTS2_fields
                0x000000000800f76c        0x8 /tmp/pidLab11.elf.GIQjHK.ltrans0.ltrans.o
 .rodata.OTG_FS_DEVICE_DTXFSTS3_fields
                0x000000000800f774        0x8 /tmp/pidLab11.elf.GIQjHK.ltrans0.ltrans.o
 .rodata.OTG_FS_DEVICE_DVBUSDIS_fields
                0x000000000800f77c        0x8 /tmp/pidLab11.elf.GIQjHK.ltrans0.ltrans.o
 .rodata.OTG_FS_DEVICE_DVBUSPULSE_fields
                0x000000000800f784        0x8 /tmp/pidLab11.elf.GIQjHK.ltrans0.ltrans.o
 .rodata.OTG_FS_DEVICE_FS_DAINTMSK_fields
                0x000000000800f78c       0x10 /tmp/pidLab11.elf.GIQjHK.ltrans0.ltrans.o
 .rodata.OTG_FS_DEVICE_FS_DAINT_fields
                0x000000000800f79c       0x10 /tmp/pidLab11.elf.GIQjHK.ltrans0.ltrans.o
 .rodata.OTG_FS_DEVICE_FS_DCFG_fields
                0x000000000800f7ac       0x20 /tmp/pidLab11.elf.GIQjHK.ltrans0.ltrans.o
 .rodata.OTG_FS_DEVICE_FS_DCTL_fields
                0x000000000800f7cc       0x50 /tmp/pidLab11.elf.GIQjHK.ltrans0.ltrans.o
 .rodata.OTG_FS_DEVICE_FS_DIEPCTL0_fields
                0x000000000800f81c       0x50 /tmp/pidLab11.elf.GIQjHK.ltrans0.ltrans.o
 .rodata.OTG_FS_DEVICE_FS_DIEPMSK_fields
                0x000000000800f86c       0x30 /tmp/pidLab11.elf.GIQjHK.ltrans0.ltrans.o
 .rodata.OTG_FS_DEVICE_FS_DOEPMSK_fields
                0x000000000800f89c       0x20 /tmp/pidLab11.elf.GIQjHK.ltrans0.ltrans.o
 .rodata.OTG_FS_DEVICE_FS_DSTS_fields
                0x000000000800f8bc       0x20 /tmp/pidLab11.elf.GIQjHK.ltrans0.ltrans.o
 .rodata.OTG_FS_DEVICE_registers
                0x000000000800f8dc      0x260 /tmp/pidLab11.elf.GIQjHK.ltrans0.ltrans.o
 .rodata.OTG_FS_GLOBAL_FS_CID_fields
                0x000000000800fb3c        0x8 /tmp/pidLab11.elf.GIQjHK.ltrans0.ltrans.o
 .rodata.OTG_FS_GLOBAL_FS_DIEPTXF1_fields
                0x000000000800fb44       0x10 /tmp/pidLab11.elf.GIQjHK.ltrans0.ltrans.o
 .rodata.OTG_FS_GLOBAL_FS_DIEPTXF2_fields
                0x000000000800fb54       0x10 /tmp/pidLab11.elf.GIQjHK.ltrans0.ltrans.o
 .rodata.OTG_FS_GLOBAL_FS_DIEPTXF3_fields
                0x000000000800fb64       0x10 /tmp/pidLab11.elf.GIQjHK.ltrans0.ltrans.o
 .rodata.OTG_FS_GLOBAL_FS_GAHBCFG_fields
                0x000000000800fb74       0x18 /tmp/pidLab11.elf.GIQjHK.ltrans0.ltrans.o
 .rodata.OTG_FS_GLOBAL_FS_GCCFG_fields
                0x000000000800fb8c       0x20 /tmp/pidLab11.elf.GIQjHK.ltrans0.ltrans.o
 .rodata.OTG_FS_GLOBAL_FS_GINTMSK_fields
                0x000000000800fbac       0xc8 /tmp/pidLab11.elf.GIQjHK.ltrans0.ltrans.o
 .rodata.OTG_FS_GLOBAL_FS_GINTSTS_fields
                0x000000000800fc74       0xc8 /tmp/pidLab11.elf.GIQjHK.ltrans0.ltrans.o
 .rodata.OTG_FS_GLOBAL_FS_GNPTXFSIZ_Device_fields
                0x000000000800fd3c       0x10 /tmp/pidLab11.elf.GIQjHK.ltrans0.ltrans.o
 .rodata.OTG_FS_GLOBAL_FS_GNPTXFSIZ_Host_fields
                0x000000000800fd4c       0x10 /tmp/pidLab11.elf.GIQjHK.ltrans0.ltrans.o
 .rodata.OTG_FS_GLOBAL_FS_GNPTXSTS_fields
                0x000000000800fd5c       0x18 /tmp/pidLab11.elf.GIQjHK.ltrans0.ltrans.o
 .rodata.OTG_FS_GLOBAL_FS_GOTGCTL_fields
                0x000000000800fd74       0x50 /tmp/pidLab11.elf.GIQjHK.ltrans0.ltrans.o
 .rodata.OTG_FS_GLOBAL_FS_GOTGINT_fields
                0x000000000800fdc4       0x30 /tmp/pidLab11.elf.GIQjHK.ltrans0.ltrans.o
 .rodata.OTG_FS_GLOBAL_FS_GRSTCTL_fields
                0x000000000800fdf4       0x38 /tmp/pidLab11.elf.GIQjHK.ltrans0.ltrans.o
 .rodata.OTG_FS_GLOBAL_FS_GRXFSIZ_fields
                0x000000000800fe2c        0x8 /tmp/pidLab11.elf.GIQjHK.ltrans0.ltrans.o
 .rodata.OTG_FS_GLOBAL_FS_GRXSTSR_Device_fields
                0x000000000800fe34       0x28 /tmp/pidLab11.elf.GIQjHK.ltrans0.ltrans.o
 .rodata.OTG_FS_GLOBAL_FS_GRXSTSR_Host_fields
                0x000000000800fe5c       0x28 /tmp/pidLab11.elf.GIQjHK.ltrans0.ltrans.o
 .rodata.OTG_FS_GLOBAL_FS_GUSBCFG_fields
                0x000000000800fe84       0x40 /tmp/pidLab11.elf.GIQjHK.ltrans0.ltrans.o
 .rodata.OTG_FS_GLOBAL_FS_HPTXFSIZ_fields
                0x000000000800fec4       0x10 /tmp/pidLab11.elf.GIQjHK.ltrans0.ltrans.o
 .rodata.OTG_FS_GLOBAL_registers
                0x000000000800fed4      0x130 /tmp/pidLab11.elf.GIQjHK.ltrans0.ltrans.o
 .rodata.OTG_FS_HOST_FS_HCCHAR0_fields
                0x0000000008010004       0x50 /tmp/pidLab11.elf.GIQjHK.ltrans0.ltrans.o
 .rodata.OTG_FS_HOST_FS_HCCHAR1_fields
                0x0000000008010054       0x50 /tmp/pidLab11.elf.GIQjHK.ltrans0.ltrans.o
 .rodata.OTG_FS_HOST_FS_HCCHAR2_fields
                0x00000000080100a4       0x50 /tmp/pidLab11.elf.GIQjHK.ltrans0.ltrans.o
 .rodata.OTG_FS_HOST_FS_HCCHAR3_fields
                0x00000000080100f4       0x50 /tmp/pidLab11.elf.GIQjHK.ltrans0.ltrans.o
 .rodata.OTG_FS_HOST_FS_HCCHAR4_fields
                0x0000000008010144       0x50 /tmp/pidLab11.elf.GIQjHK.ltrans0.ltrans.o
 .rodata.OTG_FS_HOST_FS_HCCHAR5_fields
                0x0000000008010194       0x50 /tmp/pidLab11.elf.GIQjHK.ltrans0.ltrans.o
 .rodata.OTG_FS_HOST_FS_HCCHAR6_fields
                0x00000000080101e4       0x50 /tmp/pidLab11.elf.GIQjHK.ltrans0.ltrans.o
 .rodata.OTG_FS_HOST_FS_HCCHAR7_fields
                0x0000000008010234       0x50 /tmp/pidLab11.elf.GIQjHK.ltrans0.ltrans.o
 .rodata.OTG_FS_HOST_FS_HCFG_fields
                0x0000000008010284       0x10 /tmp/pidLab11.elf.GIQjHK.ltrans0.ltrans.o
 .rodata.OTG_FS_HOST_FS_HCINT0_fields
                0x0000000008010294       0x48 /tmp/pidLab11.elf.GIQjHK.ltrans0.ltrans.o
 .rodata.OTG_FS_HOST_FS_HCINT1_fields
                0x00000000080102dc       0x48 /tmp/pidLab11.elf.GIQjHK.ltrans0.ltrans.o
 .rodata.OTG_FS_HOST_FS_HCINT2_fields
                0x0000000008010324       0x48 /tmp/pidLab11.elf.GIQjHK.ltrans0.ltrans.o
 .rodata.OTG_FS_HOST_FS_HCINT3_fields
                0x000000000801036c       0x48 /tmp/pidLab11.elf.GIQjHK.ltrans0.ltrans.o
 .rodata.OTG_FS_HOST_FS_HCINT4_fields
                0x00000000080103b4       0x48 /tmp/pidLab11.elf.GIQjHK.ltrans0.ltrans.o
 .rodata.OTG_FS_HOST_FS_HCINT5_fields
                0x00000000080103fc       0x48 /tmp/pidLab11.elf.GIQjHK.ltrans0.ltrans.o
 .rodata.OTG_FS_HOST_FS_HCINT6_fields
                0x0000000008010444       0x48 /tmp/pidLab11.elf.GIQjHK.ltrans0.ltrans.o
 .rodata.OTG_FS_HOST_FS_HCINT7_fields
                0x000000000801048c       0x48 /tmp/pidLab11.elf.GIQjHK.ltrans0.ltrans.o
 .rodata.OTG_FS_HOST_FS_HCINTMSK0_fields
                0x00000000080104d4       0x50 /tmp/pidLab11.elf.GIQjHK.ltrans0.ltrans.o
 .rodata.OTG_FS_HOST_FS_HCINTMSK1_fields
                0x0000000008010524       0x50 /tmp/pidLab11.elf.GIQjHK.ltrans0.ltrans.o
 .rodata.OTG_FS_HOST_FS_HCINTMSK2_fields
                0x0000000008010574       0x50 /tmp/pidLab11.elf.GIQjHK.ltrans0.ltrans.o
 .rodata.OTG_FS_HOST_FS_HCINTMSK3_fields
                0x00000000080105c4       0x50 /tmp/pidLab11.elf.GIQjHK.ltrans0.ltrans.o
 .rodata.OTG_FS_HOST_FS_HCINTMSK4_fields
                0x0000000008010614       0x50 /tmp/pidLab11.elf.GIQjHK.ltrans0.ltrans.o
 .rodata.OTG_FS_HOST_FS_HCINTMSK5_fields
                0x0000000008010664       0x50 /tmp/pidLab11.elf.GIQjHK.ltrans0.ltrans.o
 .rodata.OTG_FS_HOST_FS_HCINTMSK6_fields
                0x00000000080106b4       0x50 /tmp/pidLab11.elf.GIQjHK.ltrans0.ltrans.o
 .rodata.OTG_FS_HOST_FS_HCINTMSK7_fields
                0x0000000008010704       0x50 /tmp/pidLab11.elf.GIQjHK.ltrans0.ltrans.o
 .rodata.OTG_FS_HOST_FS_HCTSIZ0_fields
                0x0000000008010754       0x18 /tmp/pidLab11.elf.GIQjHK.ltrans0.ltrans.o
 .rodata.OTG_FS_HOST_FS_HCTSIZ1_fields
                0x000000000801076c       0x18 /tmp/pidLab11.elf.GIQjHK.ltrans0.ltrans.o
 .rodata.OTG_FS_HOST_FS_HCTSIZ2_fields
                0x0000000008010784       0x18 /tmp/pidLab11.elf.GIQjHK.ltrans0.ltrans.o
 .rodata.OTG_FS_HOST_FS_HCTSIZ3_fields
                0x000000000801079c       0x18 /tmp/pidLab11.elf.GIQjHK.ltrans0.ltrans.o
 .rodata.OTG_FS_HOST_FS_HCTSIZ4_fields
                0x00000000080107b4       0x18 /tmp/pidLab11.elf.GIQjHK.ltrans0.ltrans.o
 .rodata.OTG_FS_HOST_FS_HCTSIZ5_fields
                0x00000000080107cc       0x18 /tmp/pidLab11.elf.GIQjHK.ltrans0.ltrans.o
 .rodata.OTG_FS_HOST_FS_HCTSIZ6_fields
                0x00000000080107e4       0x18 /tmp/pidLab11.elf.GIQjHK.ltrans0.ltrans.o
 .rodata.OTG_FS_HOST_FS_HCTSIZ7_fields
                0x00000000080107fc       0x18 /tmp/pidLab11.elf.GIQjHK.ltrans0.ltrans.o
 .rodata.OTG_FS_HOST_FS_HFNUM_fields
                0x0000000008010814       0x10 /tmp/pidLab11.elf.GIQjHK.ltrans0.ltrans.o
 .rodata.OTG_FS_HOST_FS_HPRT_fields
                0x0000000008010824       0x68 /tmp/pidLab11.elf.GIQjHK.ltrans0.ltrans.o
 .rodata.OTG_FS_HOST_FS_HPTXSTS_fields
                0x000000000801088c       0x18 /tmp/pidLab11.elf.GIQjHK.ltrans0.ltrans.o
 .rodata.OTG_FS_HOST_HAINTMSK_fields
                0x00000000080108a4        0x8 /tmp/pidLab11.elf.GIQjHK.ltrans0.ltrans.o
 .rodata.OTG_FS_HOST_HAINT_fields
                0x00000000080108ac        0x8 /tmp/pidLab11.elf.GIQjHK.ltrans0.ltrans.o
 .rodata.OTG_FS_HOST_HFIR_fields
                0x00000000080108b4        0x8 /tmp/pidLab11.elf.GIQjHK.ltrans0.ltrans.o
 .rodata.OTG_FS_HOST_registers
                0x00000000080108bc      0x270 /tmp/pidLab11.elf.GIQjHK.ltrans0.ltrans.o
 .rodata.OTG_FS_PWRCLK_FS_PCGCCTL_fields
                0x0000000008010b2c       0x18 /tmp/pidLab11.elf.GIQjHK.ltrans0.ltrans.o
 .rodata.OTG_FS_PWRCLK_registers
                0x0000000008010b44       0x10 /tmp/pidLab11.elf.GIQjHK.ltrans0.ltrans.o
 .rodata.PWR_CR_fields
                0x0000000008010b54       0x50 /tmp/pidLab11.elf.GIQjHK.ltrans0.ltrans.o
 .rodata.PWR_CSR_fields
                0x0000000008010ba4       0x38 /tmp/pidLab11.elf.GIQjHK.ltrans0.ltrans.o
 .rodata.PWR_registers
                0x0000000008010bdc       0x20 /tmp/pidLab11.elf.GIQjHK.ltrans0.ltrans.o
 .rodata.Peripherals
                0x0000000008010bfc      0x380 /tmp/pidLab11.elf.GIQjHK.ltrans0.ltrans.o
 .rodata.RCC_AHB1ENR_fields
                0x0000000008010f7c       0x48 /tmp/pidLab11.elf.GIQjHK.ltrans0.ltrans.o
 .rodata.RCC_AHB1LPENR_fields
                0x0000000008010fc4       0x58 /tmp/pidLab11.elf.GIQjHK.ltrans0.ltrans.o
 .rodata.RCC_AHB1RSTR_fields
                0x000000000801101c       0x48 /tmp/pidLab11.elf.GIQjHK.ltrans0.ltrans.o
 .rodata.RCC_AHB2ENR_fields
                0x0000000008011064        0x8 /tmp/pidLab11.elf.GIQjHK.ltrans0.ltrans.o
 .rodata.RCC_AHB2LPENR_fields
                0x000000000801106c        0x8 /tmp/pidLab11.elf.GIQjHK.ltrans0.ltrans.o
 .rodata.RCC_AHB2RSTR_fields
                0x0000000008011074        0x8 /tmp/pidLab11.elf.GIQjHK.ltrans0.ltrans.o
 .rodata.RCC_APB1ENR_fields
                0x000000000801107c       0x60 /tmp/pidLab11.elf.GIQjHK.ltrans0.ltrans.o
 .rodata.RCC_APB1LPENR_fields
                0x00000000080110dc       0x60 /tmp/pidLab11.elf.GIQjHK.ltrans0.ltrans.o
 .rodata.RCC_APB1RSTR_fields
                0x000000000801113c       0x60 /tmp/pidLab11.elf.GIQjHK.ltrans0.ltrans.o
 .rodata.RCC_APB2ENR_fields
                0x000000000801119c       0x58 /tmp/pidLab11.elf.GIQjHK.ltrans0.ltrans.o
 .rodata.RCC_APB2LPENR_fields
                0x00000000080111f4       0x58 /tmp/pidLab11.elf.GIQjHK.ltrans0.ltrans.o
 .rodata.RCC_APB2RSTR_fields
                0x000000000801124c       0x50 /tmp/pidLab11.elf.GIQjHK.ltrans0.ltrans.o
 .rodata.RCC_BDCR_fields
                0x000000000801129c       0x38 /tmp/pidLab11.elf.GIQjHK.ltrans0.ltrans.o
 .rodata.RCC_CFGR_fields
                0x00000000080112d4       0x68 /tmp/pidLab11.elf.GIQjHK.ltrans0.ltrans.o
 .rodata.RCC_CIR_fields
                0x000000000801133c       0xa0 /tmp/pidLab11.elf.GIQjHK.ltrans0.ltrans.o
 .rodata.RCC_CR_fields
                0x00000000080113dc       0x60 /tmp/pidLab11.elf.GIQjHK.ltrans0.ltrans.o
 .rodata.RCC_CSR_fields
                0x000000000801143c       0x50 /tmp/pidLab11.elf.GIQjHK.ltrans0.ltrans.o
 .rodata.RCC_PLLCFGR_fields
                0x000000000801148c       0xb0 /tmp/pidLab11.elf.GIQjHK.ltrans0.ltrans.o
 .rodata.RCC_PLLI2SCFGR_fields
                0x000000000801153c       0x10 /tmp/pidLab11.elf.GIQjHK.ltrans0.ltrans.o
 .rodata.RCC_SSCGR_fields
                0x000000000801154c       0x20 /tmp/pidLab11.elf.GIQjHK.ltrans0.ltrans.o
 .rodata.RCC_registers
                0x000000000801156c      0x140 /tmp/pidLab11.elf.GIQjHK.ltrans0.ltrans.o
 .rodata.RTC_ALRMAR_fields
                0x00000000080116ac       0x70 /tmp/pidLab11.elf.GIQjHK.ltrans0.ltrans.o
 .rodata.RTC_ALRMASSR_fields
                0x000000000801171c       0x10 /tmp/pidLab11.elf.GIQjHK.ltrans0.ltrans.o
 .rodata.RTC_ALRMBR_fields