Archive member included to satisfy reference by file (symbol)

/usr/local/bin/../lib/gcc/arm-none-eabi/10.2.1/thumb/v7e-m+fp/hard/libgcc.a(_aeabi_ldivmod.o)
                              build/cubemx_stm32f411/Drivers/STM32F4xx_HAL_Driver/Src/stm32f4xx_hal_rcc.o (__aeabi_ldivmod)
/usr/local/bin/../lib/gcc/arm-none-eabi/10.2.1/thumb/v7e-m+fp/hard/libgcc.a(_aeabi_uldivmod.o)
                              build/cubemx_stm32f411/Drivers/STM32F4xx_HAL_Driver/Src/stm32f4xx_hal_rcc.o (__aeabi_uldivmod)
/usr/local/bin/../lib/gcc/arm-none-eabi/10.2.1/thumb/v7e-m+fp/hard/libgcc.a(_udivmoddi4.o)
                              /usr/local/bin/../lib/gcc/arm-none-eabi/10.2.1/thumb/v7e-m+fp/hard/libgcc.a(_aeabi_ldivmod.o) (__udivmoddi4)
/usr/local/bin/../lib/gcc/arm-none-eabi/10.2.1/thumb/v7e-m+fp/hard/libgcc.a(_dvmd_tls.o)
                              /usr/local/bin/../lib/gcc/arm-none-eabi/10.2.1/thumb/v7e-m+fp/hard/libgcc.a(_aeabi_ldivmod.o) (__aeabi_ldiv0)
/usr/local/bin/../lib/gcc/arm-none-eabi/10.2.1/../../../../arm-none-eabi/lib/thumb/v7e-m+fp/hard/libg_nano.a(lib_a-ctype_.o)
                              build/monitor/parser.o (_ctype_)
/usr/local/bin/../lib/gcc/arm-none-eabi/10.2.1/../../../../arm-none-eabi/lib/thumb/v7e-m+fp/hard/libg_nano.a(lib_a-errno.o)
                              build/syscall.o (__errno)
/usr/local/bin/../lib/gcc/arm-none-eabi/10.2.1/../../../../arm-none-eabi/lib/thumb/v7e-m+fp/hard/libg_nano.a(lib_a-exit.o)
                              /usr/local/bin/../lib/gcc/arm-none-eabi/10.2.1/../../../../arm-none-eabi/lib/thumb/v7e-m+fp/hard/crt0.o (exit)
/usr/local/bin/../lib/gcc/arm-none-eabi/10.2.1/../../../../arm-none-eabi/lib/thumb/v7e-m+fp/hard/libg_nano.a(lib_a-impure.o)
                              /usr/local/bin/../lib/gcc/arm-none-eabi/10.2.1/../../../../arm-none-eabi/lib/thumb/v7e-m+fp/hard/libg_nano.a(lib_a-exit.o) (_global_impure_ptr)
/usr/local/bin/../lib/gcc/arm-none-eabi/10.2.1/../../../../arm-none-eabi/lib/thumb/v7e-m+fp/hard/libg_nano.a(lib_a-init.o)
                              /usr/local/bin/../lib/gcc/arm-none-eabi/10.2.1/../../../../arm-none-eabi/lib/thumb/v7e-m+fp/hard/crt0.o (__libc_init_array)
/usr/local/bin/../lib/gcc/arm-none-eabi/10.2.1/../../../../arm-none-eabi/lib/thumb/v7e-m+fp/hard/libg_nano.a(lib_a-memset.o)
                              /usr/local/bin/../lib/gcc/arm-none-eabi/10.2.1/../../../../arm-none-eabi/lib/thumb/v7e-m+fp/hard/crt0.o (memset)
/usr/local/bin/../lib/gcc/arm-none-eabi/10.2.1/../../../../arm-none-eabi/lib/thumb/v7e-m+fp/hard/libg_nano.a(lib_a-nano-vfprintf_float.o)
                              (_printf_float)
/usr/local/bin/../lib/gcc/arm-none-eabi/10.2.1/../../../../arm-none-eabi/lib/thumb/v7e-m+fp/hard/libg_nano.a(lib_a-nano-vfprintf_i.o)
                              /usr/local/bin/../lib/gcc/arm-none-eabi/10.2.1/../../../../arm-none-eabi/lib/thumb/v7e-m+fp/hard/libg_nano.a(lib_a-nano-vfprintf_float.o) (_printf_common)
/usr/local/bin/../lib/gcc/arm-none-eabi/10.2.1/../../../../arm-none-eabi/lib/thumb/v7e-m+fp/hard/libg_nano.a(lib_a-printf.o)
                              build/my_main.o (printf)
/usr/local/bin/../lib/gcc/arm-none-eabi/10.2.1/../../../../arm-none-eabi/lib/thumb/v7e-m+fp/hard/libg_nano.a(lib_a-putchar.o)
                              build/monitor/monitor.o (putchar)
/usr/local/bin/../lib/gcc/arm-none-eabi/10.2.1/../../../../arm-none-eabi/lib/thumb/v7e-m+fp/hard/libg_nano.a(lib_a-puts.o)
                              build/my_main.o (puts)
/usr/local/bin/../lib/gcc/arm-none-eabi/10.2.1/../../../../arm-none-eabi/lib/thumb/v7e-m+fp/hard/libg_nano.a(lib_a-setvbuf.o)
                              build/monitor/terminal.o (setvbuf)
/usr/local/bin/../lib/gcc/arm-none-eabi/10.2.1/../../../../arm-none-eabi/lib/thumb/v7e-m+fp/hard/libg_nano.a(lib_a-strcasecmp.o)
                              build/monitor/parser.o (strcasecmp)
/usr/local/bin/../lib/gcc/arm-none-eabi/10.2.1/../../../../arm-none-eabi/lib/thumb/v7e-m+fp/hard/libg_nano.a(lib_a-strchr.o)
                              build/monitor/parser.o (strchr)
/usr/local/bin/../lib/gcc/arm-none-eabi/10.2.1/../../../../arm-none-eabi/lib/thumb/v7e-m+fp/hard/libg_nano.a(lib_a-strcpy.o)
                              build/monitor/parser.o (strcpy)
/usr/local/bin/../lib/gcc/arm-none-eabi/10.2.1/../../../../arm-none-eabi/lib/thumb/v7e-m+fp/hard/libg_nano.a(lib_a-strlen.o)
                              build/monitor/parser.o (strlen)
/usr/local/bin/../lib/gcc/arm-none-eabi/10.2.1/../../../../arm-none-eabi/lib/thumb/v7e-m+fp/hard/libg_nano.a(lib_a-strtod.o)
                              build/monitor/parser.o (strtod)
/usr/local/bin/../lib/gcc/arm-none-eabi/10.2.1/../../../../arm-none-eabi/lib/thumb/v7e-m+fp/hard/libg_nano.a(lib_a-strtok.o)
                              build/monitor/parser.o (strtok)
/usr/local/bin/../lib/gcc/arm-none-eabi/10.2.1/../../../../arm-none-eabi/lib/thumb/v7e-m+fp/hard/libg_nano.a(lib_a-strtok_r.o)
[...]
Memory Configuration

Name             Origin             Length             Attributes
RAM              0x0000000020000000 0x0000000000020000 xrw
FLASH            0x0000000008000000 0x0000000000080000 xr
*default*        0x0000000000000000 0xffffffffffffffff

Linker script and memory map

LOAD /usr/local/bin/../lib/gcc/arm-none-eabi/10.2.1/thumb/v7e-m+fp/hard/crti.o
LOAD /usr/local/bin/../lib/gcc/arm-none-eabi/10.2.1/thumb/v7e-m+fp/hard/crtbegin.o
LOAD /usr/local/bin/../lib/gcc/arm-none-eabi/10.2.1/../../../../arm-none-eabi/lib/thumb/v7e-m+fp/hard/crt0.o
LOAD build/my_main.o
LOAD build/mycode.o
LOAD build/mytest.o
LOAD build/stepper_example.o
LOAD build/timer_irq.o
LOAD build/monitor/decoder/STM32F411.o
LOAD build/cubemx_stm32f411/startup_stm32f411xe.o
LOAD build/syscall.o
LOAD build/monitor/monitor.o
LOAD build/monitor/parser.o
LOAD build/monitor/dump.o
LOAD build/monitor/terminal.o
LOAD build/monitor/wdog.o
LOAD build/monitor/tasking.o
LOAD build/monitor/default.o
LOAD build/monitor/decoder/decoder.o
LOAD build/cubemx_stm32f411/Core/Src/main.o
LOAD build/cubemx_stm32f411/Core/Src/stm32f4xx_it.o
LOAD build/cubemx_stm32f411/Core/Src/stm32f4xx_hal_msp.o
LOAD build/cubemx_stm32f411/Core/Src/system_stm32f4xx.o
LOAD build/cubemx_stm32f411/Drivers/STM32F4xx_HAL_Driver/Src/stm32f4xx_hal_rcc.o
LOAD build/cubemx_stm32f411/Drivers/STM32F4xx_HAL_Driver/Src/stm32f4xx_hal_rcc_ex.o
LOAD build/cubemx_stm32f411/Drivers/STM32F4xx_HAL_Driver/Src/stm32f4xx_hal.o
LOAD build/cubemx_stm32f411/Drivers/STM32F4xx_HAL_Driver/Src/stm32f4xx_hal_cortex.o
LOAD build/cubemx_stm32f411/Drivers/STM32F4xx_HAL_Driver/Src/stm32f4xx_hal_uart.o
LOAD build/cubemx_stm32f411/Drivers/STM32F4xx_HAL_Driver/Src/stm32f4xx_hal_gpio.o
LOAD build/cubemx_stm32f411/Drivers/STM32F4xx_HAL_Driver/Src/stm32f4xx_hal_iwdg.o
LOAD build/cubemx_stm32f411/Drivers/STM32F4xx_HAL_Driver/Src/stm32f4xx_hal_rtc.o
LOAD build/cubemx_stm32f411/Drivers/STM32F4xx_HAL_Driver/Src/stm32f4xx_hal_rtc_ex.o
LOAD build/cubemx_stm32f411/Drivers/STM32F4xx_HAL_Driver/Src/stm32f4xx_hal_adc.o
LOAD build/cubemx_stm32f411/Drivers/STM32F4xx_HAL_Driver/Src/stm32f4xx_hal_adc_ex.o
LOAD build/cubemx_stm32f411/Drivers/STM32F4xx_HAL_Driver/Src/stm32f4xx_hal_dac.o
LOAD build/cubemx_stm32f411/Drivers/STM32F4xx_HAL_Driver/Src/stm32f4xx_hal_dac_ex.o
LOAD build/cubemx_stm32f411/Drivers/STM32F4xx_HAL_Driver/Src/stm32f4xx_hal_tim.o
LOAD build/cubemx_stm32f411/Drivers/STM32F4xx_HAL_Driver/Src/stm32f4xx_hal_tim_ex.o
LOAD build/cubemx_stm32f411/Drivers/STM32F4xx_HAL_Driver/Src/stm32f4xx_hal_flash.o
LOAD build/cubemx_stm32f411/Drivers/STM32F4xx_HAL_Driver/Src/stm32f4xx_hal_flash_ex.o
LOAD build/cubemx_stm32f411/Drivers/STM32F4xx_HAL_Driver/Src/stm32f4xx_hal_pwr.o
LOAD build/cubemx_stm32f411/Drivers/STM32F4xx_HAL_Driver/Src/stm32f4xx_hal_pwr_ex.o
LOAD build/version.o
START GROUP
LOAD /usr/local/bin/../lib/gcc/arm-none-eabi/10.2.1/thumb/v7e-m+fp/hard/libgcc.a
LOAD /usr/local/bin/../lib/gcc/arm-none-eabi/10.2.1/../../../../arm-none-eabi/lib/thumb/v7e-m+fp/hard/libg_nano.a
LOAD /usr/local/bin/../lib/gcc/arm-none-eabi/10.2.1/../../../../arm-none-eabi/lib/thumb/v7e-m+fp/hard/libc_nano.a
END GROUP
START GROUP
LOAD /usr/local/bin/../lib/gcc/arm-none-eabi/10.2.1/thumb/v7e-m+fp/hard/libgcc.a
LOAD /usr/local/bin/../lib/gcc/arm-none-eabi/10.2.1/../../../../arm-none-eabi/lib/thumb/v7e-m+fp/hard/libc_nano.a
END GROUP
LOAD /usr/local/bin/../lib/gcc/arm-none-eabi/10.2.1/thumb/v7e-m+fp/hard/crtend.o
LOAD /usr/local/bin/../lib/gcc/arm-none-eabi/10.2.1/thumb/v7e-m+fp/hard/crtn.o
                0x0000000020020000                _estack = 0x20020000
                0x0000000000000200                _Min_Heap_Size = 0x200
                0x0000000000000400                _Min_Stack_Size = 0x400

.isr_vector     0x0000000008000000      0x198
                0x0000000008000000                . = ALIGN (0x4)
 *(.isr_vector)
 .isr_vector    0x0000000008000000      0x198 build/cubemx_stm32f411/startup_stm32f411xe.o
                0x0000000008000000                g_pfnVectors
                0x0000000008000198                . = ALIGN (0x4)

.text           0x00000000080001a0     0x6330
                0x00000000080001a0                . = ALIGN (0x4)
 *(.text)
 .text          0x00000000080001a0       0x40 /usr/local/bin/../lib/gcc/arm-none-eabi/10.2.1/thumb/v7e-m+fp/hard/crtbegin.o
 .text          0x00000000080001e0       0x34 build/mycode.o
                0x00000000080001e0                mytest
                0x00000000080001f4                my_Tick
                0x0000000008000208                my_Loop
                0x000000000800020c                my_Init
 .text          0x0000000008000214       0x30 /usr/local/bin/../lib/gcc/arm-none-eabi/10.2.1/thumb/v7e-m+fp/hard/libgcc.a(_aeabi_uldivmod.o)
                0x0000000008000214                __aeabi_uldivmod
 .text          0x0000000008000244      0x2d0 /usr/local/bin/../lib/gcc/arm-none-eabi/10.2.1/thumb/v7e-m+fp/hard/libgcc.a(_udivmoddi4.o)
                0x0000000008000244                __udivmoddi4
 .text          0x0000000008000514        0x4 /usr/local/bin/../lib/gcc/arm-none-eabi/10.2.1/thumb/v7e-m+fp/hard/libgcc.a(_dvmd_tls.o)
                0x0000000008000514                __aeabi_ldiv0
                0x0000000008000514                __aeabi_idiv0
 .text          0x0000000008000518       0x10 /usr/local/bin/../lib/gcc/arm-none-eabi/10.2.1/../../../../arm-none-eabi/lib/thumb/v7e-m+fp/hard/libg_nano.a(lib_a-strlen.o)
                0x0000000008000518                strlen
 *fill*         0x0000000008000528        0x8 
 .text          0x0000000008000530       0xa0 /usr/local/bin/../lib/gcc/arm-none-eabi/10.2.1/../../../../arm-none-eabi/lib/thumb/v7e-m+fp/hard/libg_nano.a(lib_a-memchr.o)
                0x0000000008000530                memchr
 .text          0x00000000080005d0      0x378 /usr/local/bin/../lib/gcc/arm-none-eabi/10.2.1/thumb/v7e-m+fp/hard/libgcc.a(_arm_addsubdf3.o)
                0x00000000080005d0                __aeabi_drsub
                0x00000000080005d8                __aeabi_dsub
                0x00000000080005d8                __subdf3
                0x00000000080005dc                __adddf3
                0x00000000080005dc                __aeabi_dadd
                0x0000000008000854                __aeabi_ui2d
                0x0000000008000854                __floatunsidf
                0x0000000008000874                __floatsidf
                0x0000000008000874                __aeabi_i2d
                0x0000000008000898                __extendsfdf2
                0x0000000008000898                __aeabi_f2d
                0x00000000080008dc                __aeabi_ul2d
                0x00000000080008dc                __floatundidf
                0x00000000080008ec                __floatdidf
                0x00000000080008ec                __aeabi_l2d
 .text          0x0000000008000948      0x424 /usr/local/bin/../lib/gcc/arm-none-eabi/10.2.1/thumb/v7e-m+fp/hard/libgcc.a(_arm_muldivdf3.o)
                0x0000000008000948                __aeabi_dmul
                0x0000000008000948                __muldf3
                0x0000000008000b9c                __aeabi_ddiv
                0x0000000008000b9c                __divdf3
 .text          0x0000000008000d6c      0x110 /usr/local/bin/../lib/gcc/arm-none-eabi/10.2.1/thumb/v7e-m+fp/hard/libgcc.a(_arm_cmpdf2.o)
                0x0000000008000d6c                __gtdf2
                0x0000000008000d6c                __gedf2
                0x0000000008000d74                __ltdf2
                0x0000000008000d74                __ledf2
                0x0000000008000d7c                __cmpdf2
                0x0000000008000d7c                __eqdf2
                0x0000000008000d7c                __nedf2
                0x0000000008000df8                __aeabi_cdrcmple
                0x0000000008000e08                __aeabi_cdcmple
                0x0000000008000e08                __aeabi_cdcmpeq
                0x0000000008000e18                __aeabi_dcmpeq
                0x0000000008000e2c                __aeabi_dcmplt
                0x0000000008000e40                __aeabi_dcmple
                0x0000000008000e54                __aeabi_dcmpge
                0x0000000008000e68                __aeabi_dcmpgt
 .text          0x0000000008000e7c       0x2c /usr/local/bin/../lib/gcc/arm-none-eabi/10.2.1/thumb/v7e-m+fp/hard/libgcc.a(_arm_unorddf2.o)
                0x0000000008000e7c                __aeabi_dcmpun
                0x0000000008000e7c                __unorddf2
 .text          0x0000000008000ea8       0x50 /usr/local/bin/../lib/gcc/arm-none-eabi/10.2.1/thumb/v7e-m+fp/hard/libgcc.a(_arm_fixdfsi.o)
                0x0000000008000ea8                __fixdfsi
                0x0000000008000ea8                __aeabi_d2iz
 *(.text*)
 .text.CmdLed   0x0000000008000ef8       0x50 build/my_main.o
                0x0000000008000ef8                CmdLed
 .text.my_init  0x0000000008000f48       0x16 build/my_main.o
                0x0000000008000f48                my_init
 .text.my_main  0x0000000008000f5e       0x12 build/my_main.o
                0x0000000008000f5e                my_main
 .text.CmdTest  0x0000000008000f70       0x2c build/mytest.o
                0x0000000008000f70                CmdTest
 .text.USR_LED_Toggle
                0x0000000008000f9c       0x14 build/mytest.o
                0x0000000008000f9c                USR_LED_Toggle
 .text.enableDisableStepper
                0x0000000008000fb0       0x50 build/timer_irq.o
                0x0000000008000fb0                enableDisableStepper
 .text.Timer11_Init
                0x0000000008001000       0x74 build/timer_irq.o
                0x0000000008001000                Timer11_Init
 .text.gpioInit
                0x0000000008001074       0xe4 build/timer_irq.o
                0x0000000008001074                gpioInit
 .text.StepSpeedAction
                0x0000000008001158       0x60 build/timer_irq.o
                0x0000000008001158                StepSpeedAction
 .text.TIM1_TRG_COM_TIM11_IRQHandler
                0x00000000080011b8        0xc build/timer_irq.o
                0x00000000080011b8                TIM1_TRG_COM_TIM11_IRQHandler
 .text.HAL_TIM_PeriodElapsedCallback
                0x00000000080011c4       0x64 build/timer_irq.o
                0x00000000080011c4                HAL_TIM_PeriodElapsedCallback
 .text.Reset_Handler
                0x0000000008001228       0x50 build/cubemx_stm32f411/startup_stm32f411xe.o
                0x0000000008001228                Reset_Handler
 .text.Default_Handler
                0x0000000008001278        0x6 build/cubemx_stm32f411/startup_stm32f411xe.o
                0x0000000008001278                RTC_Alarm_IRQHandler
                0x0000000008001278                EXTI2_IRQHandler
                0x0000000008001278                SPI4_IRQHandler
                0x0000000008001278                TIM1_CC_IRQHandler
                0x0000000008001278                DMA2_Stream5_IRQHandler
                0x0000000008001278                DMA1_Stream5_IRQHandler
                0x0000000008001278                PVD_IRQHandler
                0x0000000008001278                SDIO_IRQHandler
                0x0000000008001278                TAMP_STAMP_IRQHandler
                0x0000000008001278                EXTI3_IRQHandler
                0x0000000008001278                TIM1_UP_TIM10_IRQHandler
                0x0000000008001278                I2C3_ER_IRQHandler
                0x0000000008001278                EXTI0_IRQHandler
                0x0000000008001278                I2C2_EV_IRQHandler
                0x0000000008001278                DMA1_Stream2_IRQHandler
                0x0000000008001278                FPU_IRQHandler
                0x0000000008001278                DMA2_Stream2_IRQHandler
                0x0000000008001278                SPI1_IRQHandler
                0x0000000008001278                TIM1_BRK_TIM9_IRQHandler
                0x0000000008001278                DMA2_Stream3_IRQHandler
                0x0000000008001278                USART6_IRQHandler
                0x0000000008001278                DMA2_Stream0_IRQHandler
                0x0000000008001278                TIM4_IRQHandler
                0x0000000008001278                I2C1_EV_IRQHandler
                0x0000000008001278                DMA1_Stream6_IRQHandler
                0x0000000008001278                DMA1_Stream1_IRQHandler
                0x0000000008001278                TIM3_IRQHandler
                0x0000000008001278                RCC_IRQHandler
                0x0000000008001278                Default_Handler
                0x0000000008001278                EXTI15_10_IRQHandler
                0x0000000008001278                ADC_IRQHandler
                0x0000000008001278                DMA1_Stream7_IRQHandler
                0x0000000008001278                SPI5_IRQHandler
                0x0000000008001278                TIM5_IRQHandler
                0x0000000008001278                DMA2_Stream7_IRQHandler
                0x0000000008001278                I2C3_EV_IRQHandler
                0x0000000008001278                EXTI9_5_IRQHandler
                0x0000000008001278                RTC_WKUP_IRQHandler
                0x0000000008001278                SPI2_IRQHandler
                0x0000000008001278                DMA1_Stream0_IRQHandler
                0x0000000008001278                EXTI4_IRQHandler
                0x0000000008001278                WWDG_IRQHandler
                0x0000000008001278                TIM2_IRQHandler
                0x0000000008001278                OTG_FS_WKUP_IRQHandler
                0x0000000008001278                EXTI1_IRQHandler
                0x0000000008001278                I2C2_ER_IRQHandler
                0x0000000008001278                DMA2_Stream1_IRQHandler
                0x0000000008001278                FLASH_IRQHandler
                0x0000000008001278                DMA2_Stream4_IRQHandler
                0x0000000008001278                USART1_IRQHandler
                0x0000000008001278                OTG_FS_IRQHandler
                0x0000000008001278                SPI3_IRQHandler
                0x0000000008001278                DMA1_Stream4_IRQHandler
                0x0000000008001278                I2C1_ER_IRQHandler
                0x0000000008001278                DMA2_Stream6_IRQHandler
                0x0000000008001278                DMA1_Stream3_IRQHandler
 *fill*         0x000000000800127e        0x2 
 .text._sbrk_r  0x0000000008001280       0x30 build/syscall.o
                0x0000000008001280                _sbrk_r
 .text._close_r
                0x00000000080012b0        0x4 build/syscall.o
                0x00000000080012b0                _close_r
 .text._fstat_r
                0x00000000080012b4        0xa build/syscall.o
                0x00000000080012b4                _fstat_r
 .text._isatty_r
                0x00000000080012be        0x4 build/syscall.o
                0x00000000080012be                _isatty_r
 .text._lseek_r
                0x00000000080012c2        0x4 build/syscall.o
                0x00000000080012c2                _lseek_r
 .text._read_r  0x00000000080012c6        0xa build/syscall.o
                0x00000000080012c6                _read_r
 .text._write_r
                0x00000000080012d0       0x40 build/syscall.o
                0x00000000080012d0                _write_r
 .text._kill    0x0000000008001310        0x6 build/syscall.o
                0x0000000008001310                _kill
 .text._exit    0x0000000008001316        0x2 build/syscall.o
                0x0000000008001316                _exit
 .text._getpid  0x0000000008001318        0x4 build/syscall.o
                0x0000000008001318                _getpid
 .text.CmdW     0x000000000800131c       0x1e build/monitor/monitor.o
                0x000000000800131c                CmdW
 *fill*         0x000000000800133a        0x2 
 .text.CmdR     0x000000000800133c       0x70 build/monitor/monitor.o
                0x000000000800133c                CmdR
 .text.parse    0x00000000080013ac      0x110 build/monitor/parser.o
                0x00000000080013ac                parse
 .text.TaskInput
                0x00000000080014bc      0x138 build/monitor/parser.o
                0x00000000080014bc                TaskInput
 .text.fetch_uint32_arg
                0x00000000080015f4       0x3c build/monitor/parser.o
                0x00000000080015f4                fetch_uint32_arg
 .text.fetch_string_arg
                0x0000000008001630       0x30 build/monitor/parser.o
                0x0000000008001630                fetch_string_arg
 .text.fetch_cmd_args
                0x0000000008001660       0x10 build/monitor/parser.o
                0x0000000008001660                fetch_cmd_args
 .text.DumpBuffer
                0x0000000008001670       0xb0 build/monitor/dump.o
                0x0000000008001670                DumpBuffer
 .text.CmdDump  0x0000000008001720       0x54 build/monitor/dump.o
                0x0000000008001720                CmdDump
 .text.CmdStats
                0x0000000008001774       0x68 build/monitor/terminal.o
                0x0000000008001774                CmdStats
 .text.CmdTransparent
                0x00000000080017dc       0x44 build/monitor/terminal.o
                0x00000000080017dc                CmdTransparent
 .text.TerminalInit
                0x0000000008001820       0x4c build/monitor/terminal.o
                0x0000000008001820                TerminalInit
 .text.TerminalRead
                0x000000000800186c       0x4c build/monitor/terminal.o
                0x000000000800186c                TerminalRead
 .text.CmdReceive
                0x00000000080018b8       0x60 build/monitor/terminal.o
                0x00000000080018b8                CmdReceive
 .text.TerminalOutputBufferWrite
                0x0000000008001918       0xc8 build/monitor/terminal.o
                0x0000000008001918                TerminalOutputBufferWrite
 .text.CmdSend  0x00000000080019e0       0x78 build/monitor/terminal.o
                0x00000000080019e0                CmdSend
 .text.TerminalWritePolled
                0x0000000008001a58       0x28 build/monitor/terminal.o
                0x0000000008001a58                TerminalWritePolled
 .text.PolledPrintf
                0x0000000008001a80       0x2a build/monitor/terminal.o
                0x0000000008001a80                PolledPrintf
 *fill*         0x0000000008001aaa        0x2 
 .text.TerminalInputBufferWrite
                0x0000000008001aac       0x64 build/monitor/terminal.o
                0x0000000008001aac                TerminalInputBufferWrite
 .text.TerminalISR
                0x0000000008001b10       0xe0 build/monitor/terminal.o
                0x0000000008001b10                TerminalISR
 .text.USART2_IRQHandler
                0x0000000008001bf0        0x6 build/monitor/terminal.o
                0x0000000008001bf0                USART2_IRQHandler
 *fill*         0x0000000008001bf6        0x2 
 .text.WDTCheckReset
                0x0000000008001bf8       0x88 build/monitor/wdog.o
                0x0000000008001bf8                WDTCheckReset
 .text.WDTFeed  0x0000000008001c80        0xc build/monitor/wdog.o
                0x0000000008001c80                WDTFeed
 .text.CmdTasks
                0x0000000008001c8c       0x44 build/monitor/tasking.o
                0x0000000008001c8c                CmdTasks
 .text.TaskingInit
                0x0000000008001cd0       0x2c build/monitor/tasking.o
                0x0000000008001cd0                TaskingInit
 .text.TaskingTickHandler
                0x0000000008001cfc       0x10 build/monitor/tasking.o
                0x0000000008001cfc                TaskingTickHandler
 .text.TaskingRun
                0x0000000008001d0c       0x68 build/monitor/tasking.o
                0x0000000008001d0c                TaskingRun
 .text.Default_IRQHandler
                0x0000000008001d74       0x58 build/monitor/default.o
                0x0000000008001d74                Default_IRQHandler
 .text.Uncompress
                0x0000000008001dcc       0x7c build/monitor/decoder/decoder.o
 .text.DecodeReadRegister
                0x0000000008001e48       0x54 build/monitor/decoder/decoder.o
                0x0000000008001e48                DecodeReadRegister
 .text.DecodeWriteRegister
                0x0000000008001e9c       0x54 build/monitor/decoder/decoder.o
                0x0000000008001e9c                DecodeWriteRegister
 .text.DecodeField
                0x0000000008001ef0       0x50 build/monitor/decoder/decoder.o
                0x0000000008001ef0                DecodeField
 .text.DecodeRegister
                0x0000000008001f40       0x60 build/monitor/decoder/decoder.o
                0x0000000008001f40                DecodeRegister
 .text.DecodePeripheral
                0x0000000008001fa0       0x54 build/monitor/decoder/decoder.o
                0x0000000008001fa0                DecodePeripheral
 .text.DecodePrintPeripherals
                0x0000000008001ff4       0x54 build/monitor/decoder/decoder.o
                0x0000000008001ff4                DecodePrintPeripherals
 .text.DecodePrintRegisters
                0x0000000008002048       0x64 build/monitor/decoder/decoder.o
                0x0000000008002048                DecodePrintRegisters
 .text.CmdDecode
                0x00000000080020ac      0x28c build/monitor/decoder/decoder.o
                0x00000000080020ac                CmdDecode
 .text.SystemClock_Config
                0x0000000008002338       0x9c build/cubemx_stm32f411/Core/Src/main.o
                0x0000000008002338                SystemClock_Config
 .text.startup.main
                0x00000000080023d4      0x108 build/cubemx_stm32f411/Core/Src/main.o
                0x00000000080023d4                main
 .text.NMI_Handler
                0x00000000080024dc        0x2 build/cubemx_stm32f411/Core/Src/stm32f4xx_it.o
                0x00000000080024dc                NMI_Handler
 .text.HardFault_Handler
                0x00000000080024de        0x2 build/cubemx_stm32f411/Core/Src/stm32f4xx_it.o
                0x00000000080024de                HardFault_Handler
 .text.MemManage_Handler
                0x00000000080024e0        0x2 build/cubemx_stm32f411/Core/Src/stm32f4xx_it.o
                0x00000000080024e0                MemManage_Handler
 .text.BusFault_Handler
                0x00000000080024e2        0x2 build/cubemx_stm32f411/Core/Src/stm32f4xx_it.o
                0x00000000080024e2                BusFault_Handler
 .text.UsageFault_Handler
                0x00000000080024e4        0x2 build/cubemx_stm32f411/Core/Src/stm32f4xx_it.o
                0x00000000080024e4                UsageFault_Handler
 .text.SVC_Handler
                0x00000000080024e6        0x2 build/cubemx_stm32f411/Core/Src/stm32f4xx_it.o
                0x00000000080024e6                SVC_Handler
 .text.DebugMon_Handler
                0x00000000080024e8        0x2 build/cubemx_stm32f411/Core/Src/stm32f4xx_it.o
                0x00000000080024e8                DebugMon_Handler
 .text.PendSV_Handler
                0x00000000080024ea        0x2 build/cubemx_stm32f411/Core/Src/stm32f4xx_it.o
                0x00000000080024ea                PendSV_Handler
 .text.SysTick_Handler
                0x00000000080024ec       0x12 build/cubemx_stm32f411/Core/Src/stm32f4xx_it.o
                0x00000000080024ec                SysTick_Handler
 *fill*         0x00000000080024fe        0x2 
 .text.HAL_MspInit
                0x0000000008002500       0x3c build/cubemx_stm32f411/Core/Src/stm32f4xx_hal_msp.o
                0x0000000008002500                HAL_MspInit
 .text.HAL_TIM_Base_MspInit
                0x000000000800253c       0x30 build/cubemx_stm32f411/Core/Src/stm32f4xx_hal_msp.o
                0x000000000800253c                HAL_TIM_Base_MspInit
 .text.HAL_UART_MspInit
                0x000000000800256c       0x7c build/cubemx_stm32f411/Core/Src/stm32f4xx_hal_msp.o
                0x000000000800256c                HAL_UART_MspInit
 .text.SystemInit
                0x00000000080025e8       0x14 build/cubemx_stm32f411/Core/Src/system_stm32f4xx.o
                0x00000000080025e8                SystemInit
 .text.HAL_RCC_OscConfig
                0x00000000080025fc      0x360 build/cubemx_stm32f411/Drivers/STM32F4xx_HAL_Driver/Src/stm32f4xx_hal_rcc.o
                0x00000000080025fc                HAL_RCC_OscConfig
 .text.HAL_RCC_GetSysClockFreq
                0x000000000800295c       0x5c build/cubemx_stm32f411/Drivers/STM32F4xx_HAL_Driver/Src/stm32f4xx_hal_rcc.o
                0x000000000800295c                HAL_RCC_GetSysClockFreq
 .text.HAL_RCC_ClockConfig
                0x00000000080029b8      0x138 build/cubemx_stm32f411/Drivers/STM32F4xx_HAL_Driver/Src/stm32f4xx_hal_rcc.o
                0x00000000080029b8                HAL_RCC_ClockConfig
 .text.HAL_RCC_GetPCLK1Freq
                0x0000000008002af0       0x20 build/cubemx_stm32f411/Drivers/STM32F4xx_HAL_Driver/Src/stm32f4xx_hal_rcc.o
                0x0000000008002af0                HAL_RCC_GetPCLK1Freq
 .text.HAL_RCC_GetPCLK2Freq
                0x0000000008002b10       0x20 build/cubemx_stm32f411/Drivers/STM32F4xx_HAL_Driver/Src/stm32f4xx_hal_rcc.o
                0x0000000008002b10                HAL_RCC_GetPCLK2Freq
 .text.HAL_InitTick
                0x0000000008002b30       0x48 build/cubemx_stm32f411/Drivers/STM32F4xx_HAL_Driver/Src/stm32f4xx_hal.o
                0x0000000008002b30                HAL_InitTick
 .text.HAL_Init
                0x0000000008002b78       0x34 build/cubemx_stm32f411/Drivers/STM32F4xx_HAL_Driver/Src/stm32f4xx_hal.o
                0x0000000008002b78                HAL_Init
 .text.HAL_IncTick
                0x0000000008002bac       0x18 build/cubemx_stm32f411/Drivers/STM32F4xx_HAL_Driver/Src/stm32f4xx_hal.o
                0x0000000008002bac                HAL_IncTick
 .text.HAL_GetTick
                0x0000000008002bc4        0xc build/cubemx_stm32f411/Drivers/STM32F4xx_HAL_Driver/Src/stm32f4xx_hal.o
                0x0000000008002bc4                HAL_GetTick
 .text.HAL_NVIC_SetPriorityGrouping
                0x0000000008002bd0       0x24 build/cubemx_stm32f411/Drivers/STM32F4xx_HAL_Driver/Src/stm32f4xx_hal_cortex.o
                0x0000000008002bd0                HAL_NVIC_SetPriorityGrouping
 .text.HAL_NVIC_SetPriority
                0x0000000008002bf4       0x64 build/cubemx_stm32f411/Drivers/STM32F4xx_HAL_Driver/Src/stm32f4xx_hal_cortex.o
                0x0000000008002bf4                HAL_NVIC_SetPriority
 .text.HAL_NVIC_EnableIRQ
                0x0000000008002c58       0x1c build/cubemx_stm32f411/Drivers/STM32F4xx_HAL_Driver/Src/stm32f4xx_hal_cortex.o
                0x0000000008002c58                HAL_NVIC_EnableIRQ
 .text.HAL_SYSTICK_Config
                0x0000000008002c74       0x28 build/cubemx_stm32f411/Drivers/STM32F4xx_HAL_Driver/Src/stm32f4xx_hal_cortex.o
                0x0000000008002c74                HAL_SYSTICK_Config
 .text.UART_SetConfig
                0x0000000008002c9c       0xbc build/cubemx_stm32f411/Drivers/STM32F4xx_HAL_Driver/Src/stm32f4xx_hal_uart.o
 .text.HAL_UART_Init
                0x0000000008002d58       0x5c build/cubemx_stm32f411/Drivers/STM32F4xx_HAL_Driver/Src/stm32f4xx_hal_uart.o
                0x0000000008002d58                HAL_UART_Init
 .text.HAL_GPIO_Init
                0x0000000008002db4      0x190 build/cubemx_stm32f411/Drivers/STM32F4xx_HAL_Driver/Src/stm32f4xx_hal_gpio.o
                0x0000000008002db4                HAL_GPIO_Init
 .text.HAL_GPIO_WritePin
                0x0000000008002f44        0xa build/cubemx_stm32f411/Drivers/STM32F4xx_HAL_Driver/Src/stm32f4xx_hal_gpio.o
                0x0000000008002f44                HAL_GPIO_WritePin
 .text.HAL_GPIO_TogglePin
                0x0000000008002f4e       0x12 build/cubemx_stm32f411/Drivers/STM32F4xx_HAL_Driver/Src/stm32f4xx_hal_gpio.o
                0x0000000008002f4e                HAL_GPIO_TogglePin
 .text.HAL_IWDG_Init
                0x0000000008002f60       0x50 build/cubemx_stm32f411/Drivers/STM32F4xx_HAL_Driver/Src/stm32f4xx_hal_iwdg.o
                0x0000000008002f60                HAL_IWDG_Init
 .text.HAL_IWDG_Refresh
                0x0000000008002fb0        0xc build/cubemx_stm32f411/Drivers/STM32F4xx_HAL_Driver/Src/stm32f4xx_hal_iwdg.o
                0x0000000008002fb0                HAL_IWDG_Refresh
 .text.HAL_TIM_Base_Start_IT
                0x0000000008002fbc       0x64 build/cubemx_stm32f411/Drivers/STM32F4xx_HAL_Driver/Src/stm32f4xx_hal_tim.o
                0x0000000008002fbc                HAL_TIM_Base_Start_IT
 .text.HAL_TIM_OC_DelayElapsedCallback
                0x0000000008003020        0x2 build/cubemx_stm32f411/Drivers/STM32F4xx_HAL_Driver/Src/stm32f4xx_hal_tim.o
                0x0000000008003020                HAL_TIM_OC_DelayElapsedCallback
 .text.HAL_TIM_IC_CaptureCallback
                0x0000000008003022        0x2 build/cubemx_stm32f411/Drivers/STM32F4xx_HAL_Driver/Src/stm32f4xx_hal_tim.o
                0x0000000008003022                HAL_TIM_IC_CaptureCallback
 .text.HAL_TIM_PWM_PulseFinishedCallback
                0x0000000008003024        0x2 build/cubemx_stm32f411/Drivers/STM32F4xx_HAL_Driver/Src/stm32f4xx_hal_tim.o
                0x0000000008003024                HAL_TIM_PWM_PulseFinishedCallback
 .text.HAL_TIM_TriggerCallback
                0x0000000008003026        0x2 build/cubemx_stm32f411/Drivers/STM32F4xx_HAL_Driver/Src/stm32f4xx_hal_tim.o
                0x0000000008003026                HAL_TIM_TriggerCallback
 .text.HAL_TIM_IRQHandler
                0x0000000008003028      0x144 build/cubemx_stm32f411/Drivers/STM32F4xx_HAL_Driver/Src/stm32f4xx_hal_tim.o
                0x0000000008003028                HAL_TIM_IRQHandler
 .text.TIM_Base_SetConfig
                0x000000000800316c       0x9c build/cubemx_stm32f411/Drivers/STM32F4xx_HAL_Driver/Src/stm32f4xx_hal_tim.o
                0x000000000800316c                TIM_Base_SetConfig
 .text.HAL_TIM_Base_Init
                0x0000000008003208       0x58 build/cubemx_stm32f411/Drivers/STM32F4xx_HAL_Driver/Src/stm32f4xx_hal_tim.o
                0x0000000008003208                HAL_TIM_Base_Init
 .text.HAL_TIMEx_CommutCallback
                0x0000000008003260        0x2 build/cubemx_stm32f411/Drivers/STM32F4xx_HAL_Driver/Src/stm32f4xx_hal_tim_ex.o
                0x0000000008003260                HAL_TIMEx_CommutCallback
 .text.HAL_TIMEx_BreakCallback
                0x0000000008003262        0x2 build/cubemx_stm32f411/Drivers/STM32F4xx_HAL_Driver/Src/stm32f4xx_hal_tim_ex.o
                0x0000000008003262                HAL_TIMEx_BreakCallback
 .text.VersionPrint
                0x0000000008003264       0x18 build/version.o
                0x0000000008003264                VersionPrint
 .text.CmdVersion
                0x000000000800327c        0xc build/version.o
                0x000000000800327c                CmdVersion
 .text.__errno  0x0000000008003288        0xc /usr/local/bin/../lib/gcc/arm-none-eabi/10.2.1/../../../../arm-none-eabi/lib/thumb/v7e-m+fp/hard/libg_nano.a(lib_a-errno.o)
                0x0000000008003288                __errno
 .text.__libc_init_array
                0x0000000008003294       0x48 /usr/local/bin/../lib/gcc/arm-none-eabi/10.2.1/../../../../arm-none-eabi/lib/thumb/v7e-m+fp/hard/libg_nano.a(lib_a-init.o)
                0x0000000008003294                __libc_init_array
 .text.memset   0x00000000080032dc       0x10 /usr/local/bin/../lib/gcc/arm-none-eabi/10.2.1/../../../../arm-none-eabi/lib/thumb/v7e-m+fp/hard/libg_nano.a(lib_a-memset.o)
                0x00000000080032dc                memset
 .text.__cvt    0x00000000080032ec       0xc4 /usr/local/bin/../lib/gcc/arm-none-eabi/10.2.1/../../../../arm-none-eabi/lib/thumb/v7e-m+fp/hard/libg_nano.a(lib_a-nano-vfprintf_float.o)
                0x00000000080032ec                __cvt
 .text.__exponent
                0x00000000080033b0       0x7c /usr/local/bin/../lib/gcc/arm-none-eabi/10.2.1/../../../../arm-none-eabi/lib/thumb/v7e-m+fp/hard/libg_nano.a(lib_a-nano-vfprintf_float.o)
                0x00000000080033b0                __exponent
 .text._printf_float
                0x000000000800342c      0x46c /usr/local/bin/../lib/gcc/arm-none-eabi/10.2.1/../../../../arm-none-eabi/lib/thumb/v7e-m+fp/hard/libg_nano.a(lib_a-nano-vfprintf_float.o)
                0x000000000800342c                _printf_float
 .text._printf_common
                0x0000000008003898       0xda /usr/local/bin/../lib/gcc/arm-none-eabi/10.2.1/../../../../arm-none-eabi/lib/thumb/v7e-m+fp/hard/libg_nano.a(lib_a-nano-vfprintf_i.o)
                0x0000000008003898                _printf_common
 *fill*         0x0000000008003972        0x2 
 .text._printf_i
                0x0000000008003974      0x24c /usr/local/bin/../lib/gcc/arm-none-eabi/10.2.1/../../../../arm-none-eabi/lib/thumb/v7e-m+fp/hard/libg_nano.a(lib_a-nano-vfprintf_i.o)
                0x0000000008003974                _printf_i
 .text.printf   0x0000000008003bc0       0x30 /usr/local/bin/../lib/gcc/arm-none-eabi/10.2.1/../../../../arm-none-eabi/lib/thumb/v7e-m+fp/hard/libg_nano.a(lib_a-printf.o)
                0x0000000008003bc0                printf
                0x0000000008003bc0                iprintf
 .text.putchar  0x0000000008003bf0       0x2c /usr/local/bin/../lib/gcc/arm-none-eabi/10.2.1/../../../../arm-none-eabi/lib/thumb/v7e-m+fp/hard/libg_nano.a(lib_a-putchar.o)
                0x0000000008003bf0                putchar
 .text._puts_r  0x0000000008003c1c       0xdc /usr/local/bin/../lib/gcc/arm-none-eabi/10.2.1/../../../../arm-none-eabi/lib/thumb/v7e-m+fp/hard/libg_nano.a(lib_a-puts.o)
                0x0000000008003c1c                _puts_r
 .text.puts     0x0000000008003cf8       0x10 /usr/local/bin/../lib/gcc/arm-none-eabi/10.2.1/../../../../arm-none-eabi/lib/thumb/v7e-m+fp/hard/libg_nano.a(lib_a-puts.o)
                0x0000000008003cf8                puts
 .text.setvbuf  0x0000000008003d08      0x18c /usr/local/bin/../lib/gcc/arm-none-eabi/10.2.1/../../../../arm-none-eabi/lib/thumb/v7e-m+fp/hard/libg_nano.a(lib_a-setvbuf.o)
                0x0000000008003d08                setvbuf
 .text.strcasecmp
                0x0000000008003e94       0x34 /usr/local/bin/../lib/gcc/arm-none-eabi/10.2.1/../../../../arm-none-eabi/lib/thumb/v7e-m+fp/hard/libg_nano.a(lib_a-strcasecmp.o)
                0x0000000008003e94                strcasecmp
 .text.strcpy   0x0000000008003ec8       0x10 /usr/local/bin/../lib/gcc/arm-none-eabi/10.2.1/../../../../arm-none-eabi/lib/thumb/v7e-m+fp/hard/libg_nano.a(lib_a-strcpy.o)
                0x0000000008003ec8                strcpy
 .text.strtok   0x0000000008003ed8       0x68 /usr/local/bin/../lib/gcc/arm-none-eabi/10.2.1/../../../../arm-none-eabi/lib/thumb/v7e-m+fp/hard/libg_nano.a(lib_a-strtok.o)
                0x0000000008003ed8                strtok
 .text.__strtok_r
                0x0000000008003f40       0x50 /usr/local/bin/../lib/gcc/arm-none-eabi/10.2.1/../../../../arm-none-eabi/lib/thumb/v7e-m+fp/hard/libg_nano.a(lib_a-strtok_r.o)
                0x0000000008003f40                __strtok_r
 .text._strtoul_l.constprop.0
                0x0000000008003f90       0xe4 /usr/local/bin/../lib/gcc/arm-none-eabi/10.2.1/../../../../arm-none-eabi/lib/thumb/v7e-m+fp/hard/libg_nano.a(lib_a-strtoul.o)
 .text.strtoul  0x0000000008004074       0x14 /usr/local/bin/../lib/gcc/arm-none-eabi/10.2.1/../../../../arm-none-eabi/lib/thumb/v7e-m+fp/hard/libg_nano.a(lib_a-strtoul.o)
                0x0000000008004074                strtoul
 .text._vsnprintf_r
                0x0000000008004088       0x56 /usr/local/bin/../lib/gcc/arm-none-eabi/10.2.1/../../../../arm-none-eabi/lib/thumb/v7e-m+fp/hard/libg_nano.a(lib_a-vsnprintf.o)
                0x0000000008004088                _vsnprintf_r
                0x0000000008004088                _vsniprintf_r
 *fill*         0x00000000080040de        0x2 
 .text.vsnprintf
                0x00000000080040e0       0x1c /usr/local/bin/../lib/gcc/arm-none-eabi/10.2.1/../../../../arm-none-eabi/lib/thumb/v7e-m+fp/hard/libg_nano.a(lib_a-vsnprintf.o)
                0x00000000080040e0                vsnprintf
                0x00000000080040e0                vsniprintf
 .text.__swbuf_r
                0x00000000080040fc       0xa4 /usr/local/bin/../lib/gcc/arm-none-eabi/10.2.1/../../../../arm-none-eabi/lib/thumb/v7e-m+fp/hard/libg_nano.a(lib_a-wbuf.o)
                0x00000000080040fc                __swbuf_r
 .text.__swsetup_r
                0x00000000080041a0       0xdc /usr/local/bin/../lib/gcc/arm-none-eabi/10.2.1/../../../../arm-none-eabi/lib/thumb/v7e-m+fp/hard/libg_nano.a(lib_a-wsetup.o)
                0x00000000080041a0                __swsetup_r
 .text.__assert_func
                0x000000000800427c       0x3c /usr/local/bin/../lib/gcc/arm-none-eabi/10.2.1/../../../../arm-none-eabi/lib/thumb/v7e-m+fp/hard/libg_nano.a(lib_a-assert.o)
                0x000000000800427c                __assert_func
 .text.quorem   0x00000000080042b8      0x116 /usr/local/bin/../lib/gcc/arm-none-eabi/10.2.1/../../../../arm-none-eabi/lib/thumb/v7e-m+fp/hard/libg_nano.a(lib_a-dtoa.o)
 *fill*         0x00000000080043ce        0x2 
 .text._dtoa_r  0x00000000080043d0      0xbdc /usr/local/bin/../lib/gcc/arm-none-eabi/10.2.1/../../../../arm-none-eabi/lib/thumb/v7e-m+fp/hard/libg_nano.a(lib_a-dtoa.o)
                0x00000000080043d0                _dtoa_r
 .text.__sflush_r
                0x0000000008004fac      0x10c /usr/local/bin/../lib/gcc/arm-none-eabi/10.2.1/../../../../arm-none-eabi/lib/thumb/v7e-m+fp/hard/libg_nano.a(lib_a-fflush.o)
                0x0000000008004fac                __sflush_r
 .text._fflush_r
                0x00000000080050b8       0x78 /usr/local/bin/../lib/gcc/arm-none-eabi/10.2.1/../../../../arm-none-eabi/lib/thumb/v7e-m+fp/hard/libg_nano.a(lib_a-fflush.o)
                0x00000000080050b8                _fflush_r
 .text.std      0x0000000008005130       0x48 /usr/local/bin/../lib/gcc/arm-none-eabi/10.2.1/../../../../arm-none-eabi/lib/thumb/v7e-m+fp/hard/libg_nano.a(lib_a-findfp.o)
 .text._cleanup_r
                0x0000000008005178        0xc /usr/local/bin/../lib/gcc/arm-none-eabi/10.2.1/../../../../arm-none-eabi/lib/thumb/v7e-m+fp/hard/libg_nano.a(lib_a-findfp.o)
                0x0000000008005178                _cleanup_r
 .text.__sfmoreglue
                0x0000000008005184       0x2c /usr/local/bin/../lib/gcc/arm-none-eabi/10.2.1/../../../../arm-none-eabi/lib/thumb/v7e-m+fp/hard/libg_nano.a(lib_a-findfp.o)
                0x0000000008005184                __sfmoreglue
 .text.__sfp_lock_acquire
                0x00000000080051b0        0xc /usr/local/bin/../lib/gcc/arm-none-eabi/10.2.1/../../../../arm-none-eabi/lib/thumb/v7e-m+fp/hard/libg_nano.a(lib_a-findfp.o)
                0x00000000080051b0                __sfp_lock_acquire
 .text.__sfp_lock_release
                0x00000000080051bc        0xc /usr/local/bin/../lib/gcc/arm-none-eabi/10.2.1/../../../../arm-none-eabi/lib/thumb/v7e-m+fp/hard/libg_nano.a(lib_a-findfp.o)
                0x00000000080051bc                __sfp_lock_release
 .text.__sinit_lock_acquire
                0x00000000080051c8        0xc /usr/local/bin/../lib/gcc/arm-none-eabi/10.2.1/../../../../arm-none-eabi/lib/thumb/v7e-m+fp/hard/libg_nano.a(lib_a-findfp.o)
                0x00000000080051c8                __sinit_lock_acquire
 .text.__sinit_lock_release
                0x00000000080051d4        0xc /usr/local/bin/../lib/gcc/arm-none-eabi/10.2.1/../../../../arm-none-eabi/lib/thumb/v7e-m+fp/hard/libg_nano.a(lib_a-findfp.o)
                0x00000000080051d4                __sinit_lock_release
 .text.__sinit  0x00000000080051e0       0x70 /usr/local/bin/../lib/gcc/arm-none-eabi/10.2.1/../../../../arm-none-eabi/lib/thumb/v7e-m+fp/hard/libg_nano.a(lib_a-findfp.o)
                0x00000000080051e0                __sinit
 .text.__sfp    0x0000000008005250       0x8c /usr/local/bin/../lib/gcc/arm-none-eabi/10.2.1/../../../../arm-none-eabi/lib/thumb/v7e-m+fp/hard/libg_nano.a(lib_a-findfp.o)
                0x0000000008005250                __sfp
 .text.fprintf  0x00000000080052dc       0x24 /usr/local/bin/../lib/gcc/arm-none-eabi/10.2.1/../../../../arm-none-eabi/lib/thumb/v7e-m+fp/hard/libg_nano.a(lib_a-fprintf.o)
                0x00000000080052dc                fprintf
                0x00000000080052dc                fiprintf
 .text._fwalk_reent
                0x0000000008005300       0x3e /usr/local/bin/../lib/gcc/arm-none-eabi/10.2.1/../../../../arm-none-eabi/lib/thumb/v7e-m+fp/hard/libg_nano.a(lib_a-fwalk.o)
                0x0000000008005300                _fwalk_reent
 *fill*         0x000000000800533e        0x2 
 .text._localeconv_r
                0x0000000008005340        0x8 /usr/local/bin/../lib/gcc/arm-none-eabi/10.2.1/../../../../arm-none-eabi/lib/thumb/v7e-m+fp/hard/libg_nano.a(lib_a-localeconv.o)
                0x0000000008005340                _localeconv_r
 .text.__retarget_lock_init_recursive
                0x0000000008005348        0x2 /usr/local/bin/../lib/gcc/arm-none-eabi/10.2.1/../../../../arm-none-eabi/lib/thumb/v7e-m+fp/hard/libg_nano.a(lib_a-lock.o)
                0x0000000008005348                __retarget_lock_init_recursive
 .text.__retarget_lock_acquire_recursive
                0x000000000800534a        0x2 /usr/local/bin/../lib/gcc/arm-none-eabi/10.2.1/../../../../arm-none-eabi/lib/thumb/v7e-m+fp/hard/libg_nano.a(lib_a-lock.o)
                0x000000000800534a                __retarget_lock_acquire_recursive
 .text.__retarget_lock_release_recursive
                0x000000000800534c        0x2 /usr/local/bin/../lib/gcc/arm-none-eabi/10.2.1/../../../../arm-none-eabi/lib/thumb/v7e-m+fp/hard/libg_nano.a(lib_a-lock.o)
                0x000000000800534c                __retarget_lock_release_recursive
 .text.__swhatbuf_r
                0x000000000800534e       0x4a /usr/local/bin/../lib/gcc/arm-none-eabi/10.2.1/../../../../arm-none-eabi/lib/thumb/v7e-m+fp/hard/libg_nano.a(lib_a-makebuf.o)
                0x000000000800534e                __swhatbuf_r
 .text.__smakebuf_r
                0x0000000008005398       0x80 /usr/local/bin/../lib/gcc/arm-none-eabi/10.2.1/../../../../arm-none-eabi/lib/thumb/v7e-m+fp/hard/libg_nano.a(lib_a-makebuf.o)
                0x0000000008005398                __smakebuf_r
 .text.malloc   0x0000000008005418       0x10 /usr/local/bin/../lib/gcc/arm-none-eabi/10.2.1/../../../../arm-none-eabi/lib/thumb/v7e-m+fp/hard/libg_nano.a(lib_a-malloc.o)
                0x0000000008005418                malloc
 .text.__ascii_mbtowc
                0x0000000008005428       0x24 /usr/local/bin/../lib/gcc/arm-none-eabi/10.2.1/../../../../arm-none-eabi/lib/thumb/v7e-m+fp/hard/libg_nano.a(lib_a-mbtowc_r.o)
                0x0000000008005428                __ascii_mbtowc
 .text.memcpy   0x000000000800544c       0x1c /usr/local/bin/../lib/gcc/arm-none-eabi/10.2.1/../../../../arm-none-eabi/lib/thumb/v7e-m+fp/hard/libg_nano.a(lib_a-memcpy-stub.o)
                0x000000000800544c                memcpy
 .text._Balloc  0x0000000008005468       0x80 /usr/local/bin/../lib/gcc/arm-none-eabi/10.2.1/../../../../arm-none-eabi/lib/thumb/v7e-m+fp/hard/libg_nano.a(lib_a-mprec.o)
                0x0000000008005468                _Balloc
 .text._Bfree   0x00000000080054e8       0x44 /usr/local/bin/../lib/gcc/arm-none-eabi/10.2.1/../../../../arm-none-eabi/lib/thumb/v7e-m+fp/hard/libg_nano.a(lib_a-mprec.o)
                0x00000000080054e8                _Bfree
 .text.__multadd
                0x000000000800552c       0x8c /usr/local/bin/../lib/gcc/arm-none-eabi/10.2.1/../../../../arm-none-eabi/lib/thumb/v7e-m+fp/hard/libg_nano.a(lib_a-mprec.o)
                0x000000000800552c                __multadd
 .text.__hi0bits
                0x00000000080055b8       0x40 /usr/local/bin/../lib/gcc/arm-none-eabi/10.2.1/../../../../arm-none-eabi/lib/thumb/v7e-m+fp/hard/libg_nano.a(lib_a-mprec.o)
                0x00000000080055b8                __hi0bits
 .text.__lo0bits
                0x00000000080055f8       0x5e /usr/local/bin/../lib/gcc/arm-none-eabi/10.2.1/../../../../arm-none-eabi/lib/thumb/v7e-m+fp/hard/libg_nano.a(lib_a-mprec.o)
                0x00000000080055f8                __lo0bits
 *fill*         0x0000000008005656        0x2 
 .text.__i2b    0x0000000008005658       0x2c /usr/local/bin/../lib/gcc/arm-none-eabi/10.2.1/../../../../arm-none-eabi/lib/thumb/v7e-m+fp/hard/libg_nano.a(lib_a-mprec.o)
                0x0000000008005658                __i2b
 .text.__multiply
                0x0000000008005684      0x154 /usr/local/bin/../lib/gcc/arm-none-eabi/10.2.1/../../../../arm-none-eabi/lib/thumb/v7e-m+fp/hard/libg_nano.a(lib_a-mprec.o)
                0x0000000008005684                __multiply
 .text.__pow5mult
                0x00000000080057d8       0xb4 /usr/local/bin/../lib/gcc/arm-none-eabi/10.2.1/../../../../arm-none-eabi/lib/thumb/v7e-m+fp/hard/libg_nano.a(lib_a-mprec.o)
                0x00000000080057d8                __pow5mult
 .text.__lshift
                0x000000000800588c       0xe0 /usr/local/bin/../lib/gcc/arm-none-eabi/10.2.1/../../../../arm-none-eabi/lib/thumb/v7e-m+fp/hard/libg_nano.a(lib_a-mprec.o)
                0x000000000800588c                __lshift
 .text.__mcmp   0x000000000800596c       0x38 /usr/local/bin/../lib/gcc/arm-none-eabi/10.2.1/../../../../arm-none-eabi/lib/thumb/v7e-m+fp/hard/libg_nano.a(lib_a-mprec.o)
                0x000000000800596c                __mcmp
 .text.__mdiff  0x00000000080059a4      0x114 /usr/local/bin/../lib/gcc/arm-none-eabi/10.2.1/../../../../arm-none-eabi/lib/thumb/v7e-m+fp/hard/libg_nano.a(lib_a-mprec.o)
                0x00000000080059a4                __mdiff
 .text.__d2b    0x0000000008005ab8       0xb8 /usr/local/bin/../lib/gcc/arm-none-eabi/10.2.1/../../../../arm-none-eabi/lib/thumb/v7e-m+fp/hard/libg_nano.a(lib_a-mprec.o)
                0x0000000008005ab8                __d2b
 .text._calloc_r
                0x0000000008005b70       0x1e /usr/local/bin/../lib/gcc/arm-none-eabi/10.2.1/../../../../arm-none-eabi/lib/thumb/v7e-m+fp/hard/libg_nano.a(lib_a-nano-callocr.o)
                0x0000000008005b70                _calloc_r
 *fill*         0x0000000008005b8e        0x2 
 .text._free_r  0x0000000008005b90       0x98 /usr/local/bin/../lib/gcc/arm-none-eabi/10.2.1/../../../../arm-none-eabi/lib/thumb/v7e-m+fp/hard/libg_nano.a(lib_a-nano-freer.o)
                0x0000000008005b90                _free_r
 .text._malloc_r
                0x0000000008005c28       0xb4 /usr/local/bin/../lib/gcc/arm-none-eabi/10.2.1/../../../../arm-none-eabi/lib/thumb/v7e-m+fp/hard/libg_nano.a(lib_a-nano-mallocr.o)
                0x0000000008005c28                _malloc_r
 .text.__ssputs_r
                0x0000000008005cdc       0xb6 /usr/local/bin/../lib/gcc/arm-none-eabi/10.2.1/../../../../arm-none-eabi/lib/thumb/v7e-m+fp/hard/libg_nano.a(lib_a-nano-svfprintf.o)
                0x0000000008005cdc                __ssputs_r
 *fill*         0x0000000008005d92        0x2 
 .text._svfprintf_r
                0x0000000008005d94      0x200 /usr/local/bin/../lib/gcc/arm-none-eabi/10.2.1/../../../../arm-none-eabi/lib/thumb/v7e-m+fp/hard/libg_nano.a(lib_a-nano-svfprintf.o)
                0x0000000008005d94                _svfprintf_r
                0x0000000008005d94                _svfiprintf_r
 .text.__sfputc_r
                0x0000000008005f94       0x2e /usr/local/bin/../lib/gcc/arm-none-eabi/10.2.1/../../../../arm-none-eabi/lib/thumb/v7e-m+fp/hard/libg_nano.a(lib_a-nano-vfprintf.o)
 .text.__sfputs_r
                0x0000000008005fc2       0x24 /usr/local/bin/../lib/gcc/arm-none-eabi/10.2.1/../../../../arm-none-eabi/lib/thumb/v7e-m+fp/hard/libg_nano.a(lib_a-nano-vfprintf.o)
                0x0000000008005fc2                __sfputs_r
 *fill*         0x0000000008005fe6        0x2 
 .text._vfprintf_r
                0x0000000008005fe8      0x260 /usr/local/bin/../lib/gcc/arm-none-eabi/10.2.1/../../../../arm-none-eabi/lib/thumb/v7e-m+fp/hard/libg_nano.a(lib_a-nano-vfprintf.o)
                0x0000000008005fe8                _vfiprintf_r
                0x0000000008005fe8                _vfprintf_r
 .text._putc_r  0x0000000008006248       0x90 /usr/local/bin/../lib/gcc/arm-none-eabi/10.2.1/../../../../arm-none-eabi/lib/thumb/v7e-m+fp/hard/libg_nano.a(lib_a-putc.o)
                0x0000000008006248                _putc_r
 .text.__sread  0x00000000080062d8       0x22 /usr/local/bin/../lib/gcc/arm-none-eabi/10.2.1/../../../../arm-none-eabi/lib/thumb/v7e-m+fp/hard/libg_nano.a(lib_a-stdio.o)
                0x00000000080062d8                __sread
 .text.__swrite
                0x00000000080062fa       0x38 /usr/local/bin/../lib/gcc/arm-none-eabi/10.2.1/../../../../arm-none-eabi/lib/thumb/v7e-m+fp/hard/libg_nano.a(lib_a-stdio.o)
                0x00000000080062fa                __swrite
 .text.__sseek  0x0000000008006332       0x24 /usr/local/bin/../lib/gcc/arm-none-eabi/10.2.1/../../../../arm-none-eabi/lib/thumb/v7e-m+fp/hard/libg_nano.a(lib_a-stdio.o)
                0x0000000008006332                __sseek
 .text.__sclose
                0x0000000008006356        0x8 /usr/local/bin/../lib/gcc/arm-none-eabi/10.2.1/../../../../arm-none-eabi/lib/thumb/v7e-m+fp/hard/libg_nano.a(lib_a-stdio.o)
                0x0000000008006356                __sclose
 .text.__ascii_wctomb
                0x000000000800635e       0x1a /usr/local/bin/../lib/gcc/arm-none-eabi/10.2.1/../../../../arm-none-eabi/lib/thumb/v7e-m+fp/hard/libg_nano.a(lib_a-wctomb_r.o)
                0x000000000800635e                __ascii_wctomb
 .text.abort    0x0000000008006378        0xe /usr/local/bin/../lib/gcc/arm-none-eabi/10.2.1/../../../../arm-none-eabi/lib/thumb/v7e-m+fp/hard/libg_nano.a(lib_a-abort.o)
                0x0000000008006378                abort
 .text.memmove  0x0000000008006386       0x34 /usr/local/bin/../lib/gcc/arm-none-eabi/10.2.1/../../../../arm-none-eabi/lib/thumb/v7e-m+fp/hard/libg_nano.a(lib_a-memmove.o)
                0x0000000008006386                memmove
 *fill*         0x00000000080063ba        0x2 
 .text.__malloc_lock
                0x00000000080063bc        0xc /usr/local/bin/../lib/gcc/arm-none-eabi/10.2.1/../../../../arm-none-eabi/lib/thumb/v7e-m+fp/hard/libg_nano.a(lib_a-mlock.o)
                0x00000000080063bc                __malloc_lock
 .text.__malloc_unlock
                0x00000000080063c8        0xc /usr/local/bin/../lib/gcc/arm-none-eabi/10.2.1/../../../../arm-none-eabi/lib/thumb/v7e-m+fp/hard/libg_nano.a(lib_a-mlock.o)
                0x00000000080063c8                __malloc_unlock
 .text._realloc_r
                0x00000000080063d4       0x4c /usr/local/bin/../lib/gcc/arm-none-eabi/10.2.1/../../../../arm-none-eabi/lib/thumb/v7e-m+fp/hard/libg_nano.a(lib_a-nano-reallocr.o)
                0x00000000080063d4                _realloc_r
 .text._raise_r
                0x0000000008006420       0x50 /usr/local/bin/../lib/gcc/arm-none-eabi/10.2.1/../../../../arm-none-eabi/lib/thumb/v7e-m+fp/hard/libg_nano.a(lib_a-signal.o)
                0x0000000008006420                _raise_r
 .text.raise    0x0000000008006470       0x10 /usr/local/bin/../lib/gcc/arm-none-eabi/10.2.1/../../../../arm-none-eabi/lib/thumb/v7e-m+fp/hard/libg_nano.a(lib_a-signal.o)
                0x0000000008006470                raise
 .text._kill_r  0x0000000008006480       0x24 /usr/local/bin/../lib/gcc/arm-none-eabi/10.2.1/../../../../arm-none-eabi/lib/thumb/v7e-m+fp/hard/libg_nano.a(lib_a-signalr.o)
                0x0000000008006480                _kill_r
 .text._getpid_r
                0x00000000080064a4        0x4 /usr/local/bin/../lib/gcc/arm-none-eabi/10.2.1/../../../../arm-none-eabi/lib/thumb/v7e-m+fp/hard/libg_nano.a(lib_a-signalr.o)
                0x00000000080064a4                _getpid_r
 .text._malloc_usable_size_r
                0x00000000080064a8       0x10 /usr/local/bin/../lib/gcc/arm-none-eabi/10.2.1/../../../../arm-none-eabi/lib/thumb/v7e-m+fp/hard/libg_nano.a(lib_a-nano-msizer.o)
                0x00000000080064a8                _malloc_usable_size_r
 *(.glue_7)
 .glue_7        0x00000000080064b8        0x0 linker stubs
 *(.glue_7t)
 .glue_7t       0x00000000080064b8        0x0 linker stubs
 *(.eh_frame)
 .eh_frame      0x00000000080064b8        0x0 /usr/local/bin/../lib/gcc/arm-none-eabi/10.2.1/thumb/v7e-m+fp/hard/crtbegin.o
 *(.init)
 .init          0x00000000080064b8        0x4 /usr/local/bin/../lib/gcc/arm-none-eabi/10.2.1/thumb/v7e-m+fp/hard/crti.o
                0x00000000080064b8                _init
 .init          0x00000000080064bc        0x8 /usr/local/bin/../lib/gcc/arm-none-eabi/10.2.1/thumb/v7e-m+fp/hard/crtn.o
 *(.fini)
 .fini          0x00000000080064c4        0x4 /usr/local/bin/../lib/gcc/arm-none-eabi/10.2.1/thumb/v7e-m+fp/hard/crti.o
                0x00000000080064c4                _fini
 .fini          0x00000000080064c8        0x8 /usr/local/bin/../lib/gcc/arm-none-eabi/10.2.1/thumb/v7e-m+fp/hard/crtn.o
                0x00000000080064d0                . = ALIGN (0x4)
                0x00000000080064d0                _etext = .

.vfp11_veneer   0x00000000080064d0        0x0
 .vfp11_veneer  0x00000000080064d0        0x0 linker stubs

.v4_bx          0x00000000080064d0        0x0
 .v4_bx         0x00000000080064d0        0x0 linker stubs

.iplt           0x00000000080064d0        0x0
 .iplt          0x00000000080064d0        0x0 /usr/local/bin/../lib/gcc/arm-none-eabi/10.2.1/thumb/v7e-m+fp/hard/crtbegin.o

.rodata         0x00000000080064d0     0xc61c
                0x00000000080064d0                . = ALIGN (0x4)
 *(.rodata)
 .rodata        0x00000000080064d0      0x440 build/monitor/decoder/STM32F411.o
 *(.rodata*)
 .rodata.CmdLed.str1.1
                0x0000000008006910       0x5a build/my_main.o
 .rodata.str1.1
                0x000000000800696a       0x1c build/my_main.o
                                         0x20 (size before relaxing)
 .rodata.CmdTest.str1.1
                0x0000000008006986       0x47 build/mytest.o
 .rodata.str1.1
                0x00000000080069cd       0x16 build/mytest.o
 .rodata.enableDisableStepper.str1.1
                0x00000000080069e3       0x5c build/timer_irq.o
 .rodata.StepSpeedAction.str1.1
                0x0000000008006a3f       0x57 build/timer_irq.o
 .rodata.str1.1
                0x0000000008006a96       0x7b build/timer_irq.o
 .rodata.str1.1
                0x0000000008006b11     0x278b build/monitor/decoder/STM32F411.o
                                       0x2831 (size before relaxing)
 .rodata.ADC1_CR1_fields
                0x000000000800929c       0x70 build/monitor/decoder/STM32F411.o
                0x000000000800929c                ADC1_CR1_fields
 .rodata.ADC1_CR2_fields
                0x000000000800930c       0x60 build/monitor/decoder/STM32F411.o
                0x000000000800930c                ADC1_CR2_fields
 .rodata.ADC1_DR_fields
                0x000000000800936c        0x8 build/monitor/decoder/STM32F411.o
                0x000000000800936c                ADC1_DR_fields
 .rodata.ADC1_HTR_fields
                0x0000000008009374        0x8 build/monitor/decoder/STM32F411.o
                0x0000000008009374                ADC1_HTR_fields
 .rodata.ADC1_JDR1_fields
                0x000000000800937c        0x8 build/monitor/decoder/STM32F411.o
                0x000000000800937c                ADC1_JDR1_fields
 .rodata.ADC1_JDR2_fields
                0x0000000008009384        0x8 build/monitor/decoder/STM32F411.o
                0x0000000008009384                ADC1_JDR2_fields
 .rodata.ADC1_JDR3_fields
                0x000000000800938c        0x8 build/monitor/decoder/STM32F411.o
                0x000000000800938c                ADC1_JDR3_fields
 .rodata.ADC1_JDR4_fields
                0x0000000008009394        0x8 build/monitor/decoder/STM32F411.o
                0x0000000008009394                ADC1_JDR4_fields
 .rodata.ADC1_JOFR1_fields
                0x000000000800939c        0x8 build/monitor/decoder/STM32F411.o
                0x000000000800939c                ADC1_JOFR1_fields
 .rodata.ADC1_JOFR2_fields
                0x00000000080093a4        0x8 build/monitor/decoder/STM32F411.o
                0x00000000080093a4                ADC1_JOFR2_fields
 .rodata.ADC1_JOFR3_fields
                0x00000000080093ac        0x8 build/monitor/decoder/STM32F411.o
                0x00000000080093ac                ADC1_JOFR3_fields
 .rodata.ADC1_JOFR4_fields
                0x00000000080093b4        0x8 build/monitor/decoder/STM32F411.o
                0x00000000080093b4                ADC1_JOFR4_fields
 .rodata.ADC1_JSQR_fields
                0x00000000080093bc       0x28 build/monitor/decoder/STM32F411.o
                0x00000000080093bc                ADC1_JSQR_fields
 .rodata.ADC1_LTR_fields
                0x00000000080093e4        0x8 build/monitor/decoder/STM32F411.o
                0x00000000080093e4                ADC1_LTR_fields
 .rodata.ADC1_SMPR1_fields
                0x00000000080093ec        0x8 build/monitor/decoder/STM32F411.o
                0x00000000080093ec                ADC1_SMPR1_fields
 .rodata.ADC1_SMPR2_fields
                0x00000000080093f4        0x8 build/monitor/decoder/STM32F411.o
                0x00000000080093f4                ADC1_SMPR2_fields
 .rodata.ADC1_SQR1_fields
                0x00000000080093fc       0x28 build/monitor/decoder/STM32F411.o
                0x00000000080093fc                ADC1_SQR1_fields
 .rodata.ADC1_SQR2_fields
                0x0000000008009424       0x30 build/monitor/decoder/STM32F411.o
                0x0000000008009424                ADC1_SQR2_fields
 .rodata.ADC1_SQR3_fields
                0x0000000008009454       0x30 build/monitor/decoder/STM32F411.o
                0x0000000008009454                ADC1_SQR3_fields
 .rodata.ADC1_SR_fields
                0x0000000008009484       0x30 build/monitor/decoder/STM32F411.o
                0x0000000008009484                ADC1_SR_fields
 .rodata.ADC1_registers
                0x00000000080094b4      0x140 build/monitor/decoder/STM32F411.o
                0x00000000080094b4                ADC1_registers
 .rodata.ADC_Common_CCR_fields
                0x00000000080095f4       0x30 build/monitor/decoder/STM32F411.o
                0x00000000080095f4                ADC_Common_CCR_fields
 .rodata.ADC_Common_CSR_fields
                0x0000000008009624       0x90 build/monitor/decoder/STM32F411.o
                0x0000000008009624                ADC_Common_CSR_fields
 .rodata.ADC_Common_registers
                0x00000000080096b4       0x20 build/monitor/decoder/STM32F411.o
                0x00000000080096b4                ADC_Common_registers
 .rodata.CRC_CR_fields
                0x00000000080096d4        0x8 build/monitor/decoder/STM32F411.o
                0x00000000080096d4                CRC_CR_fields
 .rodata.CRC_DR_fields
                0x00000000080096dc        0x8 build/monitor/decoder/STM32F411.o
                0x00000000080096dc                CRC_DR_fields
 .rodata.CRC_IDR_fields
                0x00000000080096e4        0x8 build/monitor/decoder/STM32F411.o
                0x00000000080096e4                CRC_IDR_fields
 .rodata.CRC_registers
                0x00000000080096ec       0x30 build/monitor/decoder/STM32F411.o
                0x00000000080096ec                CRC_registers
 .rodata.DBG_DBGMCU_APB1_FZ_fields
                0x000000000800971c       0x50 build/monitor/decoder/STM32F411.o
                0x000000000800971c                DBG_DBGMCU_APB1_FZ_fields
 .rodata.DBG_DBGMCU_APB2_FZ_fields
                0x000000000800976c       0x20 build/monitor/decoder/STM32F411.o
                0x000000000800976c                DBG_DBGMCU_APB2_FZ_fields
 .rodata.DBG_DBGMCU_CR_fields
                0x000000000800978c       0x28 build/monitor/decoder/STM32F411.o
                0x000000000800978c                DBG_DBGMCU_CR_fields
 .rodata.DBG_DBGMCU_IDCODE_fields
                0x00000000080097b4       0x10 build/monitor/decoder/STM32F411.o
                0x00000000080097b4                DBG_DBGMCU_IDCODE_fields
 .rodata.DBG_registers
                0x00000000080097c4       0x40 build/monitor/decoder/STM32F411.o
                0x00000000080097c4                DBG_registers
 .rodata.DMA2_HIFCR_fields
                0x0000000008009804       0xa0 build/monitor/decoder/STM32F411.o
                0x0000000008009804                DMA2_HIFCR_fields
 .rodata.DMA2_HISR_fields
                0x00000000080098a4       0xa0 build/monitor/decoder/STM32F411.o
                0x00000000080098a4                DMA2_HISR_fields
 .rodata.DMA2_LIFCR_fields
                0x0000000008009944       0xa0 build/monitor/decoder/STM32F411.o
                0x0000000008009944                DMA2_LIFCR_fields
 .rodata.DMA2_LISR_fields
                0x00000000080099e4       0xa0 build/monitor/decoder/STM32F411.o
                0x00000000080099e4                DMA2_LISR_fields
 .rodata.DMA2_S0CR_fields
                0x0000000008009a84       0x98 build/monitor/decoder/STM32F411.o
                0x0000000008009a84                DMA2_S0CR_fields
 .rodata.DMA2_S0FCR_fields
                0x0000000008009b1c       0x20 build/monitor/decoder/STM32F411.o
                0x0000000008009b1c                DMA2_S0FCR_fields
 .rodata.DMA2_S0M0AR_fields
                0x0000000008009b3c        0x8 build/monitor/decoder/STM32F411.o
                0x0000000008009b3c                DMA2_S0M0AR_fields
 .rodata.DMA2_S0M1AR_fields
                0x0000000008009b44        0x8 build/monitor/decoder/STM32F411.o
                0x0000000008009b44                DMA2_S0M1AR_fields
 .rodata.DMA2_S0NDTR_fields
                0x0000000008009b4c        0x8 build/monitor/decoder/STM32F411.o
                0x0000000008009b4c                DMA2_S0NDTR_fields
 .rodata.DMA2_S0PAR_fields
                0x0000000008009b54        0x8 build/monitor/decoder/STM32F411.o
                0x0000000008009b54                DMA2_S0PAR_fields
 .rodata.DMA2_S1CR_fields
                0x0000000008009b5c       0xa0 build/monitor/decoder/STM32F411.o
                0x0000000008009b5c                DMA2_S1CR_fields
 .rodata.DMA2_S1FCR_fields
                0x0000000008009bfc       0x20 build/monitor/decoder/STM32F411.o
                0x0000000008009bfc                DMA2_S1FCR_fields
 .rodata.DMA2_S1M0AR_fields
                0x0000000008009c1c        0x8 build/monitor/decoder/STM32F411.o
                0x0000000008009c1c                DMA2_S1M0AR_fields
 .rodata.DMA2_S1M1AR_fields
                0x0000000008009c24        0x8 build/monitor/decoder/STM32F411.o
                0x0000000008009c24                DMA2_S1M1AR_fields
 .rodata.DMA2_S1NDTR_fields
                0x0000000008009c2c        0x8 build/monitor/decoder/STM32F411.o
                0x0000000008009c2c                DMA2_S1NDTR_fields
 .rodata.DMA2_S1PAR_fields
                0x0000000008009c34        0x8 build/monitor/decoder/STM32F411.o
                0x0000000008009c34                DMA2_S1PAR_fields
 .rodata.DMA2_S2CR_fields
                0x0000000008009c3c       0xa0 build/monitor/decoder/STM32F411.o
                0x0000000008009c3c                DMA2_S2CR_fields
 .rodata.DMA2_S2FCR_fields
                0x0000000008009cdc       0x20 build/monitor/decoder/STM32F411.o
                0x0000000008009cdc                DMA2_S2FCR_fields
 .rodata.DMA2_S2M0AR_fields
                0x0000000008009cfc        0x8 build/monitor/decoder/STM32F411.o
                0x0000000008009cfc                DMA2_S2M0AR_fields
 .rodata.DMA2_S2M1AR_fields
                0x0000000008009d04        0x8 build/monitor/decoder/STM32F411.o
                0x0000000008009d04                DMA2_S2M1AR_fields
 .rodata.DMA2_S2NDTR_fields
                0x0000000008009d0c        0x8 build/monitor/decoder/STM32F411.o
                0x0000000008009d0c                DMA2_S2NDTR_fields
 .rodata.DMA2_S2PAR_fields
                0x0000000008009d14        0x8 build/monitor/decoder/STM32F411.o
                0x0000000008009d14                DMA2_S2PAR_fields
 .rodata.DMA2_S3CR_fields
                0x0000000008009d1c       0xa0 build/monitor/decoder/STM32F411.o
                0x0000000008009d1c                DMA2_S3CR_fields
 .rodata.DMA2_S3FCR_fields
                0x0000000008009dbc       0x20 build/monitor/decoder/STM32F411.o
                0x0000000008009dbc                DMA2_S3FCR_fields
 .rodata.DMA2_S3M0AR_fields
                0x0000000008009ddc        0x8 build/monitor/decoder/STM32F411.o
                0x0000000008009ddc                DMA2_S3M0AR_fields
 .rodata.DMA2_S3M1AR_fields
                0x0000000008009de4        0x8 build/monitor/decoder/STM32F411.o
                0x0000000008009de4                DMA2_S3M1AR_fields
 .rodata.DMA2_S3NDTR_fields
                0x0000000008009dec        0x8 build/monitor/decoder/STM32F411.o
                0x0000000008009dec                DMA2_S3NDTR_fields
 .rodata.DMA2_S3PAR_fields
                0x0000000008009df4        0x8 build/monitor/decoder/STM32F411.o
                0x0000000008009df4                DMA2_S3PAR_fields
 .rodata.DMA2_S4CR_fields
                0x0000000008009dfc       0xa0 build/monitor/decoder/STM32F411.o
                0x0000000008009dfc                DMA2_S4CR_fields
 .rodata.DMA2_S4FCR_fields
                0x0000000008009e9c       0x20 build/monitor/decoder/STM32F411.o
                0x0000000008009e9c                DMA2_S4FCR_fields
 .rodata.DMA2_S4M0AR_fields
                0x0000000008009ebc        0x8 build/monitor/decoder/STM32F411.o
                0x0000000008009ebc                DMA2_S4M0AR_fields
 .rodata.DMA2_S4M1AR_fields
                0x0000000008009ec4        0x8 build/monitor/decoder/STM32F411.o
                0x0000000008009ec4                DMA2_S4M1AR_fields
 .rodata.DMA2_S4NDTR_fields
                0x0000000008009ecc        0x8 build/monitor/decoder/STM32F411.o
                0x0000000008009ecc                DMA2_S4NDTR_fields
 .rodata.DMA2_S4PAR_fields
                0x0000000008009ed4        0x8 build/monitor/decoder/STM32F411.o
                0x0000000008009ed4                DMA2_S4PAR_fields
 .rodata.DMA2_S5CR_fields
                0x0000000008009edc       0xa0 build/monitor/decoder/STM32F411.o
                0x0000000008009edc                DMA2_S5CR_fields
 .rodata.DMA2_S5FCR_fields
                0x0000000008009f7c       0x20 build/monitor/decoder/STM32F411.o
                0x0000000008009f7c                DMA2_S5FCR_fields
 .rodata.DMA2_S5M0AR_fields
                0x0000000008009f9c        0x8 build/monitor/decoder/STM32F411.o
                0x0000000008009f9c                DMA2_S5M0AR_fields
 .rodata.DMA2_S5M1AR_fields
                0x0000000008009fa4        0x8 build/monitor/decoder/STM32F411.o
                0x0000000008009fa4                DMA2_S5M1AR_fields
 .rodata.DMA2_S5NDTR_fields
                0x0000000008009fac        0x8 build/monitor/decoder/STM32F411.o
                0x0000000008009fac                DMA2_S5NDTR_fields
 .rodata.DMA2_S5PAR_fields
                0x0000000008009fb4        0x8 build/monitor/decoder/STM32F411.o
                0x0000000008009fb4                DMA2_S5PAR_fields
 .rodata.DMA2_S6CR_fields
                0x0000000008009fbc       0xa0 build/monitor/decoder/STM32F411.o
                0x0000000008009fbc                DMA2_S6CR_fields
 .rodata.DMA2_S6FCR_fields
                0x000000000800a05c       0x20 build/monitor/decoder/STM32F411.o
                0x000000000800a05c                DMA2_S6FCR_fields
 .rodata.DMA2_S6M0AR_fields
                0x000000000800a07c        0x8 build/monitor/decoder/STM32F411.o
                0x000000000800a07c                DMA2_S6M0AR_fields
 .rodata.DMA2_S6M1AR_fields
                0x000000000800a084        0x8 build/monitor/decoder/STM32F411.o
                0x000000000800a084                DMA2_S6M1AR_fields
 .rodata.DMA2_S6NDTR_fields
                0x000000000800a08c        0x8 build/monitor/decoder/STM32F411.o
                0x000000000800a08c                DMA2_S6NDTR_fields
 .rodata.DMA2_S6PAR_fields
                0x000000000800a094        0x8 build/monitor/decoder/STM32F411.o
                0x000000000800a094                DMA2_S6PAR_fields
 .rodata.DMA2_S7CR_fields
                0x000000000800a09c       0xa0 build/monitor/decoder/STM32F411.o
                0x000000000800a09c                DMA2_S7CR_fields
 .rodata.DMA2_S7FCR_fields
                0x000000000800a13c       0x20 build/monitor/decoder/STM32F411.o
                0x000000000800a13c                DMA2_S7FCR_fields
 .rodata.DMA2_S7M0AR_fields
                0x000000000800a15c        0x8 build/monitor/decoder/STM32F411.o
                0x000000000800a15c                DMA2_S7M0AR_fields
 .rodata.DMA2_S7M1AR_fields
                0x000000000800a164        0x8 build/monitor/decoder/STM32F411.o
                0x000000000800a164                DMA2_S7M1AR_fields
 .rodata.DMA2_S7NDTR_fields
                0x000000000800a16c        0x8 build/monitor/decoder/STM32F411.o
                0x000000000800a16c                DMA2_S7NDTR_fields
 .rodata.DMA2_S7PAR_fields
                0x000000000800a174        0x8 build/monitor/decoder/STM32F411.o
                0x000000000800a174                DMA2_S7PAR_fields
 .rodata.DMA2_registers
                0x000000000800a17c      0x340 build/monitor/decoder/STM32F411.o
                0x000000000800a17c                DMA2_registers
 .rodata.EXTI_EMR_fields
                0x000000000800a4bc       0xb8 build/monitor/decoder/STM32F411.o
                0x000000000800a4bc                EXTI_EMR_fields
 .rodata.EXTI_FTSR_fields
                0x000000000800a574       0xb8 build/monitor/decoder/STM32F411.o
                0x000000000800a574                EXTI_FTSR_fields
 .rodata.EXTI_IMR_fields
                0x000000000800a62c       0xb8 build/monitor/decoder/STM32F411.o
                0x000000000800a62c                EXTI_IMR_fields
 .rodata.EXTI_PR_fields
                0x000000000800a6e4       0xb8 build/monitor/decoder/STM32F411.o
                0x000000000800a6e4                EXTI_PR_fields
 .rodata.EXTI_RTSR_fields
                0x000000000800a79c       0xb8 build/monitor/decoder/STM32F411.o
                0x000000000800a79c                EXTI_RTSR_fields
 .rodata.EXTI_SWIER_fields
                0x000000000800a854       0xb8 build/monitor/decoder/STM32F411.o
                0x000000000800a854                EXTI_SWIER_fields
 .rodata.EXTI_registers
                0x000000000800a90c       0x60 build/monitor/decoder/STM32F411.o
                0x000000000800a90c                EXTI_registers
 .rodata.FLASH_ACR_fields
                0x000000000800a96c       0x30 build/monitor/decoder/STM32F411.o
                0x000000000800a96c                FLASH_ACR_fields
 .rodata.FLASH_CR_fields
                0x000000000800a99c       0x48 build/monitor/decoder/STM32F411.o
                0x000000000800a99c                FLASH_CR_fields
 .rodata.FLASH_KEYR_fields
                0x000000000800a9e4        0x8 build/monitor/decoder/STM32F411.o
                0x000000000800a9e4                FLASH_KEYR_fields
 .rodata.FLASH_OPTCR_fields
                0x000000000800a9ec       0x40 build/monitor/decoder/STM32F411.o
                0x000000000800a9ec                FLASH_OPTCR_fields
 .rodata.FLASH_OPTKEYR_fields
                0x000000000800aa2c        0x8 build/monitor/decoder/STM32F411.o
                0x000000000800aa2c                FLASH_OPTKEYR_fields
 .rodata.FLASH_SR_fields
                0x000000000800aa34       0x38 build/monitor/decoder/STM32F411.o
                0x000000000800aa34                FLASH_SR_fields
 .rodata.FLASH_registers
                0x000000000800aa6c       0x60 build/monitor/decoder/STM32F411.o
                0x000000000800aa6c                FLASH_registers
 .rodata.FPU_CPACR_CPACR_fields
                0x000000000800aacc        0x8 build/monitor/decoder/STM32F411.o
                0x000000000800aacc                FPU_CPACR_CPACR_fields
 .rodata.FPU_CPACR_registers
                0x000000000800aad4       0x10 build/monitor/decoder/STM32F411.o
                0x000000000800aad4                FPU_CPACR_registers
 .rodata.FPU_FPCAR_fields
                0x000000000800aae4        0x8 build/monitor/decoder/STM32F411.o
                0x000000000800aae4                FPU_FPCAR_fields
 .rodata.FPU_FPCCR_fields
                0x000000000800aaec       0x48 build/monitor/decoder/STM32F411.o
                0x000000000800aaec                FPU_FPCCR_fields
 .rodata.FPU_FPSCR_fields
                0x000000000800ab34       0x70 build/monitor/decoder/STM32F411.o
                0x000000000800ab34                FPU_FPSCR_fields
 .rodata.FPU_registers
                0x000000000800aba4       0x30 build/monitor/decoder/STM32F411.o
                0x000000000800aba4                FPU_registers
 .rodata.GPIOA_AFRH_fields
                0x000000000800abd4       0x40 build/monitor/decoder/STM32F411.o
                0x000000000800abd4                GPIOA_AFRH_fields
 .rodata.GPIOA_AFRL_fields
                0x000000000800ac14       0x40 build/monitor/decoder/STM32F411.o
                0x000000000800ac14                GPIOA_AFRL_fields
 .rodata.GPIOA_BSRR_fields
                0x000000000800ac54      0x100 build/monitor/decoder/STM32F411.o
                0x000000000800ac54                GPIOA_BSRR_fields
 .rodata.GPIOA_IDR_fields
                0x000000000800ad54       0x80 build/monitor/decoder/STM32F411.o
                0x000000000800ad54                GPIOA_IDR_fields
 .rodata.GPIOA_LCKR_fields
                0x000000000800add4       0x88 build/monitor/decoder/STM32F411.o
                0x000000000800add4                GPIOA_LCKR_fields
 .rodata.GPIOA_MODER_fields
                0x000000000800ae5c       0x80 build/monitor/decoder/STM32F411.o
                0x000000000800ae5c                GPIOA_MODER_fields
 .rodata.GPIOA_ODR_fields
                0x000000000800aedc       0x80 build/monitor/decoder/STM32F411.o
                0x000000000800aedc                GPIOA_ODR_fields
 .rodata.GPIOA_OSPEEDR_fields
                0x000000000800af5c       0x80 build/monitor/decoder/STM32F411.o
                0x000000000800af5c                GPIOA_OSPEEDR_fields
 .rodata.GPIOA_OTYPER_fields
                0x000000000800afdc       0x80 build/monitor/decoder/STM32F411.o
                0x000000000800afdc                GPIOA_OTYPER_fields
 .rodata.GPIOA_PUPDR_fields
                0x000000000800b05c       0x80 build/monitor/decoder/STM32F411.o
                0x000000000800b05c                GPIOA_PUPDR_fields
 .rodata.GPIOA_registers
                0x000000000800b0dc       0xa0 build/monitor/decoder/STM32F411.o
                0x000000000800b0dc                GPIOA_registers
 .rodata.GPIOB_AFRH_fields
                0x000000000800b17c       0x40 build/monitor/decoder/STM32F411.o
                0x000000000800b17c                GPIOB_AFRH_fields
 .rodata.GPIOB_AFRL_fields
                0x000000000800b1bc       0x40 build/monitor/decoder/STM32F411.o
                0x000000000800b1bc                GPIOB_AFRL_fields
 .rodata.GPIOB_BSRR_fields
                0x000000000800b1fc      0x100 build/monitor/decoder/STM32F411.o
                0x000000000800b1fc                GPIOB_BSRR_fields
 .rodata.GPIOB_IDR_fields
                0x000000000800b2fc       0x80 build/monitor/decoder/STM32F411.o
                0x000000000800b2fc                GPIOB_IDR_fields
 .rodata.GPIOB_LCKR_fields
                0x000000000800b37c       0x88 build/monitor/decoder/STM32F411.o
                0x000000000800b37c                GPIOB_LCKR_fields
 .rodata.GPIOB_MODER_fields
                0x000000000800b404       0x80 build/monitor/decoder/STM32F411.o
                0x000000000800b404                GPIOB_MODER_fields
 .rodata.GPIOB_ODR_fields
                0x000000000800b484       0x80 build/monitor/decoder/STM32F411.o
                0x000000000800b484                GPIOB_ODR_fields
 .rodata.GPIOB_OSPEEDR_fields
                0x000000000800b504       0x80 build/monitor/decoder/STM32F411.o
                0x000000000800b504                GPIOB_OSPEEDR_fields
 .rodata.GPIOB_OTYPER_fields
                0x000000000800b584       0x80 build/monitor/decoder/STM32F411.o
                0x000000000800b584                GPIOB_OTYPER_fields
 .rodata.GPIOB_PUPDR_fields
                0x000000000800b604       0x80 build/monitor/decoder/STM32F411.o
                0x000000000800b604                GPIOB_PUPDR_fields
 .rodata.GPIOB_registers
                0x000000000800b684       0xa0 build/monitor/decoder/STM32F411.o
                0x000000000800b684                GPIOB_registers
 .rodata.GPIOH_AFRH_fields
                0x000000000800b724       0x40 build/monitor/decoder/STM32F411.o
                0x000000000800b724                GPIOH_AFRH_fields
 .rodata.GPIOH_AFRL_fields
                0x000000000800b764       0x40 build/monitor/decoder/STM32F411.o
                0x000000000800b764                GPIOH_AFRL_fields
 .rodata.GPIOH_BSRR_fields
                0x000000000800b7a4      0x100 build/monitor/decoder/STM32F411.o
                0x000000000800b7a4                GPIOH_BSRR_fields
 .rodata.GPIOH_IDR_fields
                0x000000000800b8a4       0x80 build/monitor/decoder/STM32F411.o
                0x000000000800b8a4                GPIOH_IDR_fields
 .rodata.GPIOH_LCKR_fields
                0x000000000800b924       0x88 build/monitor/decoder/STM32F411.o
                0x000000000800b924                GPIOH_LCKR_fields
 .rodata.GPIOH_MODER_fields
                0x000000000800b9ac       0x80 build/monitor/decoder/STM32F411.o
                0x000000000800b9ac                GPIOH_MODER_fields
 .rodata.GPIOH_ODR_fields
                0x000000000800ba2c       0x80 build/monitor/decoder/STM32F411.o
                0x000000000800ba2c                GPIOH_ODR_fields
 .rodata.GPIOH_OSPEEDR_fields
                0x000000000800baac       0x80 build/monitor/decoder/STM32F411.o
                0x000000000800baac                GPIOH_OSPEEDR_fields
 .rodata.GPIOH_OTYPER_fields
                0x000000000800bb2c       0x80 build/monitor/decoder/STM32F411.o
                0x000000000800bb2c                GPIOH_OTYPER_fields
 .rodata.GPIOH_PUPDR_fields
                0x000000000800bbac       0x80 build/monitor/decoder/STM32F411.o
                0x000000000800bbac                GPIOH_PUPDR_fields
 .rodata.GPIOH_registers
                0x000000000800bc2c       0xa0 build/monitor/decoder/STM32F411.o
                0x000000000800bc2c                GPIOH_registers
 .rodata.I2C3_CCR_fields
                0x000000000800bccc       0x18 build/monitor/decoder/STM32F411.o
                0x000000000800bccc                I2C3_CCR_fields
 .rodata.I2C3_CR1_fields
                0x000000000800bce4       0x70 build/monitor/decoder/STM32F411.o
                0x000000000800bce4                I2C3_CR1_fields
 .rodata.I2C3_CR2_fields
                0x000000000800bd54       0x30 build/monitor/decoder/STM32F411.o
                0x000000000800bd54                I2C3_CR2_fields
 .rodata.I2C3_DR_fields
                0x000000000800bd84        0x8 build/monitor/decoder/STM32F411.o
                0x000000000800bd84                I2C3_DR_fields
 .rodata.I2C3_OAR1_fields
                0x000000000800bd8c       0x20 build/monitor/decoder/STM32F411.o
                0x000000000800bd8c                I2C3_OAR1_fields
 .rodata.I2C3_OAR2_fields
                0x000000000800bdac       0x10 build/monitor/decoder/STM32F411.o
                0x000000000800bdac                I2C3_OAR2_fields
 .rodata.I2C3_SR1_fields
                0x000000000800bdbc       0x70 build/monitor/decoder/STM32F411.o
                0x000000000800bdbc                I2C3_SR1_fields
 .rodata.I2C3_SR2_fields
                0x000000000800be2c       0x40 build/monitor/decoder/STM32F411.o
                0x000000000800be2c                I2C3_SR2_fields
 .rodata.I2C3_TRISE_fields
                0x000000000800be6c        0x8 build/monitor/decoder/STM32F411.o
                0x000000000800be6c                I2C3_TRISE_fields
 .rodata.I2C3_registers
                0x000000000800be74       0x90 build/monitor/decoder/STM32F411.o
                0x000000000800be74                I2C3_registers
 .rodata.I2S2ext_CR1_fields
                0x000000000800bf04       0x70 build/monitor/decoder/STM32F411.o
                0x000000000800bf04                I2S2ext_CR1_fields
 .rodata.I2S2ext_CR2_fields
                0x000000000800bf74       0x38 build/monitor/decoder/STM32F411.o
                0x000000000800bf74                I2S2ext_CR2_fields
 .rodata.I2S2ext_CRCPR_fields
                0x000000000800bfac        0x8 build/monitor/decoder/STM32F411.o
                0x000000000800bfac                I2S2ext_CRCPR_fields
 .rodata.I2S2ext_DR_fields
                0x000000000800bfb4        0x8 build/monitor/decoder/STM32F411.o
                0x000000000800bfb4                I2S2ext_DR_fields
 .rodata.I2S2ext_I2SCFGR_fields
                0x000000000800bfbc       0x40 build/monitor/decoder/STM32F411.o
                0x000000000800bfbc                I2S2ext_I2SCFGR_fields
 .rodata.I2S2ext_I2SPR_fields
                0x000000000800bffc       0x18 build/monitor/decoder/STM32F411.o
                0x000000000800bffc                I2S2ext_I2SPR_fields
 .rodata.I2S2ext_RXCRCR_fields
                0x000000000800c014        0x8 build/monitor/decoder/STM32F411.o
                0x000000000800c014                I2S2ext_RXCRCR_fields
 .rodata.I2S2ext_SR_fields
                0x000000000800c01c       0x48 build/monitor/decoder/STM32F411.o
                0x000000000800c01c                I2S2ext_SR_fields
 .rodata.I2S2ext_TXCRCR_fields
                0x000000000800c064        0x8 build/monitor/decoder/STM32F411.o
                0x000000000800c064                I2S2ext_TXCRCR_fields
 .rodata.I2S2ext_registers
                0x000000000800c06c       0x90 build/monitor/decoder/STM32F411.o
                0x000000000800c06c                I2S2ext_registers
 .rodata.IWDG_KR_fields
                0x000000000800c0fc        0x8 build/monitor/decoder/STM32F411.o
                0x000000000800c0fc                IWDG_KR_fields
 .rodata.IWDG_PR_fields
                0x000000000800c104        0x8 build/monitor/decoder/STM32F411.o
                0x000000000800c104                IWDG_PR_fields
 .rodata.IWDG_RLR_fields
                0x000000000800c10c        0x8 build/monitor/decoder/STM32F411.o
                0x000000000800c10c                IWDG_RLR_fields
 .rodata.IWDG_SR_fields
                0x000000000800c114       0x10 build/monitor/decoder/STM32F411.o
                0x000000000800c114                IWDG_SR_fields
 .rodata.IWDG_registers
                0x000000000800c124       0x40 build/monitor/decoder/STM32F411.o
                0x000000000800c124                IWDG_registers
 .rodata.MPU_MPU_CTRL_fields
                0x000000000800c164       0x18 build/monitor/decoder/STM32F411.o
                0x000000000800c164                MPU_MPU_CTRL_fields
 .rodata.MPU_MPU_RASR_fields
                0x000000000800c17c       0x48 build/monitor/decoder/STM32F411.o
                0x000000000800c17c                MPU_MPU_RASR_fields
 .rodata.MPU_MPU_RBAR_fields
                0x000000000800c1c4       0x18 build/monitor/decoder/STM32F411.o
                0x000000000800c1c4                MPU_MPU_RBAR_fields
 .rodata.MPU_MPU_RNR_fields
                0x000000000800c1dc        0x8 build/monitor/decoder/STM32F411.o
                0x000000000800c1dc                MPU_MPU_RNR_fields
 .rodata.MPU_MPU_TYPER_fields
                0x000000000800c1e4       0x18 build/monitor/decoder/STM32F411.o
                0x000000000800c1e4                MPU_MPU_TYPER_fields
 .rodata.MPU_registers
                0x000000000800c1fc       0x50 build/monitor/decoder/STM32F411.o
                0x000000000800c1fc                MPU_registers
 .rodata.NVIC_IABR0_fields
                0x000000000800c24c        0x8 build/monitor/decoder/STM32F411.o
                0x000000000800c24c                NVIC_IABR0_fields
 .rodata.NVIC_IABR1_fields
                0x000000000800c254        0x8 build/monitor/decoder/STM32F411.o
                0x000000000800c254                NVIC_IABR1_fields
 .rodata.NVIC_IABR2_fields
                0x000000000800c25c        0x8 build/monitor/decoder/STM32F411.o
                0x000000000800c25c                NVIC_IABR2_fields
 .rodata.NVIC_ICER0_fields
                0x000000000800c264        0x8 build/monitor/decoder/STM32F411.o
                0x000000000800c264                NVIC_ICER0_fields
 .rodata.NVIC_ICER1_fields
                0x000000000800c26c        0x8 build/monitor/decoder/STM32F411.o
                0x000000000800c26c                NVIC_ICER1_fields
 .rodata.NVIC_ICER2_fields
                0x000000000800c274        0x8 build/monitor/decoder/STM32F411.o
                0x000000000800c274                NVIC_ICER2_fields
 .rodata.NVIC_ICPR0_fields
                0x000000000800c27c        0x8 build/monitor/decoder/STM32F411.o
                0x000000000800c27c                NVIC_ICPR0_fields
 .rodata.NVIC_ICPR1_fields
                0x000000000800c284        0x8 build/monitor/decoder/STM32F411.o
                0x000000000800c284                NVIC_ICPR1_fields
 .rodata.NVIC_ICPR2_fields
                0x000000000800c28c        0x8 build/monitor/decoder/STM32F411.o
                0x000000000800c28c                NVIC_ICPR2_fields
 .rodata.NVIC_IPR0_fields
                0x000000000800c294       0x20 build/monitor/decoder/STM32F411.o
                0x000000000800c294                NVIC_IPR0_fields
 .rodata.NVIC_IPR10_fields
                0x000000000800c2b4       0x20 build/monitor/decoder/STM32F411.o
                0x000000000800c2b4                NVIC_IPR10_fields
 .rodata.NVIC_IPR11_fields
                0x000000000800c2d4       0x20 build/monitor/decoder/STM32F411.o
                0x000000000800c2d4                NVIC_IPR11_fields
 .rodata.NVIC_IPR12_fields
                0x000000000800c2f4       0x20 build/monitor/decoder/STM32F411.o
                0x000000000800c2f4                NVIC_IPR12_fields
 .rodata.NVIC_IPR13_fields
                0x000000000800c314       0x20 build/monitor/decoder/STM32F411.o
                0x000000000800c314                NVIC_IPR13_fields
 .rodata.NVIC_IPR14_fields
                0x000000000800c334       0x20 build/monitor/decoder/STM32F411.o
                0x000000000800c334                NVIC_IPR14_fields
 .rodata.NVIC_IPR15_fields
                0x000000000800c354       0x20 build/monitor/decoder/STM32F411.o
                0x000000000800c354                NVIC_IPR15_fields
 .rodata.NVIC_IPR16_fields
                0x000000000800c374       0x20 build/monitor/decoder/STM32F411.o
                0x000000000800c374                NVIC_IPR16_fields
 .rodata.NVIC_IPR17_fields
                0x000000000800c394       0x20 build/monitor/decoder/STM32F411.o
                0x000000000800c394                NVIC_IPR17_fields
 .rodata.NVIC_IPR18_fields
                0x000000000800c3b4       0x20 build/monitor/decoder/STM32F411.o
                0x000000000800c3b4                NVIC_IPR18_fields
 .rodata.NVIC_IPR19_fields
                0x000000000800c3d4       0x20 build/monitor/decoder/STM32F411.o
                0x000000000800c3d4                NVIC_IPR19_fields
 .rodata.NVIC_IPR1_fields
                0x000000000800c3f4       0x20 build/monitor/decoder/STM32F411.o
                0x000000000800c3f4                NVIC_IPR1_fields
 .rodata.NVIC_IPR2_fields
                0x000000000800c414       0x20 build/monitor/decoder/STM32F411.o
                0x000000000800c414                NVIC_IPR2_fields
 .rodata.NVIC_IPR3_fields
                0x000000000800c434       0x20 build/monitor/decoder/STM32F411.o
                0x000000000800c434                NVIC_IPR3_fields
 .rodata.NVIC_IPR4_fields
                0x000000000800c454       0x20 build/monitor/decoder/STM32F411.o
                0x000000000800c454                NVIC_IPR4_fields
 .rodata.NVIC_IPR5_fields
                0x000000000800c474       0x20 build/monitor/decoder/STM32F411.o
                0x000000000800c474                NVIC_IPR5_fields
 .rodata.NVIC_IPR6_fields
                0x000000000800c494       0x20 build/monitor/decoder/STM32F411.o
                0x000000000800c494                NVIC_IPR6_fields
 .rodata.NVIC_IPR7_fields
                0x000000000800c4b4       0x20 build/monitor/decoder/STM32F411.o
                0x000000000800c4b4                NVIC_IPR7_fields
 .rodata.NVIC_IPR8_fields
                0x000000000800c4d4       0x20 build/monitor/decoder/STM32F411.o
                0x000000000800c4d4                NVIC_IPR8_fields
 .rodata.NVIC_IPR9_fields
                0x000000000800c4f4       0x20 build/monitor/decoder/STM32F411.o
                0x000000000800c4f4                NVIC_IPR9_fields
 .rodata.NVIC_ISER0_fields
                0x000000000800c514        0x8 build/monitor/decoder/STM32F411.o
                0x000000000800c514                NVIC_ISER0_fields
 .rodata.NVIC_ISER1_fields
                0x000000000800c51c        0x8 build/monitor/decoder/STM32F411.o
                0x000000000800c51c                NVIC_ISER1_fields
 .rodata.NVIC_ISER2_fields
                0x000000000800c524        0x8 build/monitor/decoder/STM32F411.o
                0x000000000800c524                NVIC_ISER2_fields
 .rodata.NVIC_ISPR0_fields
                0x000000000800c52c        0x8 build/monitor/decoder/STM32F411.o
                0x000000000800c52c                NVIC_ISPR0_fields
 .rodata.NVIC_ISPR1_fields
                0x000000000800c534        0x8 build/monitor/decoder/STM32F411.o
                0x000000000800c534                NVIC_ISPR1_fields
 .rodata.NVIC_ISPR2_fields
                0x000000000800c53c        0x8 build/monitor/decoder/STM32F411.o
                0x000000000800c53c                NVIC_ISPR2_fields
 .rodata.NVIC_STIR_STIR_fields
                0x000000000800c544        0x8 build/monitor/decoder/STM32F411.o
                0x000000000800c544                NVIC_STIR_STIR_fields
 .rodata.NVIC_STIR_registers
                0x000000000800c54c       0x10 build/monitor/decoder/STM32F411.o
                0x000000000800c54c                NVIC_STIR_registers
 .rodata.NVIC_registers
                0x000000000800c55c      0x230 build/monitor/decoder/STM32F411.o
                0x000000000800c55c                NVIC_registers
 .rodata.OTG_FS_DEVICE_DIEPCTL1_fields
                0x000000000800c78c       0x68 build/monitor/decoder/STM32F411.o
                0x000000000800c78c                OTG_FS_DEVICE_DIEPCTL1_fields
 .rodata.OTG_FS_DEVICE_DIEPCTL2_fields
                0x000000000800c7f4       0x68 build/monitor/decoder/STM32F411.o
                0x000000000800c7f4                OTG_FS_DEVICE_DIEPCTL2_fields
 .rodata.OTG_FS_DEVICE_DIEPCTL3_fields
                0x000000000800c85c       0x68 build/monitor/decoder/STM32F411.o
                0x000000000800c85c                OTG_FS_DEVICE_DIEPCTL3_fields
 .rodata.OTG_FS_DEVICE_DIEPEMPMSK_fields
                0x000000000800c8c4        0x8 build/monitor/decoder/STM32F411.o
                0x000000000800c8c4                OTG_FS_DEVICE_DIEPEMPMSK_fields
 .rodata.OTG_FS_DEVICE_DIEPINT0_fields
                0x000000000800c8cc       0x30 build/monitor/decoder/STM32F411.o
                0x000000000800c8cc                OTG_FS_DEVICE_DIEPINT0_fields
 .rodata.OTG_FS_DEVICE_DIEPINT1_fields
                0x000000000800c8fc       0x30 build/monitor/decoder/STM32F411.o
                0x000000000800c8fc                OTG_FS_DEVICE_DIEPINT1_fields
 .rodata.OTG_FS_DEVICE_DIEPINT2_fields
                0x000000000800c92c       0x30 build/monitor/decoder/STM32F411.o
                0x000000000800c92c                OTG_FS_DEVICE_DIEPINT2_fields
 .rodata.OTG_FS_DEVICE_DIEPINT3_fields
                0x000000000800c95c       0x30 build/monitor/decoder/STM32F411.o
                0x000000000800c95c                OTG_FS_DEVICE_DIEPINT3_fields
 .rodata.OTG_FS_DEVICE_DIEPTSIZ0_fields
                0x000000000800c98c       0x10 build/monitor/decoder/STM32F411.o
                0x000000000800c98c                OTG_FS_DEVICE_DIEPTSIZ0_fields
 .rodata.OTG_FS_DEVICE_DIEPTSIZ1_fields
                0x000000000800c99c       0x18 build/monitor/decoder/STM32F411.o
                0x000000000800c99c                OTG_FS_DEVICE_DIEPTSIZ1_fields
 .rodata.OTG_FS_DEVICE_DIEPTSIZ2_fields
                0x000000000800c9b4       0x18 build/monitor/decoder/STM32F411.o
                0x000000000800c9b4                OTG_FS_DEVICE_DIEPTSIZ2_fields
 .rodata.OTG_FS_DEVICE_DIEPTSIZ3_fields
                0x000000000800c9cc       0x18 build/monitor/decoder/STM32F411.o
                0x000000000800c9cc                OTG_FS_DEVICE_DIEPTSIZ3_fields
 .rodata.OTG_FS_DEVICE_DOEPCTL0_fields
                0x000000000800c9e4       0x50 build/monitor/decoder/STM32F411.o
                0x000000000800c9e4                OTG_FS_DEVICE_DOEPCTL0_fields
 .rodata.OTG_FS_DEVICE_DOEPCTL1_fields
                0x000000000800ca34       0x68 build/monitor/decoder/STM32F411.o
                0x000000000800ca34                OTG_FS_DEVICE_DOEPCTL1_fields
 .rodata.OTG_FS_DEVICE_DOEPCTL2_fields
                0x000000000800ca9c       0x68 build/monitor/decoder/STM32F411.o
                0x000000000800ca9c                OTG_FS_DEVICE_DOEPCTL2_fields
 .rodata.OTG_FS_DEVICE_DOEPCTL3_fields
                0x000000000800cb04       0x68 build/monitor/decoder/STM32F411.o
                0x000000000800cb04                OTG_FS_DEVICE_DOEPCTL3_fields
 .rodata.OTG_FS_DEVICE_DOEPINT0_fields
                0x000000000800cb6c       0x28 build/monitor/decoder/STM32F411.o
                0x000000000800cb6c                OTG_FS_DEVICE_DOEPINT0_fields
 .rodata.OTG_FS_DEVICE_DOEPINT1_fields
                0x000000000800cb94       0x28 build/monitor/decoder/STM32F411.o