Archive member included to satisfy reference by file (symbol)

/usr/local/bin/../lib/gcc/arm-none-eabi/10.2.1/thumb/v7e-m+fp/hard/libgcc.a(_aeabi_ldivmod.o)
                              build/cubemx_stm32f411/Drivers/STM32F4xx_HAL_Driver/Src/stm32f4xx_hal_rcc.o (__aeabi_ldivmod)
/usr/local/bin/../lib/gcc/arm-none-eabi/10.2.1/thumb/v7e-m+fp/hard/libgcc.a(_aeabi_uldivmod.o)
                              build/cubemx_stm32f411/Drivers/STM32F4xx_HAL_Driver/Src/stm32f4xx_hal_rcc.o (__aeabi_uldivmod)
/usr/local/bin/../lib/gcc/arm-none-eabi/10.2.1/thumb/v7e-m+fp/hard/libgcc.a(_udivmoddi4.o)
                              /usr/local/bin/../lib/gcc/arm-none-eabi/10.2.1/thumb/v7e-m+fp/hard/libgcc.a(_aeabi_ldivmod.o) (__udivmoddi4)
/usr/local/bin/../lib/gcc/arm-none-eabi/10.2.1/thumb/v7e-m+fp/hard/libgcc.a(_dvmd_tls.o)
                              /usr/local/bin/../lib/gcc/arm-none-eabi/10.2.1/thumb/v7e-m+fp/hard/libgcc.a(_aeabi_ldivmod.o) (__aeabi_ldiv0)
/usr/local/bin/../lib/gcc/arm-none-eabi/10.2.1/../../../../arm-none-eabi/lib/thumb/v7e-m+fp/hard/libg_nano.a(lib_a-ctype_.o)
                              build/monitor/parser.o (_ctype_)
/usr/local/bin/../lib/gcc/arm-none-eabi/10.2.1/../../../../arm-none-eabi/lib/thumb/v7e-m+fp/hard/libg_nano.a(lib_a-errno.o)
                              build/syscall.o (__errno)
/usr/local/bin/../lib/gcc/arm-none-eabi/10.2.1/../../../../arm-none-eabi/lib/thumb/v7e-m+fp/hard/libg_nano.a(lib_a-exit.o)
                              /usr/local/bin/../lib/gcc/arm-none-eabi/10.2.1/../../../../arm-none-eabi/lib/thumb/v7e-m+fp/hard/crt0.o (exit)
/usr/local/bin/../lib/gcc/arm-none-eabi/10.2.1/../../../../arm-none-eabi/lib/thumb/v7e-m+fp/hard/libg_nano.a(lib_a-impure.o)
                              /usr/local/bin/../lib/gcc/arm-none-eabi/10.2.1/../../../../arm-none-eabi/lib/thumb/v7e-m+fp/hard/libg_nano.a(lib_a-exit.o) (_global_impure_ptr)
/usr/local/bin/../lib/gcc/arm-none-eabi/10.2.1/../../../../arm-none-eabi/lib/thumb/v7e-m+fp/hard/libg_nano.a(lib_a-init.o)
                              /usr/local/bin/../lib/gcc/arm-none-eabi/10.2.1/../../../../arm-none-eabi/lib/thumb/v7e-m+fp/hard/crt0.o (__libc_init_array)
/usr/local/bin/../lib/gcc/arm-none-eabi/10.2.1/../../../../arm-none-eabi/lib/thumb/v7e-m+fp/hard/libg_nano.a(lib_a-memset.o)
                              /usr/local/bin/../lib/gcc/arm-none-eabi/10.2.1/../../../../arm-none-eabi/lib/thumb/v7e-m+fp/hard/crt0.o (memset)
/usr/local/bin/../lib/gcc/arm-none-eabi/10.2.1/../../../../arm-none-eabi/lib/thumb/v7e-m+fp/hard/libg_nano.a(lib_a-nano-vfprintf_float.o)
                              (_printf_float)
/usr/local/bin/../lib/gcc/arm-none-eabi/10.2.1/../../../../arm-none-eabi/lib/thumb/v7e-m+fp/hard/libg_nano.a(lib_a-nano-vfprintf_i.o)
                              /usr/local/bin/../lib/gcc/arm-none-eabi/10.2.1/../../../../arm-none-eabi/lib/thumb/v7e-m+fp/hard/libg_nano.a(lib_a-nano-vfprintf_float.o) (_printf_common)
/usr/local/bin/../lib/gcc/arm-none-eabi/10.2.1/../../../../arm-none-eabi/lib/thumb/v7e-m+fp/hard/libg_nano.a(lib_a-printf.o)
                              build/my_main.o (printf)
/usr/local/bin/../lib/gcc/arm-none-eabi/10.2.1/../../../../arm-none-eabi/lib/thumb/v7e-m+fp/hard/libg_nano.a(lib_a-putchar.o)
                              build/monitor/monitor.o (putchar)
/usr/local/bin/../lib/gcc/arm-none-eabi/10.2.1/../../../../arm-none-eabi/lib/thumb/v7e-m+fp/hard/libg_nano.a(lib_a-puts.o)
                              build/my_main.o (puts)
/usr/local/bin/../lib/gcc/arm-none-eabi/10.2.1/../../../../arm-none-eabi/lib/thumb/v7e-m+fp/hard/libg_nano.a(lib_a-setvbuf.o)
                              build/monitor/terminal.o (setvbuf)
/usr/local/bin/../lib/gcc/arm-none-eabi/10.2.1/../../../../arm-none-eabi/lib/thumb/v7e-m+fp/hard/libg_nano.a(lib_a-strcasecmp.o)
                              build/monitor/parser.o (strcasecmp)
/usr/local/bin/../lib/gcc/arm-none-eabi/10.2.1/../../../../arm-none-eabi/lib/thumb/v7e-m+fp/hard/libg_nano.a(lib_a-strchr.o)
                              build/monitor/parser.o (strchr)
/usr/local/bin/../lib/gcc/arm-none-eabi/10.2.1/../../../../arm-none-eabi/lib/thumb/v7e-m+fp/hard/libg_nano.a(lib_a-strcpy.o)
                              build/monitor/parser.o (strcpy)
/usr/local/bin/../lib/gcc/arm-none-eabi/10.2.1/../../../../arm-none-eabi/lib/thumb/v7e-m+fp/hard/libg_nano.a(lib_a-strlen.o)
                              build/monitor/parser.o (strlen)
/usr/local/bin/../lib/gcc/arm-none-eabi/10.2.1/../../../../arm-none-eabi/lib/thumb/v7e-m+fp/hard/libg_nano.a(lib_a-strtod.o)
                              build/monitor/parser.o (strtod)
/usr/local/bin/../lib/gcc/arm-none-eabi/10.2.1/../../../../arm-none-eabi/lib/thumb/v7e-m+fp/hard/libg_nano.a(lib_a-strtok.o)
                              build/monitor/parser.o (strtok)
/usr/local/bin/../lib/gcc/arm-none-eabi/10.2.1/../../../../arm-none-eabi/lib/thumb/v7e-m+fp/hard/libg_nano.a(lib_a-strtok_r.o)
[...]
Memory Configuration

Name             Origin             Length             Attributes
RAM              0x0000000020000000 0x0000000000020000 xrw
FLASH            0x0000000008000000 0x0000000000080000 xr
*default*        0x0000000000000000 0xffffffffffffffff

Linker script and memory map

LOAD /usr/local/bin/../lib/gcc/arm-none-eabi/10.2.1/thumb/v7e-m+fp/hard/crti.o
LOAD /usr/local/bin/../lib/gcc/arm-none-eabi/10.2.1/thumb/v7e-m+fp/hard/crtbegin.o
LOAD /usr/local/bin/../lib/gcc/arm-none-eabi/10.2.1/../../../../arm-none-eabi/lib/thumb/v7e-m+fp/hard/crt0.o
LOAD build/my_main.o
LOAD build/mycode.o
LOAD build/mytest.o
LOAD build/stepper_example.o
LOAD build/timer_irq.o
LOAD build/monitor/decoder/STM32F411.o
LOAD build/cubemx_stm32f411/startup_stm32f411xe.o
LOAD build/syscall.o
LOAD build/monitor/monitor.o
LOAD build/monitor/parser.o
LOAD build/monitor/dump.o
LOAD build/monitor/terminal.o
LOAD build/monitor/wdog.o
LOAD build/monitor/tasking.o
LOAD build/monitor/default.o
LOAD build/monitor/decoder/decoder.o
LOAD build/cubemx_stm32f411/Core/Src/main.o
LOAD build/cubemx_stm32f411/Core/Src/stm32f4xx_it.o
LOAD build/cubemx_stm32f411/Core/Src/stm32f4xx_hal_msp.o
LOAD build/cubemx_stm32f411/Core/Src/system_stm32f4xx.o
LOAD build/cubemx_stm32f411/Drivers/STM32F4xx_HAL_Driver/Src/stm32f4xx_hal_rcc.o
LOAD build/cubemx_stm32f411/Drivers/STM32F4xx_HAL_Driver/Src/stm32f4xx_hal_rcc_ex.o
LOAD build/cubemx_stm32f411/Drivers/STM32F4xx_HAL_Driver/Src/stm32f4xx_hal.o
LOAD build/cubemx_stm32f411/Drivers/STM32F4xx_HAL_Driver/Src/stm32f4xx_hal_cortex.o
LOAD build/cubemx_stm32f411/Drivers/STM32F4xx_HAL_Driver/Src/stm32f4xx_hal_uart.o
LOAD build/cubemx_stm32f411/Drivers/STM32F4xx_HAL_Driver/Src/stm32f4xx_hal_gpio.o
LOAD build/cubemx_stm32f411/Drivers/STM32F4xx_HAL_Driver/Src/stm32f4xx_hal_iwdg.o
LOAD build/cubemx_stm32f411/Drivers/STM32F4xx_HAL_Driver/Src/stm32f4xx_hal_rtc.o
LOAD build/cubemx_stm32f411/Drivers/STM32F4xx_HAL_Driver/Src/stm32f4xx_hal_rtc_ex.o
LOAD build/cubemx_stm32f411/Drivers/STM32F4xx_HAL_Driver/Src/stm32f4xx_hal_adc.o
LOAD build/cubemx_stm32f411/Drivers/STM32F4xx_HAL_Driver/Src/stm32f4xx_hal_adc_ex.o
LOAD build/cubemx_stm32f411/Drivers/STM32F4xx_HAL_Driver/Src/stm32f4xx_hal_dac.o
LOAD build/cubemx_stm32f411/Drivers/STM32F4xx_HAL_Driver/Src/stm32f4xx_hal_dac_ex.o
LOAD build/cubemx_stm32f411/Drivers/STM32F4xx_HAL_Driver/Src/stm32f4xx_hal_tim.o
LOAD build/cubemx_stm32f411/Drivers/STM32F4xx_HAL_Driver/Src/stm32f4xx_hal_tim_ex.o
LOAD build/cubemx_stm32f411/Drivers/STM32F4xx_HAL_Driver/Src/stm32f4xx_hal_flash.o
LOAD build/cubemx_stm32f411/Drivers/STM32F4xx_HAL_Driver/Src/stm32f4xx_hal_flash_ex.o
LOAD build/cubemx_stm32f411/Drivers/STM32F4xx_HAL_Driver/Src/stm32f4xx_hal_pwr.o
LOAD build/cubemx_stm32f411/Drivers/STM32F4xx_HAL_Driver/Src/stm32f4xx_hal_pwr_ex.o
LOAD build/version.o
START GROUP
LOAD /usr/local/bin/../lib/gcc/arm-none-eabi/10.2.1/thumb/v7e-m+fp/hard/libgcc.a
LOAD /usr/local/bin/../lib/gcc/arm-none-eabi/10.2.1/../../../../arm-none-eabi/lib/thumb/v7e-m+fp/hard/libg_nano.a
LOAD /usr/local/bin/../lib/gcc/arm-none-eabi/10.2.1/../../../../arm-none-eabi/lib/thumb/v7e-m+fp/hard/libc_nano.a
END GROUP
START GROUP
LOAD /usr/local/bin/../lib/gcc/arm-none-eabi/10.2.1/thumb/v7e-m+fp/hard/libgcc.a
LOAD /usr/local/bin/../lib/gcc/arm-none-eabi/10.2.1/../../../../arm-none-eabi/lib/thumb/v7e-m+fp/hard/libc_nano.a
END GROUP
LOAD /usr/local/bin/../lib/gcc/arm-none-eabi/10.2.1/thumb/v7e-m+fp/hard/crtend.o
LOAD /usr/local/bin/../lib/gcc/arm-none-eabi/10.2.1/thumb/v7e-m+fp/hard/crtn.o
                0x0000000020020000                _estack = 0x20020000
                0x0000000000000200                _Min_Heap_Size = 0x200
                0x0000000000000400                _Min_Stack_Size = 0x400

.isr_vector     0x0000000008000000      0x198
                0x0000000008000000                . = ALIGN (0x4)
 *(.isr_vector)
 .isr_vector    0x0000000008000000      0x198 build/cubemx_stm32f411/startup_stm32f411xe.o
                0x0000000008000000                g_pfnVectors
                0x0000000008000198                . = ALIGN (0x4)

.text           0x00000000080001a0     0x6268
                0x00000000080001a0                . = ALIGN (0x4)
 *(.text)
 .text          0x00000000080001a0       0x40 /usr/local/bin/../lib/gcc/arm-none-eabi/10.2.1/thumb/v7e-m+fp/hard/crtbegin.o
 .text          0x00000000080001e0       0x34 build/mycode.o
                0x00000000080001e0                mytest
                0x00000000080001f4                my_Tick
                0x0000000008000208                my_Loop
                0x000000000800020c                my_Init
 .text          0x0000000008000214       0x30 /usr/local/bin/../lib/gcc/arm-none-eabi/10.2.1/thumb/v7e-m+fp/hard/libgcc.a(_aeabi_uldivmod.o)
                0x0000000008000214                __aeabi_uldivmod
 .text          0x0000000008000244      0x2d0 /usr/local/bin/../lib/gcc/arm-none-eabi/10.2.1/thumb/v7e-m+fp/hard/libgcc.a(_udivmoddi4.o)
                0x0000000008000244                __udivmoddi4
 .text          0x0000000008000514        0x4 /usr/local/bin/../lib/gcc/arm-none-eabi/10.2.1/thumb/v7e-m+fp/hard/libgcc.a(_dvmd_tls.o)
                0x0000000008000514                __aeabi_ldiv0
                0x0000000008000514                __aeabi_idiv0
 .text          0x0000000008000518       0x10 /usr/local/bin/../lib/gcc/arm-none-eabi/10.2.1/../../../../arm-none-eabi/lib/thumb/v7e-m+fp/hard/libg_nano.a(lib_a-strlen.o)
                0x0000000008000518                strlen
 *fill*         0x0000000008000528        0x8 
 .text          0x0000000008000530       0xa0 /usr/local/bin/../lib/gcc/arm-none-eabi/10.2.1/../../../../arm-none-eabi/lib/thumb/v7e-m+fp/hard/libg_nano.a(lib_a-memchr.o)
                0x0000000008000530                memchr
 .text          0x00000000080005d0      0x378 /usr/local/bin/../lib/gcc/arm-none-eabi/10.2.1/thumb/v7e-m+fp/hard/libgcc.a(_arm_addsubdf3.o)
                0x00000000080005d0                __aeabi_drsub
                0x00000000080005d8                __aeabi_dsub
                0x00000000080005d8                __subdf3
                0x00000000080005dc                __adddf3
                0x00000000080005dc                __aeabi_dadd
                0x0000000008000854                __aeabi_ui2d
                0x0000000008000854                __floatunsidf
                0x0000000008000874                __floatsidf
                0x0000000008000874                __aeabi_i2d
                0x0000000008000898                __extendsfdf2
                0x0000000008000898                __aeabi_f2d
                0x00000000080008dc                __aeabi_ul2d
                0x00000000080008dc                __floatundidf
                0x00000000080008ec                __floatdidf
                0x00000000080008ec                __aeabi_l2d
 .text          0x0000000008000948      0x424 /usr/local/bin/../lib/gcc/arm-none-eabi/10.2.1/thumb/v7e-m+fp/hard/libgcc.a(_arm_muldivdf3.o)
                0x0000000008000948                __aeabi_dmul
                0x0000000008000948                __muldf3
                0x0000000008000b9c                __aeabi_ddiv
                0x0000000008000b9c                __divdf3
 .text          0x0000000008000d6c      0x110 /usr/local/bin/../lib/gcc/arm-none-eabi/10.2.1/thumb/v7e-m+fp/hard/libgcc.a(_arm_cmpdf2.o)
                0x0000000008000d6c                __gtdf2
                0x0000000008000d6c                __gedf2
                0x0000000008000d74                __ltdf2
                0x0000000008000d74                __ledf2
                0x0000000008000d7c                __cmpdf2
                0x0000000008000d7c                __eqdf2
                0x0000000008000d7c                __nedf2
                0x0000000008000df8                __aeabi_cdrcmple
                0x0000000008000e08                __aeabi_cdcmple
                0x0000000008000e08                __aeabi_cdcmpeq
                0x0000000008000e18                __aeabi_dcmpeq
                0x0000000008000e2c                __aeabi_dcmplt
                0x0000000008000e40                __aeabi_dcmple
                0x0000000008000e54                __aeabi_dcmpge
                0x0000000008000e68                __aeabi_dcmpgt
 .text          0x0000000008000e7c       0x2c /usr/local/bin/../lib/gcc/arm-none-eabi/10.2.1/thumb/v7e-m+fp/hard/libgcc.a(_arm_unorddf2.o)
                0x0000000008000e7c                __aeabi_dcmpun
                0x0000000008000e7c                __unorddf2
 .text          0x0000000008000ea8       0x50 /usr/local/bin/../lib/gcc/arm-none-eabi/10.2.1/thumb/v7e-m+fp/hard/libgcc.a(_arm_fixdfsi.o)
                0x0000000008000ea8                __fixdfsi
                0x0000000008000ea8                __aeabi_d2iz
 *(.text*)
 .text.CmdLed   0x0000000008000ef8       0x50 build/my_main.o
                0x0000000008000ef8                CmdLed
 .text.my_init  0x0000000008000f48       0x16 build/my_main.o
                0x0000000008000f48                my_init
 .text.my_main  0x0000000008000f5e       0x12 build/my_main.o
                0x0000000008000f5e                my_main
 .text.CmdTest  0x0000000008000f70       0x2c build/mytest.o
                0x0000000008000f70                CmdTest
 .text.USR_LED_Toggle
                0x0000000008000f9c       0x14 build/mytest.o
                0x0000000008000f9c                USR_LED_Toggle
 .text.CmdTimerIrq
                0x0000000008000fb0      0x164 build/timer_irq.o
                0x0000000008000fb0                CmdTimerIrq
 .text.TIM1_TRG_COM_TIM11_IRQHandler
                0x0000000008001114        0xc build/timer_irq.o
                0x0000000008001114                TIM1_TRG_COM_TIM11_IRQHandler
 .text.HAL_TIM_PeriodElapsedCallback
                0x0000000008001120       0x40 build/timer_irq.o
                0x0000000008001120                HAL_TIM_PeriodElapsedCallback
 .text.Reset_Handler
                0x0000000008001160       0x50 build/cubemx_stm32f411/startup_stm32f411xe.o
                0x0000000008001160                Reset_Handler
 .text.Default_Handler
                0x00000000080011b0        0x6 build/cubemx_stm32f411/startup_stm32f411xe.o
                0x00000000080011b0                RTC_Alarm_IRQHandler
                0x00000000080011b0                EXTI2_IRQHandler
                0x00000000080011b0                SPI4_IRQHandler
                0x00000000080011b0                TIM1_CC_IRQHandler
                0x00000000080011b0                DMA2_Stream5_IRQHandler
                0x00000000080011b0                DMA1_Stream5_IRQHandler
                0x00000000080011b0                PVD_IRQHandler
                0x00000000080011b0                SDIO_IRQHandler
                0x00000000080011b0                TAMP_STAMP_IRQHandler
                0x00000000080011b0                EXTI3_IRQHandler
                0x00000000080011b0                TIM1_UP_TIM10_IRQHandler
                0x00000000080011b0                I2C3_ER_IRQHandler
                0x00000000080011b0                EXTI0_IRQHandler
                0x00000000080011b0                I2C2_EV_IRQHandler
                0x00000000080011b0                DMA1_Stream2_IRQHandler
                0x00000000080011b0                FPU_IRQHandler
                0x00000000080011b0                DMA2_Stream2_IRQHandler
                0x00000000080011b0                SPI1_IRQHandler
                0x00000000080011b0                TIM1_BRK_TIM9_IRQHandler
                0x00000000080011b0                DMA2_Stream3_IRQHandler
                0x00000000080011b0                USART6_IRQHandler
                0x00000000080011b0                DMA2_Stream0_IRQHandler
                0x00000000080011b0                TIM4_IRQHandler
                0x00000000080011b0                I2C1_EV_IRQHandler
                0x00000000080011b0                DMA1_Stream6_IRQHandler
                0x00000000080011b0                DMA1_Stream1_IRQHandler
                0x00000000080011b0                TIM3_IRQHandler
                0x00000000080011b0                RCC_IRQHandler
                0x00000000080011b0                Default_Handler
                0x00000000080011b0                EXTI15_10_IRQHandler
                0x00000000080011b0                ADC_IRQHandler
                0x00000000080011b0                DMA1_Stream7_IRQHandler
                0x00000000080011b0                SPI5_IRQHandler
                0x00000000080011b0                TIM5_IRQHandler
                0x00000000080011b0                DMA2_Stream7_IRQHandler
                0x00000000080011b0                I2C3_EV_IRQHandler
                0x00000000080011b0                EXTI9_5_IRQHandler
                0x00000000080011b0                RTC_WKUP_IRQHandler
                0x00000000080011b0                SPI2_IRQHandler
                0x00000000080011b0                DMA1_Stream0_IRQHandler
                0x00000000080011b0                EXTI4_IRQHandler
                0x00000000080011b0                WWDG_IRQHandler
                0x00000000080011b0                TIM2_IRQHandler
                0x00000000080011b0                OTG_FS_WKUP_IRQHandler
                0x00000000080011b0                EXTI1_IRQHandler
                0x00000000080011b0                I2C2_ER_IRQHandler
                0x00000000080011b0                DMA2_Stream1_IRQHandler
                0x00000000080011b0                FLASH_IRQHandler
                0x00000000080011b0                DMA2_Stream4_IRQHandler
                0x00000000080011b0                USART1_IRQHandler
                0x00000000080011b0                OTG_FS_IRQHandler
                0x00000000080011b0                SPI3_IRQHandler
                0x00000000080011b0                DMA1_Stream4_IRQHandler
                0x00000000080011b0                I2C1_ER_IRQHandler
                0x00000000080011b0                DMA2_Stream6_IRQHandler
                0x00000000080011b0                DMA1_Stream3_IRQHandler
 *fill*         0x00000000080011b6        0x2 
 .text._sbrk_r  0x00000000080011b8       0x30 build/syscall.o
                0x00000000080011b8                _sbrk_r
 .text._close_r
                0x00000000080011e8        0x4 build/syscall.o
                0x00000000080011e8                _close_r
 .text._fstat_r
                0x00000000080011ec        0xa build/syscall.o
                0x00000000080011ec                _fstat_r
 .text._isatty_r
                0x00000000080011f6        0x4 build/syscall.o
                0x00000000080011f6                _isatty_r
 .text._lseek_r
                0x00000000080011fa        0x4 build/syscall.o
                0x00000000080011fa                _lseek_r
 .text._read_r  0x00000000080011fe        0xa build/syscall.o
                0x00000000080011fe                _read_r
 .text._write_r
                0x0000000008001208       0x40 build/syscall.o
                0x0000000008001208                _write_r
 .text._kill    0x0000000008001248        0x6 build/syscall.o
                0x0000000008001248                _kill
 .text._exit    0x000000000800124e        0x2 build/syscall.o
                0x000000000800124e                _exit
 .text._getpid  0x0000000008001250        0x4 build/syscall.o
                0x0000000008001250                _getpid
 .text.CmdW     0x0000000008001254       0x1e build/monitor/monitor.o
                0x0000000008001254                CmdW
 *fill*         0x0000000008001272        0x2 
 .text.CmdR     0x0000000008001274       0x70 build/monitor/monitor.o
                0x0000000008001274                CmdR
 .text.parse    0x00000000080012e4      0x110 build/monitor/parser.o
                0x00000000080012e4                parse
 .text.TaskInput
                0x00000000080013f4      0x138 build/monitor/parser.o
                0x00000000080013f4                TaskInput
 .text.fetch_uint32_arg
                0x000000000800152c       0x3c build/monitor/parser.o
                0x000000000800152c                fetch_uint32_arg
 .text.fetch_string_arg
                0x0000000008001568       0x30 build/monitor/parser.o
                0x0000000008001568                fetch_string_arg
 .text.fetch_cmd_args
                0x0000000008001598       0x10 build/monitor/parser.o
                0x0000000008001598                fetch_cmd_args
 .text.DumpBuffer
                0x00000000080015a8       0xb0 build/monitor/dump.o
                0x00000000080015a8                DumpBuffer
 .text.CmdDump  0x0000000008001658       0x54 build/monitor/dump.o
                0x0000000008001658                CmdDump
 .text.CmdStats
                0x00000000080016ac       0x68 build/monitor/terminal.o
                0x00000000080016ac                CmdStats
 .text.CmdTransparent
                0x0000000008001714       0x44 build/monitor/terminal.o
                0x0000000008001714                CmdTransparent
 .text.TerminalInit
                0x0000000008001758       0x4c build/monitor/terminal.o
                0x0000000008001758                TerminalInit
 .text.TerminalRead
                0x00000000080017a4       0x4c build/monitor/terminal.o
                0x00000000080017a4                TerminalRead
 .text.CmdReceive
                0x00000000080017f0       0x60 build/monitor/terminal.o
                0x00000000080017f0                CmdReceive
 .text.TerminalOutputBufferWrite
                0x0000000008001850       0xc8 build/monitor/terminal.o
                0x0000000008001850                TerminalOutputBufferWrite
 .text.CmdSend  0x0000000008001918       0x78 build/monitor/terminal.o
                0x0000000008001918                CmdSend
 .text.TerminalWritePolled
                0x0000000008001990       0x28 build/monitor/terminal.o
                0x0000000008001990                TerminalWritePolled
 .text.PolledPrintf
                0x00000000080019b8       0x2a build/monitor/terminal.o
                0x00000000080019b8                PolledPrintf
 *fill*         0x00000000080019e2        0x2 
 .text.TerminalInputBufferWrite
                0x00000000080019e4       0x64 build/monitor/terminal.o
                0x00000000080019e4                TerminalInputBufferWrite
 .text.TerminalISR
                0x0000000008001a48       0xe0 build/monitor/terminal.o
                0x0000000008001a48                TerminalISR
 .text.USART2_IRQHandler
                0x0000000008001b28        0x6 build/monitor/terminal.o
                0x0000000008001b28                USART2_IRQHandler
 *fill*         0x0000000008001b2e        0x2 
 .text.WDTCheckReset
                0x0000000008001b30       0x88 build/monitor/wdog.o
                0x0000000008001b30                WDTCheckReset
 .text.WDTFeed  0x0000000008001bb8        0xc build/monitor/wdog.o
                0x0000000008001bb8                WDTFeed
 .text.CmdTasks
                0x0000000008001bc4       0x44 build/monitor/tasking.o
                0x0000000008001bc4                CmdTasks
 .text.TaskingInit
                0x0000000008001c08       0x2c build/monitor/tasking.o
                0x0000000008001c08                TaskingInit
 .text.TaskingTickHandler
                0x0000000008001c34       0x10 build/monitor/tasking.o
                0x0000000008001c34                TaskingTickHandler
 .text.TaskingRun
                0x0000000008001c44       0x68 build/monitor/tasking.o
                0x0000000008001c44                TaskingRun
 .text.Default_IRQHandler
                0x0000000008001cac       0x58 build/monitor/default.o
                0x0000000008001cac                Default_IRQHandler
 .text.Uncompress
                0x0000000008001d04       0x7c build/monitor/decoder/decoder.o
 .text.DecodeReadRegister
                0x0000000008001d80       0x54 build/monitor/decoder/decoder.o
                0x0000000008001d80                DecodeReadRegister
 .text.DecodeWriteRegister
                0x0000000008001dd4       0x54 build/monitor/decoder/decoder.o
                0x0000000008001dd4                DecodeWriteRegister
 .text.DecodeField
                0x0000000008001e28       0x50 build/monitor/decoder/decoder.o
                0x0000000008001e28                DecodeField
 .text.DecodeRegister
                0x0000000008001e78       0x60 build/monitor/decoder/decoder.o
                0x0000000008001e78                DecodeRegister
 .text.DecodePeripheral
                0x0000000008001ed8       0x54 build/monitor/decoder/decoder.o
                0x0000000008001ed8                DecodePeripheral
 .text.DecodePrintPeripherals
                0x0000000008001f2c       0x54 build/monitor/decoder/decoder.o
                0x0000000008001f2c                DecodePrintPeripherals
 .text.DecodePrintRegisters
                0x0000000008001f80       0x64 build/monitor/decoder/decoder.o
                0x0000000008001f80                DecodePrintRegisters
 .text.CmdDecode
                0x0000000008001fe4      0x28c build/monitor/decoder/decoder.o
                0x0000000008001fe4                CmdDecode
 .text.SystemClock_Config
                0x0000000008002270       0x9c build/cubemx_stm32f411/Core/Src/main.o
                0x0000000008002270                SystemClock_Config
 .text.startup.main
                0x000000000800230c      0x108 build/cubemx_stm32f411/Core/Src/main.o
                0x000000000800230c                main
 .text.NMI_Handler
                0x0000000008002414        0x2 build/cubemx_stm32f411/Core/Src/stm32f4xx_it.o
                0x0000000008002414                NMI_Handler
 .text.HardFault_Handler
                0x0000000008002416        0x2 build/cubemx_stm32f411/Core/Src/stm32f4xx_it.o
                0x0000000008002416                HardFault_Handler
 .text.MemManage_Handler
                0x0000000008002418        0x2 build/cubemx_stm32f411/Core/Src/stm32f4xx_it.o
                0x0000000008002418                MemManage_Handler
 .text.BusFault_Handler
                0x000000000800241a        0x2 build/cubemx_stm32f411/Core/Src/stm32f4xx_it.o
                0x000000000800241a                BusFault_Handler
 .text.UsageFault_Handler
                0x000000000800241c        0x2 build/cubemx_stm32f411/Core/Src/stm32f4xx_it.o
                0x000000000800241c                UsageFault_Handler
 .text.SVC_Handler
                0x000000000800241e        0x2 build/cubemx_stm32f411/Core/Src/stm32f4xx_it.o
                0x000000000800241e                SVC_Handler
 .text.DebugMon_Handler
                0x0000000008002420        0x2 build/cubemx_stm32f411/Core/Src/stm32f4xx_it.o
                0x0000000008002420                DebugMon_Handler
 .text.PendSV_Handler
                0x0000000008002422        0x2 build/cubemx_stm32f411/Core/Src/stm32f4xx_it.o
                0x0000000008002422                PendSV_Handler
 .text.SysTick_Handler
                0x0000000008002424       0x12 build/cubemx_stm32f411/Core/Src/stm32f4xx_it.o
                0x0000000008002424                SysTick_Handler
 *fill*         0x0000000008002436        0x2 
 .text.HAL_MspInit
                0x0000000008002438       0x3c build/cubemx_stm32f411/Core/Src/stm32f4xx_hal_msp.o
                0x0000000008002438                HAL_MspInit
 .text.HAL_TIM_Base_MspInit
                0x0000000008002474       0x30 build/cubemx_stm32f411/Core/Src/stm32f4xx_hal_msp.o
                0x0000000008002474                HAL_TIM_Base_MspInit
 .text.HAL_UART_MspInit
                0x00000000080024a4       0x7c build/cubemx_stm32f411/Core/Src/stm32f4xx_hal_msp.o
                0x00000000080024a4                HAL_UART_MspInit
 .text.SystemInit
                0x0000000008002520       0x14 build/cubemx_stm32f411/Core/Src/system_stm32f4xx.o
                0x0000000008002520                SystemInit
 .text.HAL_RCC_OscConfig
                0x0000000008002534      0x360 build/cubemx_stm32f411/Drivers/STM32F4xx_HAL_Driver/Src/stm32f4xx_hal_rcc.o
                0x0000000008002534                HAL_RCC_OscConfig
 .text.HAL_RCC_GetSysClockFreq
                0x0000000008002894       0x5c build/cubemx_stm32f411/Drivers/STM32F4xx_HAL_Driver/Src/stm32f4xx_hal_rcc.o
                0x0000000008002894                HAL_RCC_GetSysClockFreq
 .text.HAL_RCC_ClockConfig
                0x00000000080028f0      0x138 build/cubemx_stm32f411/Drivers/STM32F4xx_HAL_Driver/Src/stm32f4xx_hal_rcc.o
                0x00000000080028f0                HAL_RCC_ClockConfig
 .text.HAL_RCC_GetPCLK1Freq
                0x0000000008002a28       0x20 build/cubemx_stm32f411/Drivers/STM32F4xx_HAL_Driver/Src/stm32f4xx_hal_rcc.o
                0x0000000008002a28                HAL_RCC_GetPCLK1Freq
 .text.HAL_RCC_GetPCLK2Freq
                0x0000000008002a48       0x20 build/cubemx_stm32f411/Drivers/STM32F4xx_HAL_Driver/Src/stm32f4xx_hal_rcc.o
                0x0000000008002a48                HAL_RCC_GetPCLK2Freq
 .text.HAL_InitTick
                0x0000000008002a68       0x48 build/cubemx_stm32f411/Drivers/STM32F4xx_HAL_Driver/Src/stm32f4xx_hal.o
                0x0000000008002a68                HAL_InitTick
 .text.HAL_Init
                0x0000000008002ab0       0x34 build/cubemx_stm32f411/Drivers/STM32F4xx_HAL_Driver/Src/stm32f4xx_hal.o
                0x0000000008002ab0                HAL_Init
 .text.HAL_IncTick
                0x0000000008002ae4       0x18 build/cubemx_stm32f411/Drivers/STM32F4xx_HAL_Driver/Src/stm32f4xx_hal.o
                0x0000000008002ae4                HAL_IncTick
 .text.HAL_GetTick
                0x0000000008002afc        0xc build/cubemx_stm32f411/Drivers/STM32F4xx_HAL_Driver/Src/stm32f4xx_hal.o
                0x0000000008002afc                HAL_GetTick
 .text.HAL_NVIC_SetPriorityGrouping
                0x0000000008002b08       0x24 build/cubemx_stm32f411/Drivers/STM32F4xx_HAL_Driver/Src/stm32f4xx_hal_cortex.o
                0x0000000008002b08                HAL_NVIC_SetPriorityGrouping
 .text.HAL_NVIC_SetPriority
                0x0000000008002b2c       0x64 build/cubemx_stm32f411/Drivers/STM32F4xx_HAL_Driver/Src/stm32f4xx_hal_cortex.o
                0x0000000008002b2c                HAL_NVIC_SetPriority
 .text.HAL_NVIC_EnableIRQ
                0x0000000008002b90       0x1c build/cubemx_stm32f411/Drivers/STM32F4xx_HAL_Driver/Src/stm32f4xx_hal_cortex.o
                0x0000000008002b90                HAL_NVIC_EnableIRQ
 .text.HAL_SYSTICK_Config
                0x0000000008002bac       0x28 build/cubemx_stm32f411/Drivers/STM32F4xx_HAL_Driver/Src/stm32f4xx_hal_cortex.o
                0x0000000008002bac                HAL_SYSTICK_Config
 .text.UART_SetConfig
                0x0000000008002bd4       0xbc build/cubemx_stm32f411/Drivers/STM32F4xx_HAL_Driver/Src/stm32f4xx_hal_uart.o
 .text.HAL_UART_Init
                0x0000000008002c90       0x5c build/cubemx_stm32f411/Drivers/STM32F4xx_HAL_Driver/Src/stm32f4xx_hal_uart.o
                0x0000000008002c90                HAL_UART_Init
 .text.HAL_GPIO_Init
                0x0000000008002cec      0x190 build/cubemx_stm32f411/Drivers/STM32F4xx_HAL_Driver/Src/stm32f4xx_hal_gpio.o
                0x0000000008002cec                HAL_GPIO_Init
 .text.HAL_GPIO_WritePin
                0x0000000008002e7c        0xa build/cubemx_stm32f411/Drivers/STM32F4xx_HAL_Driver/Src/stm32f4xx_hal_gpio.o
                0x0000000008002e7c                HAL_GPIO_WritePin
 .text.HAL_GPIO_TogglePin
                0x0000000008002e86       0x12 build/cubemx_stm32f411/Drivers/STM32F4xx_HAL_Driver/Src/stm32f4xx_hal_gpio.o
                0x0000000008002e86                HAL_GPIO_TogglePin
 .text.HAL_IWDG_Init
                0x0000000008002e98       0x50 build/cubemx_stm32f411/Drivers/STM32F4xx_HAL_Driver/Src/stm32f4xx_hal_iwdg.o
                0x0000000008002e98                HAL_IWDG_Init
 .text.HAL_IWDG_Refresh
                0x0000000008002ee8        0xc build/cubemx_stm32f411/Drivers/STM32F4xx_HAL_Driver/Src/stm32f4xx_hal_iwdg.o
                0x0000000008002ee8                HAL_IWDG_Refresh
 .text.HAL_TIM_Base_Start_IT
                0x0000000008002ef4       0x64 build/cubemx_stm32f411/Drivers/STM32F4xx_HAL_Driver/Src/stm32f4xx_hal_tim.o
                0x0000000008002ef4                HAL_TIM_Base_Start_IT
 .text.HAL_TIM_OC_DelayElapsedCallback
                0x0000000008002f58        0x2 build/cubemx_stm32f411/Drivers/STM32F4xx_HAL_Driver/Src/stm32f4xx_hal_tim.o
                0x0000000008002f58                HAL_TIM_OC_DelayElapsedCallback
 .text.HAL_TIM_IC_CaptureCallback
                0x0000000008002f5a        0x2 build/cubemx_stm32f411/Drivers/STM32F4xx_HAL_Driver/Src/stm32f4xx_hal_tim.o
                0x0000000008002f5a                HAL_TIM_IC_CaptureCallback
 .text.HAL_TIM_PWM_PulseFinishedCallback
                0x0000000008002f5c        0x2 build/cubemx_stm32f411/Drivers/STM32F4xx_HAL_Driver/Src/stm32f4xx_hal_tim.o
                0x0000000008002f5c                HAL_TIM_PWM_PulseFinishedCallback
 .text.HAL_TIM_TriggerCallback
                0x0000000008002f5e        0x2 build/cubemx_stm32f411/Drivers/STM32F4xx_HAL_Driver/Src/stm32f4xx_hal_tim.o
                0x0000000008002f5e                HAL_TIM_TriggerCallback
 .text.HAL_TIM_IRQHandler
                0x0000000008002f60      0x144 build/cubemx_stm32f411/Drivers/STM32F4xx_HAL_Driver/Src/stm32f4xx_hal_tim.o
                0x0000000008002f60                HAL_TIM_IRQHandler
 .text.TIM_Base_SetConfig
                0x00000000080030a4       0x9c build/cubemx_stm32f411/Drivers/STM32F4xx_HAL_Driver/Src/stm32f4xx_hal_tim.o
                0x00000000080030a4                TIM_Base_SetConfig
 .text.HAL_TIM_Base_Init
                0x0000000008003140       0x58 build/cubemx_stm32f411/Drivers/STM32F4xx_HAL_Driver/Src/stm32f4xx_hal_tim.o
                0x0000000008003140                HAL_TIM_Base_Init
 .text.HAL_TIMEx_CommutCallback
                0x0000000008003198        0x2 build/cubemx_stm32f411/Drivers/STM32F4xx_HAL_Driver/Src/stm32f4xx_hal_tim_ex.o
                0x0000000008003198                HAL_TIMEx_CommutCallback
 .text.HAL_TIMEx_BreakCallback
                0x000000000800319a        0x2 build/cubemx_stm32f411/Drivers/STM32F4xx_HAL_Driver/Src/stm32f4xx_hal_tim_ex.o
                0x000000000800319a                HAL_TIMEx_BreakCallback
 .text.VersionPrint
                0x000000000800319c       0x18 build/version.o
                0x000000000800319c                VersionPrint
 .text.CmdVersion
                0x00000000080031b4        0xc build/version.o
                0x00000000080031b4                CmdVersion
 .text.__errno  0x00000000080031c0        0xc /usr/local/bin/../lib/gcc/arm-none-eabi/10.2.1/../../../../arm-none-eabi/lib/thumb/v7e-m+fp/hard/libg_nano.a(lib_a-errno.o)
                0x00000000080031c0                __errno
 .text.__libc_init_array
                0x00000000080031cc       0x48 /usr/local/bin/../lib/gcc/arm-none-eabi/10.2.1/../../../../arm-none-eabi/lib/thumb/v7e-m+fp/hard/libg_nano.a(lib_a-init.o)
                0x00000000080031cc                __libc_init_array
 .text.memset   0x0000000008003214       0x10 /usr/local/bin/../lib/gcc/arm-none-eabi/10.2.1/../../../../arm-none-eabi/lib/thumb/v7e-m+fp/hard/libg_nano.a(lib_a-memset.o)
                0x0000000008003214                memset
 .text.__cvt    0x0000000008003224       0xc4 /usr/local/bin/../lib/gcc/arm-none-eabi/10.2.1/../../../../arm-none-eabi/lib/thumb/v7e-m+fp/hard/libg_nano.a(lib_a-nano-vfprintf_float.o)
                0x0000000008003224                __cvt
 .text.__exponent
                0x00000000080032e8       0x7c /usr/local/bin/../lib/gcc/arm-none-eabi/10.2.1/../../../../arm-none-eabi/lib/thumb/v7e-m+fp/hard/libg_nano.a(lib_a-nano-vfprintf_float.o)
                0x00000000080032e8                __exponent
 .text._printf_float
                0x0000000008003364      0x46c /usr/local/bin/../lib/gcc/arm-none-eabi/10.2.1/../../../../arm-none-eabi/lib/thumb/v7e-m+fp/hard/libg_nano.a(lib_a-nano-vfprintf_float.o)
                0x0000000008003364                _printf_float
 .text._printf_common
                0x00000000080037d0       0xda /usr/local/bin/../lib/gcc/arm-none-eabi/10.2.1/../../../../arm-none-eabi/lib/thumb/v7e-m+fp/hard/libg_nano.a(lib_a-nano-vfprintf_i.o)
                0x00000000080037d0                _printf_common
 *fill*         0x00000000080038aa        0x2 
 .text._printf_i
                0x00000000080038ac      0x24c /usr/local/bin/../lib/gcc/arm-none-eabi/10.2.1/../../../../arm-none-eabi/lib/thumb/v7e-m+fp/hard/libg_nano.a(lib_a-nano-vfprintf_i.o)
                0x00000000080038ac                _printf_i
 .text.printf   0x0000000008003af8       0x30 /usr/local/bin/../lib/gcc/arm-none-eabi/10.2.1/../../../../arm-none-eabi/lib/thumb/v7e-m+fp/hard/libg_nano.a(lib_a-printf.o)
                0x0000000008003af8                printf
                0x0000000008003af8                iprintf
 .text.putchar  0x0000000008003b28       0x2c /usr/local/bin/../lib/gcc/arm-none-eabi/10.2.1/../../../../arm-none-eabi/lib/thumb/v7e-m+fp/hard/libg_nano.a(lib_a-putchar.o)
                0x0000000008003b28                putchar
 .text._puts_r  0x0000000008003b54       0xdc /usr/local/bin/../lib/gcc/arm-none-eabi/10.2.1/../../../../arm-none-eabi/lib/thumb/v7e-m+fp/hard/libg_nano.a(lib_a-puts.o)
                0x0000000008003b54                _puts_r
 .text.puts     0x0000000008003c30       0x10 /usr/local/bin/../lib/gcc/arm-none-eabi/10.2.1/../../../../arm-none-eabi/lib/thumb/v7e-m+fp/hard/libg_nano.a(lib_a-puts.o)
                0x0000000008003c30                puts
 .text.setvbuf  0x0000000008003c40      0x18c /usr/local/bin/../lib/gcc/arm-none-eabi/10.2.1/../../../../arm-none-eabi/lib/thumb/v7e-m+fp/hard/libg_nano.a(lib_a-setvbuf.o)
                0x0000000008003c40                setvbuf
 .text.strcasecmp
                0x0000000008003dcc       0x34 /usr/local/bin/../lib/gcc/arm-none-eabi/10.2.1/../../../../arm-none-eabi/lib/thumb/v7e-m+fp/hard/libg_nano.a(lib_a-strcasecmp.o)
                0x0000000008003dcc                strcasecmp
 .text.strcpy   0x0000000008003e00       0x10 /usr/local/bin/../lib/gcc/arm-none-eabi/10.2.1/../../../../arm-none-eabi/lib/thumb/v7e-m+fp/hard/libg_nano.a(lib_a-strcpy.o)
                0x0000000008003e00                strcpy
 .text.strtok   0x0000000008003e10       0x68 /usr/local/bin/../lib/gcc/arm-none-eabi/10.2.1/../../../../arm-none-eabi/lib/thumb/v7e-m+fp/hard/libg_nano.a(lib_a-strtok.o)
                0x0000000008003e10                strtok
 .text.__strtok_r
                0x0000000008003e78       0x50 /usr/local/bin/../lib/gcc/arm-none-eabi/10.2.1/../../../../arm-none-eabi/lib/thumb/v7e-m+fp/hard/libg_nano.a(lib_a-strtok_r.o)
                0x0000000008003e78                __strtok_r
 .text._strtoul_l.constprop.0
                0x0000000008003ec8       0xe4 /usr/local/bin/../lib/gcc/arm-none-eabi/10.2.1/../../../../arm-none-eabi/lib/thumb/v7e-m+fp/hard/libg_nano.a(lib_a-strtoul.o)
 .text.strtoul  0x0000000008003fac       0x14 /usr/local/bin/../lib/gcc/arm-none-eabi/10.2.1/../../../../arm-none-eabi/lib/thumb/v7e-m+fp/hard/libg_nano.a(lib_a-strtoul.o)
                0x0000000008003fac                strtoul
 .text._vsnprintf_r
                0x0000000008003fc0       0x56 /usr/local/bin/../lib/gcc/arm-none-eabi/10.2.1/../../../../arm-none-eabi/lib/thumb/v7e-m+fp/hard/libg_nano.a(lib_a-vsnprintf.o)
                0x0000000008003fc0                _vsnprintf_r
                0x0000000008003fc0                _vsniprintf_r
 *fill*         0x0000000008004016        0x2 
 .text.vsnprintf
                0x0000000008004018       0x1c /usr/local/bin/../lib/gcc/arm-none-eabi/10.2.1/../../../../arm-none-eabi/lib/thumb/v7e-m+fp/hard/libg_nano.a(lib_a-vsnprintf.o)
                0x0000000008004018                vsnprintf
                0x0000000008004018                vsniprintf
 .text.__swbuf_r
                0x0000000008004034       0xa4 /usr/local/bin/../lib/gcc/arm-none-eabi/10.2.1/../../../../arm-none-eabi/lib/thumb/v7e-m+fp/hard/libg_nano.a(lib_a-wbuf.o)
                0x0000000008004034                __swbuf_r
 .text.__swsetup_r
                0x00000000080040d8       0xdc /usr/local/bin/../lib/gcc/arm-none-eabi/10.2.1/../../../../arm-none-eabi/lib/thumb/v7e-m+fp/hard/libg_nano.a(lib_a-wsetup.o)
                0x00000000080040d8                __swsetup_r
 .text.__assert_func
                0x00000000080041b4       0x3c /usr/local/bin/../lib/gcc/arm-none-eabi/10.2.1/../../../../arm-none-eabi/lib/thumb/v7e-m+fp/hard/libg_nano.a(lib_a-assert.o)
                0x00000000080041b4                __assert_func
 .text.quorem   0x00000000080041f0      0x116 /usr/local/bin/../lib/gcc/arm-none-eabi/10.2.1/../../../../arm-none-eabi/lib/thumb/v7e-m+fp/hard/libg_nano.a(lib_a-dtoa.o)
 *fill*         0x0000000008004306        0x2 
 .text._dtoa_r  0x0000000008004308      0xbdc /usr/local/bin/../lib/gcc/arm-none-eabi/10.2.1/../../../../arm-none-eabi/lib/thumb/v7e-m+fp/hard/libg_nano.a(lib_a-dtoa.o)
                0x0000000008004308                _dtoa_r
 .text.__sflush_r
                0x0000000008004ee4      0x10c /usr/local/bin/../lib/gcc/arm-none-eabi/10.2.1/../../../../arm-none-eabi/lib/thumb/v7e-m+fp/hard/libg_nano.a(lib_a-fflush.o)
                0x0000000008004ee4                __sflush_r
 .text._fflush_r
                0x0000000008004ff0       0x78 /usr/local/bin/../lib/gcc/arm-none-eabi/10.2.1/../../../../arm-none-eabi/lib/thumb/v7e-m+fp/hard/libg_nano.a(lib_a-fflush.o)
                0x0000000008004ff0                _fflush_r
 .text.std      0x0000000008005068       0x48 /usr/local/bin/../lib/gcc/arm-none-eabi/10.2.1/../../../../arm-none-eabi/lib/thumb/v7e-m+fp/hard/libg_nano.a(lib_a-findfp.o)
 .text._cleanup_r
                0x00000000080050b0        0xc /usr/local/bin/../lib/gcc/arm-none-eabi/10.2.1/../../../../arm-none-eabi/lib/thumb/v7e-m+fp/hard/libg_nano.a(lib_a-findfp.o)
                0x00000000080050b0                _cleanup_r
 .text.__sfmoreglue
                0x00000000080050bc       0x2c /usr/local/bin/../lib/gcc/arm-none-eabi/10.2.1/../../../../arm-none-eabi/lib/thumb/v7e-m+fp/hard/libg_nano.a(lib_a-findfp.o)
                0x00000000080050bc                __sfmoreglue
 .text.__sfp_lock_acquire
                0x00000000080050e8        0xc /usr/local/bin/../lib/gcc/arm-none-eabi/10.2.1/../../../../arm-none-eabi/lib/thumb/v7e-m+fp/hard/libg_nano.a(lib_a-findfp.o)
                0x00000000080050e8                __sfp_lock_acquire
 .text.__sfp_lock_release
                0x00000000080050f4        0xc /usr/local/bin/../lib/gcc/arm-none-eabi/10.2.1/../../../../arm-none-eabi/lib/thumb/v7e-m+fp/hard/libg_nano.a(lib_a-findfp.o)
                0x00000000080050f4                __sfp_lock_release
 .text.__sinit_lock_acquire
                0x0000000008005100        0xc /usr/local/bin/../lib/gcc/arm-none-eabi/10.2.1/../../../../arm-none-eabi/lib/thumb/v7e-m+fp/hard/libg_nano.a(lib_a-findfp.o)
                0x0000000008005100                __sinit_lock_acquire
 .text.__sinit_lock_release
                0x000000000800510c        0xc /usr/local/bin/../lib/gcc/arm-none-eabi/10.2.1/../../../../arm-none-eabi/lib/thumb/v7e-m+fp/hard/libg_nano.a(lib_a-findfp.o)
                0x000000000800510c                __sinit_lock_release
 .text.__sinit  0x0000000008005118       0x70 /usr/local/bin/../lib/gcc/arm-none-eabi/10.2.1/../../../../arm-none-eabi/lib/thumb/v7e-m+fp/hard/libg_nano.a(lib_a-findfp.o)
                0x0000000008005118                __sinit
 .text.__sfp    0x0000000008005188       0x8c /usr/local/bin/../lib/gcc/arm-none-eabi/10.2.1/../../../../arm-none-eabi/lib/thumb/v7e-m+fp/hard/libg_nano.a(lib_a-findfp.o)
                0x0000000008005188                __sfp
 .text.fprintf  0x0000000008005214       0x24 /usr/local/bin/../lib/gcc/arm-none-eabi/10.2.1/../../../../arm-none-eabi/lib/thumb/v7e-m+fp/hard/libg_nano.a(lib_a-fprintf.o)
                0x0000000008005214                fprintf
                0x0000000008005214                fiprintf
 .text._fwalk_reent
                0x0000000008005238       0x3e /usr/local/bin/../lib/gcc/arm-none-eabi/10.2.1/../../../../arm-none-eabi/lib/thumb/v7e-m+fp/hard/libg_nano.a(lib_a-fwalk.o)
                0x0000000008005238                _fwalk_reent
 *fill*         0x0000000008005276        0x2 
 .text._localeconv_r
                0x0000000008005278        0x8 /usr/local/bin/../lib/gcc/arm-none-eabi/10.2.1/../../../../arm-none-eabi/lib/thumb/v7e-m+fp/hard/libg_nano.a(lib_a-localeconv.o)
                0x0000000008005278                _localeconv_r
 .text.__retarget_lock_init_recursive
                0x0000000008005280        0x2 /usr/local/bin/../lib/gcc/arm-none-eabi/10.2.1/../../../../arm-none-eabi/lib/thumb/v7e-m+fp/hard/libg_nano.a(lib_a-lock.o)
                0x0000000008005280                __retarget_lock_init_recursive
 .text.__retarget_lock_acquire_recursive
                0x0000000008005282        0x2 /usr/local/bin/../lib/gcc/arm-none-eabi/10.2.1/../../../../arm-none-eabi/lib/thumb/v7e-m+fp/hard/libg_nano.a(lib_a-lock.o)
                0x0000000008005282                __retarget_lock_acquire_recursive
 .text.__retarget_lock_release_recursive
                0x0000000008005284        0x2 /usr/local/bin/../lib/gcc/arm-none-eabi/10.2.1/../../../../arm-none-eabi/lib/thumb/v7e-m+fp/hard/libg_nano.a(lib_a-lock.o)
                0x0000000008005284                __retarget_lock_release_recursive
 .text.__swhatbuf_r
                0x0000000008005286       0x4a /usr/local/bin/../lib/gcc/arm-none-eabi/10.2.1/../../../../arm-none-eabi/lib/thumb/v7e-m+fp/hard/libg_nano.a(lib_a-makebuf.o)
                0x0000000008005286                __swhatbuf_r
 .text.__smakebuf_r
                0x00000000080052d0       0x80 /usr/local/bin/../lib/gcc/arm-none-eabi/10.2.1/../../../../arm-none-eabi/lib/thumb/v7e-m+fp/hard/libg_nano.a(lib_a-makebuf.o)
                0x00000000080052d0                __smakebuf_r
 .text.malloc   0x0000000008005350       0x10 /usr/local/bin/../lib/gcc/arm-none-eabi/10.2.1/../../../../arm-none-eabi/lib/thumb/v7e-m+fp/hard/libg_nano.a(lib_a-malloc.o)
                0x0000000008005350                malloc
 .text.__ascii_mbtowc
                0x0000000008005360       0x24 /usr/local/bin/../lib/gcc/arm-none-eabi/10.2.1/../../../../arm-none-eabi/lib/thumb/v7e-m+fp/hard/libg_nano.a(lib_a-mbtowc_r.o)
                0x0000000008005360                __ascii_mbtowc
 .text.memcpy   0x0000000008005384       0x1c /usr/local/bin/../lib/gcc/arm-none-eabi/10.2.1/../../../../arm-none-eabi/lib/thumb/v7e-m+fp/hard/libg_nano.a(lib_a-memcpy-stub.o)
                0x0000000008005384                memcpy
 .text._Balloc  0x00000000080053a0       0x80 /usr/local/bin/../lib/gcc/arm-none-eabi/10.2.1/../../../../arm-none-eabi/lib/thumb/v7e-m+fp/hard/libg_nano.a(lib_a-mprec.o)
                0x00000000080053a0                _Balloc
 .text._Bfree   0x0000000008005420       0x44 /usr/local/bin/../lib/gcc/arm-none-eabi/10.2.1/../../../../arm-none-eabi/lib/thumb/v7e-m+fp/hard/libg_nano.a(lib_a-mprec.o)
                0x0000000008005420                _Bfree
 .text.__multadd
                0x0000000008005464       0x8c /usr/local/bin/../lib/gcc/arm-none-eabi/10.2.1/../../../../arm-none-eabi/lib/thumb/v7e-m+fp/hard/libg_nano.a(lib_a-mprec.o)
                0x0000000008005464                __multadd
 .text.__hi0bits
                0x00000000080054f0       0x40 /usr/local/bin/../lib/gcc/arm-none-eabi/10.2.1/../../../../arm-none-eabi/lib/thumb/v7e-m+fp/hard/libg_nano.a(lib_a-mprec.o)
                0x00000000080054f0                __hi0bits
 .text.__lo0bits
                0x0000000008005530       0x5e /usr/local/bin/../lib/gcc/arm-none-eabi/10.2.1/../../../../arm-none-eabi/lib/thumb/v7e-m+fp/hard/libg_nano.a(lib_a-mprec.o)
                0x0000000008005530                __lo0bits
 *fill*         0x000000000800558e        0x2 
 .text.__i2b    0x0000000008005590       0x2c /usr/local/bin/../lib/gcc/arm-none-eabi/10.2.1/../../../../arm-none-eabi/lib/thumb/v7e-m+fp/hard/libg_nano.a(lib_a-mprec.o)
                0x0000000008005590                __i2b
 .text.__multiply
                0x00000000080055bc      0x154 /usr/local/bin/../lib/gcc/arm-none-eabi/10.2.1/../../../../arm-none-eabi/lib/thumb/v7e-m+fp/hard/libg_nano.a(lib_a-mprec.o)
                0x00000000080055bc                __multiply
 .text.__pow5mult
                0x0000000008005710       0xb4 /usr/local/bin/../lib/gcc/arm-none-eabi/10.2.1/../../../../arm-none-eabi/lib/thumb/v7e-m+fp/hard/libg_nano.a(lib_a-mprec.o)
                0x0000000008005710                __pow5mult
 .text.__lshift
                0x00000000080057c4       0xe0 /usr/local/bin/../lib/gcc/arm-none-eabi/10.2.1/../../../../arm-none-eabi/lib/thumb/v7e-m+fp/hard/libg_nano.a(lib_a-mprec.o)
                0x00000000080057c4                __lshift
 .text.__mcmp   0x00000000080058a4       0x38 /usr/local/bin/../lib/gcc/arm-none-eabi/10.2.1/../../../../arm-none-eabi/lib/thumb/v7e-m+fp/hard/libg_nano.a(lib_a-mprec.o)
                0x00000000080058a4                __mcmp
 .text.__mdiff  0x00000000080058dc      0x114 /usr/local/bin/../lib/gcc/arm-none-eabi/10.2.1/../../../../arm-none-eabi/lib/thumb/v7e-m+fp/hard/libg_nano.a(lib_a-mprec.o)
                0x00000000080058dc                __mdiff
 .text.__d2b    0x00000000080059f0       0xb8 /usr/local/bin/../lib/gcc/arm-none-eabi/10.2.1/../../../../arm-none-eabi/lib/thumb/v7e-m+fp/hard/libg_nano.a(lib_a-mprec.o)
                0x00000000080059f0                __d2b
 .text._calloc_r
                0x0000000008005aa8       0x1e /usr/local/bin/../lib/gcc/arm-none-eabi/10.2.1/../../../../arm-none-eabi/lib/thumb/v7e-m+fp/hard/libg_nano.a(lib_a-nano-callocr.o)
                0x0000000008005aa8                _calloc_r
 *fill*         0x0000000008005ac6        0x2 
 .text._free_r  0x0000000008005ac8       0x98 /usr/local/bin/../lib/gcc/arm-none-eabi/10.2.1/../../../../arm-none-eabi/lib/thumb/v7e-m+fp/hard/libg_nano.a(lib_a-nano-freer.o)
                0x0000000008005ac8                _free_r
 .text._malloc_r
                0x0000000008005b60       0xb4 /usr/local/bin/../lib/gcc/arm-none-eabi/10.2.1/../../../../arm-none-eabi/lib/thumb/v7e-m+fp/hard/libg_nano.a(lib_a-nano-mallocr.o)
                0x0000000008005b60                _malloc_r
 .text.__ssputs_r
                0x0000000008005c14       0xb6 /usr/local/bin/../lib/gcc/arm-none-eabi/10.2.1/../../../../arm-none-eabi/lib/thumb/v7e-m+fp/hard/libg_nano.a(lib_a-nano-svfprintf.o)
                0x0000000008005c14                __ssputs_r
 *fill*         0x0000000008005cca        0x2 
 .text._svfprintf_r
                0x0000000008005ccc      0x200 /usr/local/bin/../lib/gcc/arm-none-eabi/10.2.1/../../../../arm-none-eabi/lib/thumb/v7e-m+fp/hard/libg_nano.a(lib_a-nano-svfprintf.o)
                0x0000000008005ccc                _svfprintf_r
                0x0000000008005ccc                _svfiprintf_r
 .text.__sfputc_r
                0x0000000008005ecc       0x2e /usr/local/bin/../lib/gcc/arm-none-eabi/10.2.1/../../../../arm-none-eabi/lib/thumb/v7e-m+fp/hard/libg_nano.a(lib_a-nano-vfprintf.o)
 .text.__sfputs_r
                0x0000000008005efa       0x24 /usr/local/bin/../lib/gcc/arm-none-eabi/10.2.1/../../../../arm-none-eabi/lib/thumb/v7e-m+fp/hard/libg_nano.a(lib_a-nano-vfprintf.o)
                0x0000000008005efa                __sfputs_r
 *fill*         0x0000000008005f1e        0x2 
 .text._vfprintf_r
                0x0000000008005f20      0x260 /usr/local/bin/../lib/gcc/arm-none-eabi/10.2.1/../../../../arm-none-eabi/lib/thumb/v7e-m+fp/hard/libg_nano.a(lib_a-nano-vfprintf.o)
                0x0000000008005f20                _vfiprintf_r
                0x0000000008005f20                _vfprintf_r
 .text._putc_r  0x0000000008006180       0x90 /usr/local/bin/../lib/gcc/arm-none-eabi/10.2.1/../../../../arm-none-eabi/lib/thumb/v7e-m+fp/hard/libg_nano.a(lib_a-putc.o)
                0x0000000008006180                _putc_r
 .text.__sread  0x0000000008006210       0x22 /usr/local/bin/../lib/gcc/arm-none-eabi/10.2.1/../../../../arm-none-eabi/lib/thumb/v7e-m+fp/hard/libg_nano.a(lib_a-stdio.o)
                0x0000000008006210                __sread
 .text.__swrite
                0x0000000008006232       0x38 /usr/local/bin/../lib/gcc/arm-none-eabi/10.2.1/../../../../arm-none-eabi/lib/thumb/v7e-m+fp/hard/libg_nano.a(lib_a-stdio.o)
                0x0000000008006232                __swrite
 .text.__sseek  0x000000000800626a       0x24 /usr/local/bin/../lib/gcc/arm-none-eabi/10.2.1/../../../../arm-none-eabi/lib/thumb/v7e-m+fp/hard/libg_nano.a(lib_a-stdio.o)
                0x000000000800626a                __sseek
 .text.__sclose
                0x000000000800628e        0x8 /usr/local/bin/../lib/gcc/arm-none-eabi/10.2.1/../../../../arm-none-eabi/lib/thumb/v7e-m+fp/hard/libg_nano.a(lib_a-stdio.o)
                0x000000000800628e                __sclose
 .text.__ascii_wctomb
                0x0000000008006296       0x1a /usr/local/bin/../lib/gcc/arm-none-eabi/10.2.1/../../../../arm-none-eabi/lib/thumb/v7e-m+fp/hard/libg_nano.a(lib_a-wctomb_r.o)
                0x0000000008006296                __ascii_wctomb
 .text.abort    0x00000000080062b0        0xe /usr/local/bin/../lib/gcc/arm-none-eabi/10.2.1/../../../../arm-none-eabi/lib/thumb/v7e-m+fp/hard/libg_nano.a(lib_a-abort.o)
                0x00000000080062b0                abort
 .text.memmove  0x00000000080062be       0x34 /usr/local/bin/../lib/gcc/arm-none-eabi/10.2.1/../../../../arm-none-eabi/lib/thumb/v7e-m+fp/hard/libg_nano.a(lib_a-memmove.o)
                0x00000000080062be                memmove
 *fill*         0x00000000080062f2        0x2 
 .text.__malloc_lock
                0x00000000080062f4        0xc /usr/local/bin/../lib/gcc/arm-none-eabi/10.2.1/../../../../arm-none-eabi/lib/thumb/v7e-m+fp/hard/libg_nano.a(lib_a-mlock.o)
                0x00000000080062f4                __malloc_lock
 .text.__malloc_unlock
                0x0000000008006300        0xc /usr/local/bin/../lib/gcc/arm-none-eabi/10.2.1/../../../../arm-none-eabi/lib/thumb/v7e-m+fp/hard/libg_nano.a(lib_a-mlock.o)
                0x0000000008006300                __malloc_unlock
 .text._realloc_r
                0x000000000800630c       0x4c /usr/local/bin/../lib/gcc/arm-none-eabi/10.2.1/../../../../arm-none-eabi/lib/thumb/v7e-m+fp/hard/libg_nano.a(lib_a-nano-reallocr.o)
                0x000000000800630c                _realloc_r
 .text._raise_r
                0x0000000008006358       0x50 /usr/local/bin/../lib/gcc/arm-none-eabi/10.2.1/../../../../arm-none-eabi/lib/thumb/v7e-m+fp/hard/libg_nano.a(lib_a-signal.o)
                0x0000000008006358                _raise_r
 .text.raise    0x00000000080063a8       0x10 /usr/local/bin/../lib/gcc/arm-none-eabi/10.2.1/../../../../arm-none-eabi/lib/thumb/v7e-m+fp/hard/libg_nano.a(lib_a-signal.o)
                0x00000000080063a8                raise
 .text._kill_r  0x00000000080063b8       0x24 /usr/local/bin/../lib/gcc/arm-none-eabi/10.2.1/../../../../arm-none-eabi/lib/thumb/v7e-m+fp/hard/libg_nano.a(lib_a-signalr.o)
                0x00000000080063b8                _kill_r
 .text._getpid_r
                0x00000000080063dc        0x4 /usr/local/bin/../lib/gcc/arm-none-eabi/10.2.1/../../../../arm-none-eabi/lib/thumb/v7e-m+fp/hard/libg_nano.a(lib_a-signalr.o)
                0x00000000080063dc                _getpid_r
 .text._malloc_usable_size_r
                0x00000000080063e0       0x10 /usr/local/bin/../lib/gcc/arm-none-eabi/10.2.1/../../../../arm-none-eabi/lib/thumb/v7e-m+fp/hard/libg_nano.a(lib_a-nano-msizer.o)
                0x00000000080063e0                _malloc_usable_size_r
 *(.glue_7)
 .glue_7        0x00000000080063f0        0x0 linker stubs
 *(.glue_7t)
 .glue_7t       0x00000000080063f0        0x0 linker stubs
 *(.eh_frame)
 .eh_frame      0x00000000080063f0        0x0 /usr/local/bin/../lib/gcc/arm-none-eabi/10.2.1/thumb/v7e-m+fp/hard/crtbegin.o
 *(.init)
 .init          0x00000000080063f0        0x4 /usr/local/bin/../lib/gcc/arm-none-eabi/10.2.1/thumb/v7e-m+fp/hard/crti.o
                0x00000000080063f0                _init
 .init          0x00000000080063f4        0x8 /usr/local/bin/../lib/gcc/arm-none-eabi/10.2.1/thumb/v7e-m+fp/hard/crtn.o
 *(.fini)
 .fini          0x00000000080063fc        0x4 /usr/local/bin/../lib/gcc/arm-none-eabi/10.2.1/thumb/v7e-m+fp/hard/crti.o
                0x00000000080063fc                _fini
 .fini          0x0000000008006400        0x8 /usr/local/bin/../lib/gcc/arm-none-eabi/10.2.1/thumb/v7e-m+fp/hard/crtn.o
                0x0000000008006408                . = ALIGN (0x4)
                0x0000000008006408                _etext = .

.vfp11_veneer   0x0000000008006408        0x0
 .vfp11_veneer  0x0000000008006408        0x0 linker stubs

.v4_bx          0x0000000008006408        0x0
 .v4_bx         0x0000000008006408        0x0 linker stubs

.iplt           0x0000000008006408        0x0
 .iplt          0x0000000008006408        0x0 /usr/local/bin/../lib/gcc/arm-none-eabi/10.2.1/thumb/v7e-m+fp/hard/crtbegin.o

.rodata         0x0000000008006408     0xc570
                0x0000000008006408                . = ALIGN (0x4)
 *(.rodata)
 .rodata        0x0000000008006408      0x440 build/monitor/decoder/STM32F411.o
 *(.rodata*)
 .rodata.CmdLed.str1.1
                0x0000000008006848       0x5a build/my_main.o
 .rodata.str1.1
                0x00000000080068a2       0x1c build/my_main.o
                                         0x20 (size before relaxing)
 .rodata.CmdTest.str1.1
                0x00000000080068be       0x47 build/mytest.o
 .rodata.str1.1
                0x0000000008006905       0x16 build/mytest.o
 .rodata.CmdTimerIrq.str1.1
                0x000000000800691b       0x52 build/timer_irq.o
 .rodata.str1.1
                0x000000000800696d       0x38 build/timer_irq.o
 .rodata.str1.1
                0x00000000080069a5     0x278b build/monitor/decoder/STM32F411.o
                                       0x2831 (size before relaxing)
 .rodata.ADC1_CR1_fields
                0x0000000008009130       0x70 build/monitor/decoder/STM32F411.o
                0x0000000008009130                ADC1_CR1_fields
 .rodata.ADC1_CR2_fields
                0x00000000080091a0       0x60 build/monitor/decoder/STM32F411.o
                0x00000000080091a0                ADC1_CR2_fields
 .rodata.ADC1_DR_fields
                0x0000000008009200        0x8 build/monitor/decoder/STM32F411.o
                0x0000000008009200                ADC1_DR_fields
 .rodata.ADC1_HTR_fields
                0x0000000008009208        0x8 build/monitor/decoder/STM32F411.o
                0x0000000008009208                ADC1_HTR_fields
 .rodata.ADC1_JDR1_fields
                0x0000000008009210        0x8 build/monitor/decoder/STM32F411.o
                0x0000000008009210                ADC1_JDR1_fields
 .rodata.ADC1_JDR2_fields
                0x0000000008009218        0x8 build/monitor/decoder/STM32F411.o
                0x0000000008009218                ADC1_JDR2_fields
 .rodata.ADC1_JDR3_fields
                0x0000000008009220        0x8 build/monitor/decoder/STM32F411.o
                0x0000000008009220                ADC1_JDR3_fields
 .rodata.ADC1_JDR4_fields
                0x0000000008009228        0x8 build/monitor/decoder/STM32F411.o
                0x0000000008009228                ADC1_JDR4_fields
 .rodata.ADC1_JOFR1_fields
                0x0000000008009230        0x8 build/monitor/decoder/STM32F411.o
                0x0000000008009230                ADC1_JOFR1_fields
 .rodata.ADC1_JOFR2_fields
                0x0000000008009238        0x8 build/monitor/decoder/STM32F411.o
                0x0000000008009238                ADC1_JOFR2_fields
 .rodata.ADC1_JOFR3_fields
                0x0000000008009240        0x8 build/monitor/decoder/STM32F411.o
                0x0000000008009240                ADC1_JOFR3_fields
 .rodata.ADC1_JOFR4_fields
                0x0000000008009248        0x8 build/monitor/decoder/STM32F411.o
                0x0000000008009248                ADC1_JOFR4_fields
 .rodata.ADC1_JSQR_fields
                0x0000000008009250       0x28 build/monitor/decoder/STM32F411.o
                0x0000000008009250                ADC1_JSQR_fields
 .rodata.ADC1_LTR_fields
                0x0000000008009278        0x8 build/monitor/decoder/STM32F411.o
                0x0000000008009278                ADC1_LTR_fields
 .rodata.ADC1_SMPR1_fields
                0x0000000008009280        0x8 build/monitor/decoder/STM32F411.o
                0x0000000008009280                ADC1_SMPR1_fields
 .rodata.ADC1_SMPR2_fields
                0x0000000008009288        0x8 build/monitor/decoder/STM32F411.o
                0x0000000008009288                ADC1_SMPR2_fields
 .rodata.ADC1_SQR1_fields
                0x0000000008009290       0x28 build/monitor/decoder/STM32F411.o
                0x0000000008009290                ADC1_SQR1_fields
 .rodata.ADC1_SQR2_fields
                0x00000000080092b8       0x30 build/monitor/decoder/STM32F411.o
                0x00000000080092b8                ADC1_SQR2_fields
 .rodata.ADC1_SQR3_fields
                0x00000000080092e8       0x30 build/monitor/decoder/STM32F411.o
                0x00000000080092e8                ADC1_SQR3_fields
 .rodata.ADC1_SR_fields
                0x0000000008009318       0x30 build/monitor/decoder/STM32F411.o
                0x0000000008009318                ADC1_SR_fields
 .rodata.ADC1_registers
                0x0000000008009348      0x140 build/monitor/decoder/STM32F411.o
                0x0000000008009348                ADC1_registers
 .rodata.ADC_Common_CCR_fields
                0x0000000008009488       0x30 build/monitor/decoder/STM32F411.o
                0x0000000008009488                ADC_Common_CCR_fields
 .rodata.ADC_Common_CSR_fields
                0x00000000080094b8       0x90 build/monitor/decoder/STM32F411.o
                0x00000000080094b8                ADC_Common_CSR_fields
 .rodata.ADC_Common_registers
                0x0000000008009548       0x20 build/monitor/decoder/STM32F411.o
                0x0000000008009548                ADC_Common_registers
 .rodata.CRC_CR_fields
                0x0000000008009568        0x8 build/monitor/decoder/STM32F411.o
                0x0000000008009568                CRC_CR_fields
 .rodata.CRC_DR_fields
                0x0000000008009570        0x8 build/monitor/decoder/STM32F411.o
                0x0000000008009570                CRC_DR_fields
 .rodata.CRC_IDR_fields
                0x0000000008009578        0x8 build/monitor/decoder/STM32F411.o
                0x0000000008009578                CRC_IDR_fields
 .rodata.CRC_registers
                0x0000000008009580       0x30 build/monitor/decoder/STM32F411.o
                0x0000000008009580                CRC_registers
 .rodata.DBG_DBGMCU_APB1_FZ_fields
                0x00000000080095b0       0x50 build/monitor/decoder/STM32F411.o
                0x00000000080095b0                DBG_DBGMCU_APB1_FZ_fields
 .rodata.DBG_DBGMCU_APB2_FZ_fields
                0x0000000008009600       0x20 build/monitor/decoder/STM32F411.o
                0x0000000008009600                DBG_DBGMCU_APB2_FZ_fields
 .rodata.DBG_DBGMCU_CR_fields
                0x0000000008009620       0x28 build/monitor/decoder/STM32F411.o
                0x0000000008009620                DBG_DBGMCU_CR_fields
 .rodata.DBG_DBGMCU_IDCODE_fields
                0x0000000008009648       0x10 build/monitor/decoder/STM32F411.o
                0x0000000008009648                DBG_DBGMCU_IDCODE_fields
 .rodata.DBG_registers
                0x0000000008009658       0x40 build/monitor/decoder/STM32F411.o
                0x0000000008009658                DBG_registers
 .rodata.DMA2_HIFCR_fields
                0x0000000008009698       0xa0 build/monitor/decoder/STM32F411.o
                0x0000000008009698                DMA2_HIFCR_fields
 .rodata.DMA2_HISR_fields
                0x0000000008009738       0xa0 build/monitor/decoder/STM32F411.o
                0x0000000008009738                DMA2_HISR_fields
 .rodata.DMA2_LIFCR_fields
                0x00000000080097d8       0xa0 build/monitor/decoder/STM32F411.o
                0x00000000080097d8                DMA2_LIFCR_fields
 .rodata.DMA2_LISR_fields
                0x0000000008009878       0xa0 build/monitor/decoder/STM32F411.o
                0x0000000008009878                DMA2_LISR_fields
 .rodata.DMA2_S0CR_fields
                0x0000000008009918       0x98 build/monitor/decoder/STM32F411.o
                0x0000000008009918                DMA2_S0CR_fields
 .rodata.DMA2_S0FCR_fields
                0x00000000080099b0       0x20 build/monitor/decoder/STM32F411.o
                0x00000000080099b0                DMA2_S0FCR_fields
 .rodata.DMA2_S0M0AR_fields
                0x00000000080099d0        0x8 build/monitor/decoder/STM32F411.o
                0x00000000080099d0                DMA2_S0M0AR_fields
 .rodata.DMA2_S0M1AR_fields
                0x00000000080099d8        0x8 build/monitor/decoder/STM32F411.o
                0x00000000080099d8                DMA2_S0M1AR_fields
 .rodata.DMA2_S0NDTR_fields
                0x00000000080099e0        0x8 build/monitor/decoder/STM32F411.o
                0x00000000080099e0                DMA2_S0NDTR_fields
 .rodata.DMA2_S0PAR_fields
                0x00000000080099e8        0x8 build/monitor/decoder/STM32F411.o
                0x00000000080099e8                DMA2_S0PAR_fields
 .rodata.DMA2_S1CR_fields
                0x00000000080099f0       0xa0 build/monitor/decoder/STM32F411.o
                0x00000000080099f0                DMA2_S1CR_fields
 .rodata.DMA2_S1FCR_fields
                0x0000000008009a90       0x20 build/monitor/decoder/STM32F411.o
                0x0000000008009a90                DMA2_S1FCR_fields
 .rodata.DMA2_S1M0AR_fields
                0x0000000008009ab0        0x8 build/monitor/decoder/STM32F411.o
                0x0000000008009ab0                DMA2_S1M0AR_fields
 .rodata.DMA2_S1M1AR_fields
                0x0000000008009ab8        0x8 build/monitor/decoder/STM32F411.o
                0x0000000008009ab8                DMA2_S1M1AR_fields
 .rodata.DMA2_S1NDTR_fields
                0x0000000008009ac0        0x8 build/monitor/decoder/STM32F411.o
                0x0000000008009ac0                DMA2_S1NDTR_fields
 .rodata.DMA2_S1PAR_fields
                0x0000000008009ac8        0x8 build/monitor/decoder/STM32F411.o
                0x0000000008009ac8                DMA2_S1PAR_fields
 .rodata.DMA2_S2CR_fields
                0x0000000008009ad0       0xa0 build/monitor/decoder/STM32F411.o
                0x0000000008009ad0                DMA2_S2CR_fields
 .rodata.DMA2_S2FCR_fields
                0x0000000008009b70       0x20 build/monitor/decoder/STM32F411.o
                0x0000000008009b70                DMA2_S2FCR_fields
 .rodata.DMA2_S2M0AR_fields
                0x0000000008009b90        0x8 build/monitor/decoder/STM32F411.o
                0x0000000008009b90                DMA2_S2M0AR_fields
 .rodata.DMA2_S2M1AR_fields
                0x0000000008009b98        0x8 build/monitor/decoder/STM32F411.o
                0x0000000008009b98                DMA2_S2M1AR_fields
 .rodata.DMA2_S2NDTR_fields
                0x0000000008009ba0        0x8 build/monitor/decoder/STM32F411.o
                0x0000000008009ba0                DMA2_S2NDTR_fields
 .rodata.DMA2_S2PAR_fields
                0x0000000008009ba8        0x8 build/monitor/decoder/STM32F411.o
                0x0000000008009ba8                DMA2_S2PAR_fields
 .rodata.DMA2_S3CR_fields
                0x0000000008009bb0       0xa0 build/monitor/decoder/STM32F411.o
                0x0000000008009bb0                DMA2_S3CR_fields
 .rodata.DMA2_S3FCR_fields
                0x0000000008009c50       0x20 build/monitor/decoder/STM32F411.o
                0x0000000008009c50                DMA2_S3FCR_fields
 .rodata.DMA2_S3M0AR_fields
                0x0000000008009c70        0x8 build/monitor/decoder/STM32F411.o
                0x0000000008009c70                DMA2_S3M0AR_fields
 .rodata.DMA2_S3M1AR_fields
                0x0000000008009c78        0x8 build/monitor/decoder/STM32F411.o
                0x0000000008009c78                DMA2_S3M1AR_fields
 .rodata.DMA2_S3NDTR_fields
                0x0000000008009c80        0x8 build/monitor/decoder/STM32F411.o
                0x0000000008009c80                DMA2_S3NDTR_fields
 .rodata.DMA2_S3PAR_fields
                0x0000000008009c88        0x8 build/monitor/decoder/STM32F411.o
                0x0000000008009c88                DMA2_S3PAR_fields
 .rodata.DMA2_S4CR_fields
                0x0000000008009c90       0xa0 build/monitor/decoder/STM32F411.o
                0x0000000008009c90                DMA2_S4CR_fields
 .rodata.DMA2_S4FCR_fields
                0x0000000008009d30       0x20 build/monitor/decoder/STM32F411.o
                0x0000000008009d30                DMA2_S4FCR_fields
 .rodata.DMA2_S4M0AR_fields
                0x0000000008009d50        0x8 build/monitor/decoder/STM32F411.o
                0x0000000008009d50                DMA2_S4M0AR_fields
 .rodata.DMA2_S4M1AR_fields
                0x0000000008009d58        0x8 build/monitor/decoder/STM32F411.o
                0x0000000008009d58                DMA2_S4M1AR_fields
 .rodata.DMA2_S4NDTR_fields
                0x0000000008009d60        0x8 build/monitor/decoder/STM32F411.o
                0x0000000008009d60                DMA2_S4NDTR_fields
 .rodata.DMA2_S4PAR_fields
                0x0000000008009d68        0x8 build/monitor/decoder/STM32F411.o
                0x0000000008009d68                DMA2_S4PAR_fields
 .rodata.DMA2_S5CR_fields
                0x0000000008009d70       0xa0 build/monitor/decoder/STM32F411.o
                0x0000000008009d70                DMA2_S5CR_fields
 .rodata.DMA2_S5FCR_fields
                0x0000000008009e10       0x20 build/monitor/decoder/STM32F411.o
                0x0000000008009e10                DMA2_S5FCR_fields
 .rodata.DMA2_S5M0AR_fields
                0x0000000008009e30        0x8 build/monitor/decoder/STM32F411.o
                0x0000000008009e30                DMA2_S5M0AR_fields
 .rodata.DMA2_S5M1AR_fields
                0x0000000008009e38        0x8 build/monitor/decoder/STM32F411.o
                0x0000000008009e38                DMA2_S5M1AR_fields
 .rodata.DMA2_S5NDTR_fields
                0x0000000008009e40        0x8 build/monitor/decoder/STM32F411.o
                0x0000000008009e40                DMA2_S5NDTR_fields
 .rodata.DMA2_S5PAR_fields
                0x0000000008009e48        0x8 build/monitor/decoder/STM32F411.o
                0x0000000008009e48                DMA2_S5PAR_fields
 .rodata.DMA2_S6CR_fields
                0x0000000008009e50       0xa0 build/monitor/decoder/STM32F411.o
                0x0000000008009e50                DMA2_S6CR_fields
 .rodata.DMA2_S6FCR_fields
                0x0000000008009ef0       0x20 build/monitor/decoder/STM32F411.o
                0x0000000008009ef0                DMA2_S6FCR_fields
 .rodata.DMA2_S6M0AR_fields
                0x0000000008009f10        0x8 build/monitor/decoder/STM32F411.o
                0x0000000008009f10                DMA2_S6M0AR_fields
 .rodata.DMA2_S6M1AR_fields
                0x0000000008009f18        0x8 build/monitor/decoder/STM32F411.o
                0x0000000008009f18                DMA2_S6M1AR_fields
 .rodata.DMA2_S6NDTR_fields
                0x0000000008009f20        0x8 build/monitor/decoder/STM32F411.o
                0x0000000008009f20                DMA2_S6NDTR_fields
 .rodata.DMA2_S6PAR_fields
                0x0000000008009f28        0x8 build/monitor/decoder/STM32F411.o
                0x0000000008009f28                DMA2_S6PAR_fields
 .rodata.DMA2_S7CR_fields
                0x0000000008009f30       0xa0 build/monitor/decoder/STM32F411.o
                0x0000000008009f30                DMA2_S7CR_fields
 .rodata.DMA2_S7FCR_fields
                0x0000000008009fd0       0x20 build/monitor/decoder/STM32F411.o
                0x0000000008009fd0                DMA2_S7FCR_fields
 .rodata.DMA2_S7M0AR_fields
                0x0000000008009ff0        0x8 build/monitor/decoder/STM32F411.o
                0x0000000008009ff0                DMA2_S7M0AR_fields
 .rodata.DMA2_S7M1AR_fields
                0x0000000008009ff8        0x8 build/monitor/decoder/STM32F411.o
                0x0000000008009ff8                DMA2_S7M1AR_fields
 .rodata.DMA2_S7NDTR_fields
                0x000000000800a000        0x8 build/monitor/decoder/STM32F411.o
                0x000000000800a000                DMA2_S7NDTR_fields
 .rodata.DMA2_S7PAR_fields
                0x000000000800a008        0x8 build/monitor/decoder/STM32F411.o
                0x000000000800a008                DMA2_S7PAR_fields
 .rodata.DMA2_registers
                0x000000000800a010      0x340 build/monitor/decoder/STM32F411.o
                0x000000000800a010                DMA2_registers
 .rodata.EXTI_EMR_fields
                0x000000000800a350       0xb8 build/monitor/decoder/STM32F411.o
                0x000000000800a350                EXTI_EMR_fields
 .rodata.EXTI_FTSR_fields
                0x000000000800a408       0xb8 build/monitor/decoder/STM32F411.o
                0x000000000800a408                EXTI_FTSR_fields
 .rodata.EXTI_IMR_fields
                0x000000000800a4c0       0xb8 build/monitor/decoder/STM32F411.o
                0x000000000800a4c0                EXTI_IMR_fields
 .rodata.EXTI_PR_fields
                0x000000000800a578       0xb8 build/monitor/decoder/STM32F411.o
                0x000000000800a578                EXTI_PR_fields
 .rodata.EXTI_RTSR_fields
                0x000000000800a630       0xb8 build/monitor/decoder/STM32F411.o
                0x000000000800a630                EXTI_RTSR_fields
 .rodata.EXTI_SWIER_fields
                0x000000000800a6e8       0xb8 build/monitor/decoder/STM32F411.o
                0x000000000800a6e8                EXTI_SWIER_fields
 .rodata.EXTI_registers
                0x000000000800a7a0       0x60 build/monitor/decoder/STM32F411.o
                0x000000000800a7a0                EXTI_registers
 .rodata.FLASH_ACR_fields
                0x000000000800a800       0x30 build/monitor/decoder/STM32F411.o
                0x000000000800a800                FLASH_ACR_fields
 .rodata.FLASH_CR_fields
                0x000000000800a830       0x48 build/monitor/decoder/STM32F411.o
                0x000000000800a830                FLASH_CR_fields
 .rodata.FLASH_KEYR_fields
                0x000000000800a878        0x8 build/monitor/decoder/STM32F411.o
                0x000000000800a878                FLASH_KEYR_fields
 .rodata.FLASH_OPTCR_fields
                0x000000000800a880       0x40 build/monitor/decoder/STM32F411.o
                0x000000000800a880                FLASH_OPTCR_fields
 .rodata.FLASH_OPTKEYR_fields
                0x000000000800a8c0        0x8 build/monitor/decoder/STM32F411.o
                0x000000000800a8c0                FLASH_OPTKEYR_fields
 .rodata.FLASH_SR_fields
                0x000000000800a8c8       0x38 build/monitor/decoder/STM32F411.o
                0x000000000800a8c8                FLASH_SR_fields
 .rodata.FLASH_registers
                0x000000000800a900       0x60 build/monitor/decoder/STM32F411.o
                0x000000000800a900                FLASH_registers
 .rodata.FPU_CPACR_CPACR_fields
                0x000000000800a960        0x8 build/monitor/decoder/STM32F411.o
                0x000000000800a960                FPU_CPACR_CPACR_fields
 .rodata.FPU_CPACR_registers
                0x000000000800a968       0x10 build/monitor/decoder/STM32F411.o
                0x000000000800a968                FPU_CPACR_registers
 .rodata.FPU_FPCAR_fields
                0x000000000800a978        0x8 build/monitor/decoder/STM32F411.o
                0x000000000800a978                FPU_FPCAR_fields
 .rodata.FPU_FPCCR_fields
                0x000000000800a980       0x48 build/monitor/decoder/STM32F411.o
                0x000000000800a980                FPU_FPCCR_fields
 .rodata.FPU_FPSCR_fields
                0x000000000800a9c8       0x70 build/monitor/decoder/STM32F411.o
                0x000000000800a9c8                FPU_FPSCR_fields
 .rodata.FPU_registers
                0x000000000800aa38       0x30 build/monitor/decoder/STM32F411.o
                0x000000000800aa38                FPU_registers
 .rodata.GPIOA_AFRH_fields
                0x000000000800aa68       0x40 build/monitor/decoder/STM32F411.o
                0x000000000800aa68                GPIOA_AFRH_fields
 .rodata.GPIOA_AFRL_fields
                0x000000000800aaa8       0x40 build/monitor/decoder/STM32F411.o
                0x000000000800aaa8                GPIOA_AFRL_fields
 .rodata.GPIOA_BSRR_fields
                0x000000000800aae8      0x100 build/monitor/decoder/STM32F411.o
                0x000000000800aae8                GPIOA_BSRR_fields
 .rodata.GPIOA_IDR_fields
                0x000000000800abe8       0x80 build/monitor/decoder/STM32F411.o
                0x000000000800abe8                GPIOA_IDR_fields
 .rodata.GPIOA_LCKR_fields
                0x000000000800ac68       0x88 build/monitor/decoder/STM32F411.o
                0x000000000800ac68                GPIOA_LCKR_fields
 .rodata.GPIOA_MODER_fields
                0x000000000800acf0       0x80 build/monitor/decoder/STM32F411.o
                0x000000000800acf0                GPIOA_MODER_fields
 .rodata.GPIOA_ODR_fields
                0x000000000800ad70       0x80 build/monitor/decoder/STM32F411.o
                0x000000000800ad70                GPIOA_ODR_fields
 .rodata.GPIOA_OSPEEDR_fields
                0x000000000800adf0       0x80 build/monitor/decoder/STM32F411.o
                0x000000000800adf0                GPIOA_OSPEEDR_fields
 .rodata.GPIOA_OTYPER_fields
                0x000000000800ae70       0x80 build/monitor/decoder/STM32F411.o
                0x000000000800ae70                GPIOA_OTYPER_fields
 .rodata.GPIOA_PUPDR_fields
                0x000000000800aef0       0x80 build/monitor/decoder/STM32F411.o
                0x000000000800aef0                GPIOA_PUPDR_fields
 .rodata.GPIOA_registers
                0x000000000800af70       0xa0 build/monitor/decoder/STM32F411.o
                0x000000000800af70                GPIOA_registers
 .rodata.GPIOB_AFRH_fields
                0x000000000800b010       0x40 build/monitor/decoder/STM32F411.o
                0x000000000800b010                GPIOB_AFRH_fields
 .rodata.GPIOB_AFRL_fields
                0x000000000800b050       0x40 build/monitor/decoder/STM32F411.o
                0x000000000800b050                GPIOB_AFRL_fields
 .rodata.GPIOB_BSRR_fields
                0x000000000800b090      0x100 build/monitor/decoder/STM32F411.o
                0x000000000800b090                GPIOB_BSRR_fields
 .rodata.GPIOB_IDR_fields
                0x000000000800b190       0x80 build/monitor/decoder/STM32F411.o
                0x000000000800b190                GPIOB_IDR_fields
 .rodata.GPIOB_LCKR_fields
                0x000000000800b210       0x88 build/monitor/decoder/STM32F411.o
                0x000000000800b210                GPIOB_LCKR_fields
 .rodata.GPIOB_MODER_fields
                0x000000000800b298       0x80 build/monitor/decoder/STM32F411.o
                0x000000000800b298                GPIOB_MODER_fields
 .rodata.GPIOB_ODR_fields
                0x000000000800b318       0x80 build/monitor/decoder/STM32F411.o
                0x000000000800b318                GPIOB_ODR_fields
 .rodata.GPIOB_OSPEEDR_fields
                0x000000000800b398       0x80 build/monitor/decoder/STM32F411.o
                0x000000000800b398                GPIOB_OSPEEDR_fields
 .rodata.GPIOB_OTYPER_fields
                0x000000000800b418       0x80 build/monitor/decoder/STM32F411.o
                0x000000000800b418                GPIOB_OTYPER_fields
 .rodata.GPIOB_PUPDR_fields
                0x000000000800b498       0x80 build/monitor/decoder/STM32F411.o
                0x000000000800b498                GPIOB_PUPDR_fields
 .rodata.GPIOB_registers
                0x000000000800b518       0xa0 build/monitor/decoder/STM32F411.o
                0x000000000800b518                GPIOB_registers
 .rodata.GPIOH_AFRH_fields
                0x000000000800b5b8       0x40 build/monitor/decoder/STM32F411.o
                0x000000000800b5b8                GPIOH_AFRH_fields
 .rodata.GPIOH_AFRL_fields
                0x000000000800b5f8       0x40 build/monitor/decoder/STM32F411.o
                0x000000000800b5f8                GPIOH_AFRL_fields
 .rodata.GPIOH_BSRR_fields
                0x000000000800b638      0x100 build/monitor/decoder/STM32F411.o
                0x000000000800b638                GPIOH_BSRR_fields
 .rodata.GPIOH_IDR_fields
                0x000000000800b738       0x80 build/monitor/decoder/STM32F411.o
                0x000000000800b738                GPIOH_IDR_fields
 .rodata.GPIOH_LCKR_fields
                0x000000000800b7b8       0x88 build/monitor/decoder/STM32F411.o
                0x000000000800b7b8                GPIOH_LCKR_fields
 .rodata.GPIOH_MODER_fields
                0x000000000800b840       0x80 build/monitor/decoder/STM32F411.o
                0x000000000800b840                GPIOH_MODER_fields
 .rodata.GPIOH_ODR_fields
                0x000000000800b8c0       0x80 build/monitor/decoder/STM32F411.o
                0x000000000800b8c0                GPIOH_ODR_fields
 .rodata.GPIOH_OSPEEDR_fields
                0x000000000800b940       0x80 build/monitor/decoder/STM32F411.o
                0x000000000800b940                GPIOH_OSPEEDR_fields
 .rodata.GPIOH_OTYPER_fields
                0x000000000800b9c0       0x80 build/monitor/decoder/STM32F411.o
                0x000000000800b9c0                GPIOH_OTYPER_fields
 .rodata.GPIOH_PUPDR_fields
                0x000000000800ba40       0x80 build/monitor/decoder/STM32F411.o
                0x000000000800ba40                GPIOH_PUPDR_fields
 .rodata.GPIOH_registers
                0x000000000800bac0       0xa0 build/monitor/decoder/STM32F411.o
                0x000000000800bac0                GPIOH_registers
 .rodata.I2C3_CCR_fields
                0x000000000800bb60       0x18 build/monitor/decoder/STM32F411.o
                0x000000000800bb60                I2C3_CCR_fields
 .rodata.I2C3_CR1_fields
                0x000000000800bb78       0x70 build/monitor/decoder/STM32F411.o
                0x000000000800bb78                I2C3_CR1_fields
 .rodata.I2C3_CR2_fields
                0x000000000800bbe8       0x30 build/monitor/decoder/STM32F411.o
                0x000000000800bbe8                I2C3_CR2_fields
 .rodata.I2C3_DR_fields
                0x000000000800bc18        0x8 build/monitor/decoder/STM32F411.o
                0x000000000800bc18                I2C3_DR_fields
 .rodata.I2C3_OAR1_fields
                0x000000000800bc20       0x20 build/monitor/decoder/STM32F411.o
                0x000000000800bc20                I2C3_OAR1_fields
 .rodata.I2C3_OAR2_fields
                0x000000000800bc40       0x10 build/monitor/decoder/STM32F411.o
                0x000000000800bc40                I2C3_OAR2_fields
 .rodata.I2C3_SR1_fields
                0x000000000800bc50       0x70 build/monitor/decoder/STM32F411.o
                0x000000000800bc50                I2C3_SR1_fields
 .rodata.I2C3_SR2_fields
                0x000000000800bcc0       0x40 build/monitor/decoder/STM32F411.o
                0x000000000800bcc0                I2C3_SR2_fields
 .rodata.I2C3_TRISE_fields
                0x000000000800bd00        0x8 build/monitor/decoder/STM32F411.o
                0x000000000800bd00                I2C3_TRISE_fields
 .rodata.I2C3_registers
                0x000000000800bd08       0x90 build/monitor/decoder/STM32F411.o
                0x000000000800bd08                I2C3_registers
 .rodata.I2S2ext_CR1_fields
                0x000000000800bd98       0x70 build/monitor/decoder/STM32F411.o
                0x000000000800bd98                I2S2ext_CR1_fields
 .rodata.I2S2ext_CR2_fields
                0x000000000800be08       0x38 build/monitor/decoder/STM32F411.o
                0x000000000800be08                I2S2ext_CR2_fields
 .rodata.I2S2ext_CRCPR_fields
                0x000000000800be40        0x8 build/monitor/decoder/STM32F411.o
                0x000000000800be40                I2S2ext_CRCPR_fields
 .rodata.I2S2ext_DR_fields
                0x000000000800be48        0x8 build/monitor/decoder/STM32F411.o
                0x000000000800be48                I2S2ext_DR_fields
 .rodata.I2S2ext_I2SCFGR_fields
                0x000000000800be50       0x40 build/monitor/decoder/STM32F411.o
                0x000000000800be50                I2S2ext_I2SCFGR_fields
 .rodata.I2S2ext_I2SPR_fields
                0x000000000800be90       0x18 build/monitor/decoder/STM32F411.o
                0x000000000800be90                I2S2ext_I2SPR_fields
 .rodata.I2S2ext_RXCRCR_fields
                0x000000000800bea8        0x8 build/monitor/decoder/STM32F411.o
                0x000000000800bea8                I2S2ext_RXCRCR_fields
 .rodata.I2S2ext_SR_fields
                0x000000000800beb0       0x48 build/monitor/decoder/STM32F411.o
                0x000000000800beb0                I2S2ext_SR_fields
 .rodata.I2S2ext_TXCRCR_fields
                0x000000000800bef8        0x8 build/monitor/decoder/STM32F411.o
                0x000000000800bef8                I2S2ext_TXCRCR_fields
 .rodata.I2S2ext_registers
                0x000000000800bf00       0x90 build/monitor/decoder/STM32F411.o
                0x000000000800bf00                I2S2ext_registers
 .rodata.IWDG_KR_fields
                0x000000000800bf90        0x8 build/monitor/decoder/STM32F411.o
                0x000000000800bf90                IWDG_KR_fields
 .rodata.IWDG_PR_fields
                0x000000000800bf98        0x8 build/monitor/decoder/STM32F411.o
                0x000000000800bf98                IWDG_PR_fields
 .rodata.IWDG_RLR_fields
                0x000000000800bfa0        0x8 build/monitor/decoder/STM32F411.o
                0x000000000800bfa0                IWDG_RLR_fields
 .rodata.IWDG_SR_fields
                0x000000000800bfa8       0x10 build/monitor/decoder/STM32F411.o
                0x000000000800bfa8                IWDG_SR_fields
 .rodata.IWDG_registers
                0x000000000800bfb8       0x40 build/monitor/decoder/STM32F411.o
                0x000000000800bfb8                IWDG_registers
 .rodata.MPU_MPU_CTRL_fields
                0x000000000800bff8       0x18 build/monitor/decoder/STM32F411.o
                0x000000000800bff8                MPU_MPU_CTRL_fields
 .rodata.MPU_MPU_RASR_fields
                0x000000000800c010       0x48 build/monitor/decoder/STM32F411.o
                0x000000000800c010                MPU_MPU_RASR_fields
 .rodata.MPU_MPU_RBAR_fields
                0x000000000800c058       0x18 build/monitor/decoder/STM32F411.o
                0x000000000800c058                MPU_MPU_RBAR_fields
 .rodata.MPU_MPU_RNR_fields
                0x000000000800c070        0x8 build/monitor/decoder/STM32F411.o
                0x000000000800c070                MPU_MPU_RNR_fields
 .rodata.MPU_MPU_TYPER_fields
                0x000000000800c078       0x18 build/monitor/decoder/STM32F411.o
                0x000000000800c078                MPU_MPU_TYPER_fields
 .rodata.MPU_registers
                0x000000000800c090       0x50 build/monitor/decoder/STM32F411.o
                0x000000000800c090                MPU_registers
 .rodata.NVIC_IABR0_fields
                0x000000000800c0e0        0x8 build/monitor/decoder/STM32F411.o
                0x000000000800c0e0                NVIC_IABR0_fields
 .rodata.NVIC_IABR1_fields
                0x000000000800c0e8        0x8 build/monitor/decoder/STM32F411.o
                0x000000000800c0e8                NVIC_IABR1_fields
 .rodata.NVIC_IABR2_fields
                0x000000000800c0f0        0x8 build/monitor/decoder/STM32F411.o
                0x000000000800c0f0                NVIC_IABR2_fields
 .rodata.NVIC_ICER0_fields
                0x000000000800c0f8        0x8 build/monitor/decoder/STM32F411.o
                0x000000000800c0f8                NVIC_ICER0_fields
 .rodata.NVIC_ICER1_fields
                0x000000000800c100        0x8 build/monitor/decoder/STM32F411.o
                0x000000000800c100                NVIC_ICER1_fields
 .rodata.NVIC_ICER2_fields
                0x000000000800c108        0x8 build/monitor/decoder/STM32F411.o
                0x000000000800c108                NVIC_ICER2_fields
 .rodata.NVIC_ICPR0_fields
                0x000000000800c110        0x8 build/monitor/decoder/STM32F411.o
                0x000000000800c110                NVIC_ICPR0_fields
 .rodata.NVIC_ICPR1_fields
                0x000000000800c118        0x8 build/monitor/decoder/STM32F411.o
                0x000000000800c118                NVIC_ICPR1_fields
 .rodata.NVIC_ICPR2_fields
                0x000000000800c120        0x8 build/monitor/decoder/STM32F411.o
                0x000000000800c120                NVIC_ICPR2_fields
 .rodata.NVIC_IPR0_fields
                0x000000000800c128       0x20 build/monitor/decoder/STM32F411.o
                0x000000000800c128                NVIC_IPR0_fields
 .rodata.NVIC_IPR10_fields
                0x000000000800c148       0x20 build/monitor/decoder/STM32F411.o
                0x000000000800c148                NVIC_IPR10_fields
 .rodata.NVIC_IPR11_fields
                0x000000000800c168       0x20 build/monitor/decoder/STM32F411.o
                0x000000000800c168                NVIC_IPR11_fields
 .rodata.NVIC_IPR12_fields
                0x000000000800c188       0x20 build/monitor/decoder/STM32F411.o
                0x000000000800c188                NVIC_IPR12_fields
 .rodata.NVIC_IPR13_fields
                0x000000000800c1a8       0x20 build/monitor/decoder/STM32F411.o
                0x000000000800c1a8                NVIC_IPR13_fields
 .rodata.NVIC_IPR14_fields
                0x000000000800c1c8       0x20 build/monitor/decoder/STM32F411.o
                0x000000000800c1c8                NVIC_IPR14_fields
 .rodata.NVIC_IPR15_fields
                0x000000000800c1e8       0x20 build/monitor/decoder/STM32F411.o
                0x000000000800c1e8                NVIC_IPR15_fields
 .rodata.NVIC_IPR16_fields
                0x000000000800c208       0x20 build/monitor/decoder/STM32F411.o
                0x000000000800c208                NVIC_IPR16_fields
 .rodata.NVIC_IPR17_fields
                0x000000000800c228       0x20 build/monitor/decoder/STM32F411.o
                0x000000000800c228                NVIC_IPR17_fields
 .rodata.NVIC_IPR18_fields
                0x000000000800c248       0x20 build/monitor/decoder/STM32F411.o
                0x000000000800c248                NVIC_IPR18_fields
 .rodata.NVIC_IPR19_fields
                0x000000000800c268       0x20 build/monitor/decoder/STM32F411.o
                0x000000000800c268                NVIC_IPR19_fields
 .rodata.NVIC_IPR1_fields
                0x000000000800c288       0x20 build/monitor/decoder/STM32F411.o
                0x000000000800c288                NVIC_IPR1_fields
 .rodata.NVIC_IPR2_fields
                0x000000000800c2a8       0x20 build/monitor/decoder/STM32F411.o
                0x000000000800c2a8                NVIC_IPR2_fields
 .rodata.NVIC_IPR3_fields
                0x000000000800c2c8       0x20 build/monitor/decoder/STM32F411.o
                0x000000000800c2c8                NVIC_IPR3_fields
 .rodata.NVIC_IPR4_fields
                0x000000000800c2e8       0x20 build/monitor/decoder/STM32F411.o
                0x000000000800c2e8                NVIC_IPR4_fields
 .rodata.NVIC_IPR5_fields
                0x000000000800c308       0x20 build/monitor/decoder/STM32F411.o
                0x000000000800c308                NVIC_IPR5_fields
 .rodata.NVIC_IPR6_fields
                0x000000000800c328       0x20 build/monitor/decoder/STM32F411.o
                0x000000000800c328                NVIC_IPR6_fields
 .rodata.NVIC_IPR7_fields
                0x000000000800c348       0x20 build/monitor/decoder/STM32F411.o
                0x000000000800c348                NVIC_IPR7_fields
 .rodata.NVIC_IPR8_fields
                0x000000000800c368       0x20 build/monitor/decoder/STM32F411.o
                0x000000000800c368                NVIC_IPR8_fields
 .rodata.NVIC_IPR9_fields
                0x000000000800c388       0x20 build/monitor/decoder/STM32F411.o
                0x000000000800c388                NVIC_IPR9_fields
 .rodata.NVIC_ISER0_fields
                0x000000000800c3a8        0x8 build/monitor/decoder/STM32F411.o
                0x000000000800c3a8                NVIC_ISER0_fields
 .rodata.NVIC_ISER1_fields
                0x000000000800c3b0        0x8 build/monitor/decoder/STM32F411.o
                0x000000000800c3b0                NVIC_ISER1_fields
 .rodata.NVIC_ISER2_fields
                0x000000000800c3b8        0x8 build/monitor/decoder/STM32F411.o
                0x000000000800c3b8                NVIC_ISER2_fields
 .rodata.NVIC_ISPR0_fields
                0x000000000800c3c0        0x8 build/monitor/decoder/STM32F411.o
                0x000000000800c3c0                NVIC_ISPR0_fields
 .rodata.NVIC_ISPR1_fields
                0x000000000800c3c8        0x8 build/monitor/decoder/STM32F411.o
                0x000000000800c3c8                NVIC_ISPR1_fields
 .rodata.NVIC_ISPR2_fields
                0x000000000800c3d0        0x8 build/monitor/decoder/STM32F411.o
                0x000000000800c3d0                NVIC_ISPR2_fields
 .rodata.NVIC_STIR_STIR_fields
                0x000000000800c3d8        0x8 build/monitor/decoder/STM32F411.o
                0x000000000800c3d8                NVIC_STIR_STIR_fields
 .rodata.NVIC_STIR_registers
                0x000000000800c3e0       0x10 build/monitor/decoder/STM32F411.o
                0x000000000800c3e0                NVIC_STIR_registers
 .rodata.NVIC_registers
                0x000000000800c3f0      0x230 build/monitor/decoder/STM32F411.o
                0x000000000800c3f0                NVIC_registers
 .rodata.OTG_FS_DEVICE_DIEPCTL1_fields
                0x000000000800c620       0x68 build/monitor/decoder/STM32F411.o
                0x000000000800c620                OTG_FS_DEVICE_DIEPCTL1_fields
 .rodata.OTG_FS_DEVICE_DIEPCTL2_fields
                0x000000000800c688       0x68 build/monitor/decoder/STM32F411.o
                0x000000000800c688                OTG_FS_DEVICE_DIEPCTL2_fields
 .rodata.OTG_FS_DEVICE_DIEPCTL3_fields
                0x000000000800c6f0       0x68 build/monitor/decoder/STM32F411.o
                0x000000000800c6f0                OTG_FS_DEVICE_DIEPCTL3_fields
 .rodata.OTG_FS_DEVICE_DIEPEMPMSK_fields
                0x000000000800c758        0x8 build/monitor/decoder/STM32F411.o
                0x000000000800c758                OTG_FS_DEVICE_DIEPEMPMSK_fields
 .rodata.OTG_FS_DEVICE_DIEPINT0_fields
                0x000000000800c760       0x30 build/monitor/decoder/STM32F411.o
                0x000000000800c760                OTG_FS_DEVICE_DIEPINT0_fields
 .rodata.OTG_FS_DEVICE_DIEPINT1_fields
                0x000000000800c790       0x30 build/monitor/decoder/STM32F411.o
                0x000000000800c790                OTG_FS_DEVICE_DIEPINT1_fields
 .rodata.OTG_FS_DEVICE_DIEPINT2_fields
                0x000000000800c7c0       0x30 build/monitor/decoder/STM32F411.o
                0x000000000800c7c0                OTG_FS_DEVICE_DIEPINT2_fields
 .rodata.OTG_FS_DEVICE_DIEPINT3_fields
                0x000000000800c7f0       0x30 build/monitor/decoder/STM32F411.o
                0x000000000800c7f0                OTG_FS_DEVICE_DIEPINT3_fields
 .rodata.OTG_FS_DEVICE_DIEPTSIZ0_fields
                0x000000000800c820       0x10 build/monitor/decoder/STM32F411.o
                0x000000000800c820                OTG_FS_DEVICE_DIEPTSIZ0_fields
 .rodata.OTG_FS_DEVICE_DIEPTSIZ1_fields
                0x000000000800c830       0x18 build/monitor/decoder/STM32F411.o
                0x000000000800c830                OTG_FS_DEVICE_DIEPTSIZ1_fields
 .rodata.OTG_FS_DEVICE_DIEPTSIZ2_fields
                0x000000000800c848       0x18 build/monitor/decoder/STM32F411.o
                0x000000000800c848                OTG_FS_DEVICE_DIEPTSIZ2_fields
 .rodata.OTG_FS_DEVICE_DIEPTSIZ3_fields
                0x000000000800c860       0x18 build/monitor/decoder/STM32F411.o
                0x000000000800c860                OTG_FS_DEVICE_DIEPTSIZ3_fields
 .rodata.OTG_FS_DEVICE_DOEPCTL0_fields
                0x000000000800c878       0x50 build/monitor/decoder/STM32F411.o
                0x000000000800c878                OTG_FS_DEVICE_DOEPCTL0_fields
 .rodata.OTG_FS_DEVICE_DOEPCTL1_fields
                0x000000000800c8c8       0x68 build/monitor/decoder/STM32F411.o
                0x000000000800c8c8                OTG_FS_DEVICE_DOEPCTL1_fields
 .rodata.OTG_FS_DEVICE_DOEPCTL2_fields
                0x000000000800c930       0x68 build/monitor/decoder/STM32F411.o
                0x000000000800c930                OTG_FS_DEVICE_DOEPCTL2_fields
 .rodata.OTG_FS_DEVICE_DOEPCTL3_fields
                0x000000000800c998       0x68 build/monitor/decoder/STM32F411.o
                0x000000000800c998                OTG_FS_DEVICE_DOEPCTL3_fields
 .rodata.OTG_FS_DEVICE_DOEPINT0_fields
                0x000000000800ca00       0x28 build/monitor/decoder/STM32F411.o
                0x000000000800ca00                OTG_FS_DEVICE_DOEPINT0_fields
 .rodata.OTG_FS_DEVICE_DOEPINT1_fields
                0x000000000800ca28       0x28 build/monitor/decoder/STM32F411.o
                0x000000000800ca28                OTG_FS_DEVICE_DOEPINT1_fields
 .rodata.OTG_FS_DEVICE_DOEPINT2_fields
                0x000000000800ca50       0x28 build/monitor/decoder/STM32F411.o
                0x000000000800ca50                OTG_FS_DEVICE_DOEPINT2_fields
 .rodata.OTG_FS_DEVICE_DOEPINT3_fields
                0x000000000800ca78       0x28 build/monitor/decoder/STM32F411.o
                0x000000000800ca78                OTG_FS_DEVICE_DOEPINT3_fields
 .rodata.OTG_FS_DEVICE_DOEPTSIZ0_fields
                0x000000000800caa0       0x18 build/monitor/decoder/STM32F411.o